Component: ARM Compiler 5.06 update 3 (build 300) Tool: armlink [4d35c9]

==============================================================================

Section Cross References

    stm32f4xx_hal_cortex.o(i.HAL_NVIC_GetPriorityGrouping) refers to stm32f4xx_hal_cortex.o(i.NVIC_GetPriorityGrouping) for NVIC_GetPriorityGrouping
    stm32f4xx_hal_cortex.o(i.HAL_NVIC_SetPriority) refers to stm32f4xx_hal_cortex.o(i.NVIC_GetPriorityGrouping) for NVIC_GetPriorityGrouping
    stm32f4xx_hal_cortex.o(i.HAL_NVIC_SetPriority) refers to stm32f4xx_hal_cortex.o(i.NVIC_SetPriority) for NVIC_SetPriority
    stm32f4xx_hal_cortex.o(i.HAL_SYSTICK_Config) refers to stm32f4xx_hal_cortex.o(i.NVIC_SetPriority) for NVIC_SetPriority
    stm32f4xx_hal_cortex.o(i.HAL_SYSTICK_IRQHandler) refers to stm32f4xx_hal_cortex.o(i.HAL_SYSTICK_Callback) for HAL_SYSTICK_Callback
    stm32f4xx_hal_flash.o(i.FLASH_SetErrorCode) refers to stm32f4xx_hal_flash.o(.bss) for pFlash
    stm32f4xx_hal_flash.o(i.FLASH_WaitForLastOperation) refers to stm32f4xx_hal.o(i.HAL_GetTick) for HAL_GetTick
    stm32f4xx_hal_flash.o(i.FLASH_WaitForLastOperation) refers to stm32f4xx_hal_flash.o(i.FLASH_SetErrorCode) for FLASH_SetErrorCode
    stm32f4xx_hal_flash.o(i.FLASH_WaitForLastOperation) refers to stm32f4xx_hal_flash.o(.bss) for pFlash
    stm32f4xx_hal_flash.o(i.HAL_FLASH_GetError) refers to stm32f4xx_hal_flash.o(.bss) for pFlash
    stm32f4xx_hal_flash.o(i.HAL_FLASH_IRQHandler) refers to stm32f4xx_hal_flash.o(i.FLASH_SetErrorCode) for FLASH_SetErrorCode
    stm32f4xx_hal_flash.o(i.HAL_FLASH_IRQHandler) refers to stm32f4xx_hal_flash.o(i.HAL_FLASH_OperationErrorCallback) for HAL_FLASH_OperationErrorCallback
    stm32f4xx_hal_flash.o(i.HAL_FLASH_IRQHandler) refers to stm32f4xx_hal_flash.o(i.HAL_FLASH_EndOfOperationCallback) for HAL_FLASH_EndOfOperationCallback
    stm32f4xx_hal_flash.o(i.HAL_FLASH_IRQHandler) refers to stm32f4xx_hal_flash_ex.o(i.FLASH_Erase_Sector) for FLASH_Erase_Sector
    stm32f4xx_hal_flash.o(i.HAL_FLASH_IRQHandler) refers to stm32f4xx_hal_flash_ex.o(i.FLASH_FlushCaches) for FLASH_FlushCaches
    stm32f4xx_hal_flash.o(i.HAL_FLASH_IRQHandler) refers to stm32f4xx_hal_flash.o(.bss) for pFlash
    stm32f4xx_hal_flash.o(i.HAL_FLASH_OB_Launch) refers to stm32f4xx_hal_flash.o(i.FLASH_WaitForLastOperation) for FLASH_WaitForLastOperation
    stm32f4xx_hal_flash.o(i.HAL_FLASH_Program) refers to stm32f4xx_hal_flash.o(i.FLASH_WaitForLastOperation) for FLASH_WaitForLastOperation
    stm32f4xx_hal_flash.o(i.HAL_FLASH_Program) refers to stm32f4xx_hal_flash.o(i.FLASH_Program_Byte) for FLASH_Program_Byte
    stm32f4xx_hal_flash.o(i.HAL_FLASH_Program) refers to stm32f4xx_hal_flash.o(i.FLASH_Program_HalfWord) for FLASH_Program_HalfWord
    stm32f4xx_hal_flash.o(i.HAL_FLASH_Program) refers to stm32f4xx_hal_flash.o(i.FLASH_Program_Word) for FLASH_Program_Word
    stm32f4xx_hal_flash.o(i.HAL_FLASH_Program) refers to stm32f4xx_hal_flash.o(i.FLASH_Program_DoubleWord) for FLASH_Program_DoubleWord
    stm32f4xx_hal_flash.o(i.HAL_FLASH_Program) refers to stm32f4xx_hal_flash.o(.bss) for pFlash
    stm32f4xx_hal_flash.o(i.HAL_FLASH_Program_IT) refers to stm32f4xx_hal_flash.o(i.FLASH_Program_Byte) for FLASH_Program_Byte
    stm32f4xx_hal_flash.o(i.HAL_FLASH_Program_IT) refers to stm32f4xx_hal_flash.o(i.FLASH_Program_HalfWord) for FLASH_Program_HalfWord
    stm32f4xx_hal_flash.o(i.HAL_FLASH_Program_IT) refers to stm32f4xx_hal_flash.o(i.FLASH_Program_Word) for FLASH_Program_Word
    stm32f4xx_hal_flash.o(i.HAL_FLASH_Program_IT) refers to stm32f4xx_hal_flash.o(i.FLASH_Program_DoubleWord) for FLASH_Program_DoubleWord
    stm32f4xx_hal_flash.o(i.HAL_FLASH_Program_IT) refers to stm32f4xx_hal_flash.o(.bss) for pFlash
    stm32f4xx_hal_pwr_ex.o(i.HAL_PWREx_ControlVoltageScaling) refers to stm32f4xx_hal.o(i.HAL_GetTick) for HAL_GetTick
    stm32f4xx_hal_pwr_ex.o(i.HAL_PWREx_DisableBkUpReg) refers to stm32f4xx_hal.o(i.HAL_GetTick) for HAL_GetTick
    stm32f4xx_hal_pwr_ex.o(i.HAL_PWREx_EnableBkUpReg) refers to stm32f4xx_hal.o(i.HAL_GetTick) for HAL_GetTick
    stm32f4xx_hal.o(i.HAL_DeInit) refers to stm32f4xx_hal.o(i.HAL_MspDeInit) for HAL_MspDeInit
    stm32f4xx_hal.o(i.HAL_Delay) refers to stm32f4xx_hal.o(i.HAL_GetTick) for HAL_GetTick
    stm32f4xx_hal.o(i.HAL_GetTick) refers to stm32f4xx_hal.o(.data) for uwTick
    stm32f4xx_hal.o(i.HAL_IncTick) refers to stm32f4xx_hal.o(.data) for uwTick
    stm32f4xx_hal.o(i.HAL_Init) refers to stm32f4xx_hal_cortex.o(i.HAL_NVIC_SetPriorityGrouping) for HAL_NVIC_SetPriorityGrouping
    stm32f4xx_hal.o(i.HAL_Init) refers to stm32f4xx_hal_timebase_tim.o(i.HAL_InitTick) for HAL_InitTick
    stm32f4xx_hal.o(i.HAL_Init) refers to stm32f4xx_hal_msp.o(i.HAL_MspInit) for HAL_MspInit
    stm32f4xx_hal.o(i.HAL_InitTick) refers to stm32f4xx_hal_cortex.o(i.HAL_SYSTICK_Config) for HAL_SYSTICK_Config
    stm32f4xx_hal.o(i.HAL_InitTick) refers to stm32f4xx_hal_cortex.o(i.HAL_NVIC_SetPriority) for HAL_NVIC_SetPriority
[...]
    motorCmd                                 0x2000004e   Data           8  uartpccommreceiver.o(.data)
    .data                                    0x20000058   Section        4  ultrasonic.o(.data)
    .data                                    0x2000005c   Section        4  system_stm32f4xx.o(.data)
    .data                                    0x20000060   Section       60  tasks.o(.data)
    pxDelayedTaskList                        0x20000064   Data           4  tasks.o(.data)
    pxOverflowDelayedTaskList                0x20000068   Data           4  tasks.o(.data)
    uxDeletedTasksWaitingCleanUp             0x2000006c   Data           4  tasks.o(.data)
    uxCurrentNumberOfTasks                   0x20000070   Data           4  tasks.o(.data)
    xTickCount                               0x20000074   Data           4  tasks.o(.data)
    uxTopReadyPriority                       0x20000078   Data           4  tasks.o(.data)
    xSchedulerRunning                        0x2000007c   Data           4  tasks.o(.data)
    uxPendedTicks                            0x20000080   Data           4  tasks.o(.data)
    xYieldPending                            0x20000084   Data           4  tasks.o(.data)
    xNumOfOverflows                          0x20000088   Data           4  tasks.o(.data)
    uxTaskNumber                             0x2000008c   Data           4  tasks.o(.data)
    xNextTaskUnblockTime                     0x20000090   Data           4  tasks.o(.data)
    xIdleTaskHandle                          0x20000094   Data           4  tasks.o(.data)
    uxSchedulerSuspended                     0x20000098   Data           4  tasks.o(.data)
    .data                                    0x2000009c   Section       12  port.o(.data)
    uxCriticalNesting                        0x2000009c   Data           4  port.o(.data)
    ucMaxSysCallPriority                     0x200000a0   Data           1  port.o(.data)
    ulMaxPRIGROUPValue                       0x200000a4   Data           4  port.o(.data)
    .data                                    0x200000a8   Section       24  heap_4.o(.data)
    xStart                                   0x200000a8   Data           8  heap_4.o(.data)
    pxEnd                                    0x200000b0   Data           4  heap_4.o(.data)
    xFreeBytesRemaining                      0x200000b4   Data           4  heap_4.o(.data)
    xMinimumEverFreeBytesRemaining           0x200000b8   Data           4  heap_4.o(.data)
    xBlockAllocatedBit                       0x200000bc   Data           4  heap_4.o(.data)
    .data                                    0x200000c0   Section       24  value.o(.data)
    the_true                                 0x200000c0   Data           8  value.o(.data)
    the_false                                0x200000c8   Data           8  value.o(.data)
    the_null                                 0x200000d0   Data           8  value.o(.data)
    .data                                    0x200000d8   Section        8  memory.o(.data)
    do_malloc                                0x200000d8   Data           4  memory.o(.data)
    do_free                                  0x200000dc   Data           4  memory.o(.data)
    .data                                    0x200000e0   Section        4  hashtable_seed.o(.data)
    .data                                    0x200000e4   Section        4  errno.o(.data)
    _errno                                   0x200000e4   Data           4  errno.o(.data)
    .data                                    0x200000e8   Section        4  mvars.o(.data)
    .data                                    0x200000ec   Section        4  mvars.o(.data)
    .bss                                     0x200000f0   Section      712  main.o(.bss)
    .bss                                     0x200003b8   Section       60  stm32f4xx_hal_timebase_tim.o(.bss)
    .bss                                     0x200003f4   Section     1024  uartpccommreceiver.o(.bss)
    jsonRxBuffer                             0x200003f4   Data        1024  uartpccommreceiver.o(.bss)
    .bss                                     0x200007f4   Section       32  ultrasonic.o(.bss)
    .bss                                     0x20000814   Section      240  tasks.o(.bss)
    pxReadyTasksLists                        0x20000814   Data         140  tasks.o(.bss)
    xDelayedTaskList1                        0x200008a0   Data          20  tasks.o(.bss)
    xDelayedTaskList2                        0x200008b4   Data          20  tasks.o(.bss)
    xPendingReadyList                        0x200008c8   Data          20  tasks.o(.bss)
    xTasksWaitingTermination                 0x200008dc   Data          20  tasks.o(.bss)
    xSuspendedTaskList                       0x200008f0   Data          20  tasks.o(.bss)
    .bss                                     0x20000904   Section    15360  heap_4.o(.bss)
    ucHeap                                   0x20000904   Data       15360  heap_4.o(.bss)
    HEAP                                     0x20004508   Section      512  startup_stm32f401xe.o(HEAP)
    STACK                                    0x20004708   Section     1024  startup_stm32f401xe.o(STACK)

    Global Symbols

    Symbol Name                              Value     Ov Type        Size  Object(Section)

    BuildAttributes$$THM_ISAv4$E$P$D$K$B$S$7EM$VFPi3$EXTD16$VFPS$VFMA$PE$A:L22UL41UL21$X:L11$S22US41US21$IEEE1$IW$USESV6$~STKCKD$USESV7$~SHL$OTIME$ROPI$IEEEJ$EBA8$MICROLIB$REQ8$PRES8$EABIv2 0x00000000   Number         0  anon$$obj.o ABSOLUTE
    __ARM_use_no_argv                        0x00000000   Number         0  main.o ABSOLUTE
    _printf_a                                0x00000000   Number         0  stubs.o ABSOLUTE
    _printf_c                                0x00000000   Number         0  stubs.o ABSOLUTE
    _printf_charcount                        0x00000000   Number         0  stubs.o ABSOLUTE
    _printf_d                                0x00000000   Number         0  stubs.o ABSOLUTE
    _printf_e                                0x00000000   Number         0  stubs.o ABSOLUTE
    _printf_f                                0x00000000   Number         0  stubs.o ABSOLUTE
    _printf_flags                            0x00000000   Number         0  stubs.o ABSOLUTE
    _printf_fp_dec                           0x00000000   Number         0  stubs.o ABSOLUTE
    _printf_fp_hex                           0x00000000   Number         0  stubs.o ABSOLUTE
    _printf_g                                0x00000000   Number         0  stubs.o ABSOLUTE
    _printf_i                                0x00000000   Number         0  stubs.o ABSOLUTE
    _printf_int_dec                          0x00000000   Number         0  stubs.o ABSOLUTE
    _printf_l                                0x00000000   Number         0  stubs.o ABSOLUTE
    _printf_lc                               0x00000000   Number         0  stubs.o ABSOLUTE
    _printf_ll                               0x00000000   Number         0  stubs.o ABSOLUTE
    _printf_lld                              0x00000000   Number         0  stubs.o ABSOLUTE
    _printf_lli                              0x00000000   Number         0  stubs.o ABSOLUTE
    _printf_llo                              0x00000000   Number         0  stubs.o ABSOLUTE
    _printf_llu                              0x00000000   Number         0  stubs.o ABSOLUTE
    _printf_llx                              0x00000000   Number         0  stubs.o ABSOLUTE
    _printf_longlong_dec                     0x00000000   Number         0  stubs.o ABSOLUTE
    _printf_longlong_hex                     0x00000000   Number         0  stubs.o ABSOLUTE
    _printf_longlong_oct                     0x00000000   Number         0  stubs.o ABSOLUTE
    _printf_ls                               0x00000000   Number         0  stubs.o ABSOLUTE
    _printf_mbtowc                           0x00000000   Number         0  stubs.o ABSOLUTE
    _printf_n                                0x00000000   Number         0  stubs.o ABSOLUTE
    _printf_o                                0x00000000   Number         0  stubs.o ABSOLUTE
    _printf_p                                0x00000000   Number         0  stubs.o ABSOLUTE
    _printf_percent                          0x00000000   Number         0  stubs.o ABSOLUTE
    _printf_pre_padding                      0x00000000   Number         0  stubs.o ABSOLUTE
    _printf_return_value                     0x00000000   Number         0  stubs.o ABSOLUTE
    _printf_s                                0x00000000   Number         0  stubs.o ABSOLUTE
    _printf_sizespec                         0x00000000   Number         0  stubs.o ABSOLUTE
    _printf_str                              0x00000000   Number         0  stubs.o ABSOLUTE
    _printf_truncate_signed                  0x00000000   Number         0  stubs.o ABSOLUTE
    _printf_truncate_unsigned                0x00000000   Number         0  stubs.o ABSOLUTE
    _printf_u                                0x00000000   Number         0  stubs.o ABSOLUTE
    _printf_wc                               0x00000000   Number         0  stubs.o ABSOLUTE
    _printf_wctomb                           0x00000000   Number         0  stubs.o ABSOLUTE
    _printf_widthprec                        0x00000000   Number         0  stubs.o ABSOLUTE
    _printf_x                                0x00000000   Number         0  stubs.o ABSOLUTE
    __cpp_initialize__aeabi_                  - Undefined Weak Reference
    __cxa_finalize                            - Undefined Weak Reference
    __decompress                              - Undefined Weak Reference
    _clock_init                               - Undefined Weak Reference
    _microlib_exit                            - Undefined Weak Reference
    __Vectors_Size                           0x00000194   Number         0  startup_stm32f401xe.o ABSOLUTE
    __Vectors                                0x08000000   Data           4  startup_stm32f401xe.o(RESET)
    __Vectors_End                            0x08000194   Data           0  startup_stm32f401xe.o(RESET)
    __main                                   0x08000195   Thumb Code     0  entry.o(.ARM.Collect$$$$00000000)
    _main_stk                                0x08000195   Thumb Code     0  entry2.o(.ARM.Collect$$$$00000001)
    _main_scatterload                        0x08000199   Thumb Code     0  entry5.o(.ARM.Collect$$$$00000004)
    __main_after_scatterload                 0x0800019d   Thumb Code     0  entry5.o(.ARM.Collect$$$$00000004)
    _main_clock                              0x0800019d   Thumb Code     0  entry7b.o(.ARM.Collect$$$$00000008)
    _main_cpp_init                           0x0800019d   Thumb Code     0  entry8b.o(.ARM.Collect$$$$0000000A)
    _main_init                               0x0800019d   Thumb Code     0  entry9a.o(.ARM.Collect$$$$0000000B)
    __rt_final_cpp                           0x080001a5   Thumb Code     0  entry10a.o(.ARM.Collect$$$$0000000D)
    __rt_final_exit                          0x080001a5   Thumb Code     0  entry11a.o(.ARM.Collect$$$$0000000F)
    SVC_Handler                              0x080001a9   Thumb Code    28  port.o(.emb_text)
    __asm___6_port_c_39a90d8d__prvStartFirstTask 0x080001c9   Thumb Code    28  port.o(.emb_text)
    __asm___6_port_c_39a90d8d__prvEnableVFP  0x080001e9   Thumb Code    16  port.o(.emb_text)
    PendSV_Handler                           0x080001fd   Thumb Code    92  port.o(.emb_text)
    vPortGetIPSR                             0x0800025d   Thumb Code     6  port.o(.emb_text)
    Reset_Handler                            0x08000265   Thumb Code     8  startup_stm32f401xe.o(.text)
    ADC_IRQHandler                           0x0800027f   Thumb Code     0  startup_stm32f401xe.o(.text)
    DMA1_Stream0_IRQHandler                  0x0800027f   Thumb Code     0  startup_stm32f401xe.o(.text)
    DMA1_Stream1_IRQHandler                  0x0800027f   Thumb Code     0  startup_stm32f401xe.o(.text)
    DMA1_Stream2_IRQHandler                  0x0800027f   Thumb Code     0  startup_stm32f401xe.o(.text)
    DMA1_Stream3_IRQHandler                  0x0800027f   Thumb Code     0  startup_stm32f401xe.o(.text)
    DMA1_Stream4_IRQHandler                  0x0800027f   Thumb Code     0  startup_stm32f401xe.o(.text)
    DMA1_Stream7_IRQHandler                  0x0800027f   Thumb Code     0  startup_stm32f401xe.o(.text)
    DMA2_Stream0_IRQHandler                  0x0800027f   Thumb Code     0  startup_stm32f401xe.o(.text)
    DMA2_Stream1_IRQHandler                  0x0800027f   Thumb Code     0  startup_stm32f401xe.o(.text)
    DMA2_Stream3_IRQHandler                  0x0800027f   Thumb Code     0  startup_stm32f401xe.o(.text)
    DMA2_Stream4_IRQHandler                  0x0800027f   Thumb Code     0  startup_stm32f401xe.o(.text)
    DMA2_Stream5_IRQHandler                  0x0800027f   Thumb Code     0  startup_stm32f401xe.o(.text)
    DMA2_Stream6_IRQHandler                  0x0800027f   Thumb Code     0  startup_stm32f401xe.o(.text)
    EXTI0_IRQHandler                         0x0800027f   Thumb Code     0  startup_stm32f401xe.o(.text)
    EXTI15_10_IRQHandler                     0x0800027f   Thumb Code     0  startup_stm32f401xe.o(.text)
    EXTI1_IRQHandler                         0x0800027f   Thumb Code     0  startup_stm32f401xe.o(.text)
    EXTI2_IRQHandler                         0x0800027f   Thumb Code     0  startup_stm32f401xe.o(.text)
    EXTI3_IRQHandler                         0x0800027f   Thumb Code     0  startup_stm32f401xe.o(.text)
    EXTI4_IRQHandler                         0x0800027f   Thumb Code     0  startup_stm32f401xe.o(.text)
    EXTI9_5_IRQHandler                       0x0800027f   Thumb Code     0  startup_stm32f401xe.o(.text)
    FLASH_IRQHandler                         0x0800027f   Thumb Code     0  startup_stm32f401xe.o(.text)
    FPU_IRQHandler                           0x0800027f   Thumb Code     0  startup_stm32f401xe.o(.text)
    I2C1_ER_IRQHandler                       0x0800027f   Thumb Code     0  startup_stm32f401xe.o(.text)
    I2C1_EV_IRQHandler                       0x0800027f   Thumb Code     0  startup_stm32f401xe.o(.text)
    I2C2_ER_IRQHandler                       0x0800027f   Thumb Code     0  startup_stm32f401xe.o(.text)
    I2C2_EV_IRQHandler                       0x0800027f   Thumb Code     0  startup_stm32f401xe.o(.text)
    I2C3_ER_IRQHandler                       0x0800027f   Thumb Code     0  startup_stm32f401xe.o(.text)
    I2C3_EV_IRQHandler                       0x0800027f   Thumb Code     0  startup_stm32f401xe.o(.text)
    OTG_FS_IRQHandler                        0x0800027f   Thumb Code     0  startup_stm32f401xe.o(.text)
    OTG_FS_WKUP_IRQHandler                   0x0800027f   Thumb Code     0  startup_stm32f401xe.o(.text)
    PVD_IRQHandler                           0x0800027f   Thumb Code     0  startup_stm32f401xe.o(.text)
    RCC_IRQHandler                           0x0800027f   Thumb Code     0  startup_stm32f401xe.o(.text)
    RTC_Alarm_IRQHandler                     0x0800027f   Thumb Code     0  startup_stm32f401xe.o(.text)
    RTC_WKUP_IRQHandler                      0x0800027f   Thumb Code     0  startup_stm32f401xe.o(.text)
    SDIO_IRQHandler                          0x0800027f   Thumb Code     0  startup_stm32f401xe.o(.text)
    SPI1_IRQHandler                          0x0800027f   Thumb Code     0  startup_stm32f401xe.o(.text)
    SPI2_IRQHandler                          0x0800027f   Thumb Code     0  startup_stm32f401xe.o(.text)
    SPI3_IRQHandler                          0x0800027f   Thumb Code     0  startup_stm32f401xe.o(.text)
    SPI4_IRQHandler                          0x0800027f   Thumb Code     0  startup_stm32f401xe.o(.text)
    TAMP_STAMP_IRQHandler                    0x0800027f   Thumb Code     0  startup_stm32f401xe.o(.text)
    TIM1_BRK_TIM9_IRQHandler                 0x0800027f   Thumb Code     0  startup_stm32f401xe.o(.text)
    TIM1_TRG_COM_TIM11_IRQHandler            0x0800027f   Thumb Code     0  startup_stm32f401xe.o(.text)
    TIM1_UP_TIM10_IRQHandler                 0x0800027f   Thumb Code     0  startup_stm32f401xe.o(.text)
    TIM3_IRQHandler                          0x0800027f   Thumb Code     0  startup_stm32f401xe.o(.text)
    TIM4_IRQHandler                          0x0800027f   Thumb Code     0  startup_stm32f401xe.o(.text)
    WWDG_IRQHandler                          0x0800027f   Thumb Code     0  startup_stm32f401xe.o(.text)
    __aeabi_uidiv                            0x08000289   Thumb Code     0  uidiv.o(.text)
    __aeabi_uidivmod                         0x08000289   Thumb Code    44  uidiv.o(.text)
    ___aeabi_memcpy8$move                    0x080002b5   Thumb Code     0  memmovea.o(.text)
    __aeabi_memcpy                           0x080002b5   Thumb Code    64  memmovea.o(.text)
    __aeabi_memcpy4                          0x080002b5   Thumb Code     0  memmovea.o(.text)
    __aeabi_memmove                          0x080002b5   Thumb Code     0  memmovea.o(.text)
    __aeabi_memmove4                         0x080002b5   Thumb Code     0  memmovea.o(.text)
    __aeabi_memmove8                         0x080002b5   Thumb Code     0  memmovea.o(.text)
    __aeabi_memset                           0x080002f5   Thumb Code    14  memseta.o(.text)
    __aeabi_memset4                          0x080002f5   Thumb Code     0  memseta.o(.text)
    __aeabi_memset8                          0x080002f5   Thumb Code     0  memseta.o(.text)
    __aeabi_memclr                           0x08000303   Thumb Code     4  memseta.o(.text)
    __aeabi_memclr4                          0x08000303   Thumb Code     0  memseta.o(.text)
    __aeabi_memclr8                          0x08000303   Thumb Code     0  memseta.o(.text)
    _memset$wrapper                          0x08000307   Thumb Code    18  memseta.o(.text)
    strcat                                   0x08000319   Thumb Code    24  strcat.o(.text)
    strlen                                   0x08000331   Thumb Code    14  strlen.o(.text)
    strcmp                                   0x0800033f   Thumb Code    28  strcmp.o(.text)
    memchr                                   0x0800035b   Thumb Code    20  memchr.o(.text)
    strcpy                                   0x0800036f   Thumb Code    18  strcpy.o(.text)
    calloc                                   0x08000381   Thumb Code    28  calloc.o(.text)
    strtoll                                  0x0800039d   Thumb Code     4  strtoll.o(.text)
    __aeabi_f2d                              0x080003a1   Thumb Code    38  f2d.o(.text)
    __aeabi_cdcmpeq                          0x080003c9   Thumb Code     0  cdcmple.o(.text)
    __aeabi_cdcmple                          0x080003c9   Thumb Code    48  cdcmple.o(.text)
    __aeabi_uldivmod                         0x080003f9   Thumb Code    98  uldiv.o(.text)
    __strtod_int                             0x08000493   Thumb Code    90  strtod.o(.text)
    __strtoll                                0x080004f9   Thumb Code   144  __strtoll.o(.text)
    __I$use$fp                               0x08000589   Thumb Code     0  iusefp.o(.text)
    _double_round                            0x08000589   Thumb Code    30  depilogue.o(.text)
    _double_epilogue                         0x080005a7   Thumb Code   156  depilogue.o(.text)
    __aeabi_dadd                             0x08000643   Thumb Code   322  dadd.o(.text)
    __aeabi_dsub                             0x08000785   Thumb Code     6  dadd.o(.text)
    __aeabi_drsub                            0x0800078b   Thumb Code     6  dadd.o(.text)
    __aeabi_dmul                             0x08000791   Thumb Code   228  dmul.o(.text)
    __aeabi_ddiv                             0x08000875   Thumb Code   222  ddiv.o(.text)
    __aeabi_d2ulz                            0x08000953   Thumb Code    48  dfixul.o(.text)
    __aeabi_cdrcmple                         0x08000985   Thumb Code    48  cdrcmple.o(.text)
    __scatterload                            0x080009b5   Thumb Code    28  init.o(.text)
    __scatterload_rt2                        0x080009b5   Thumb Code     0  init.o(.text)
    __aeabi_llsl                             0x080009d9   Thumb Code    30  llshl.o(.text)
    _ll_shift_l                              0x080009d9   Thumb Code     0  llshl.o(.text)
    __aeabi_llsr                             0x080009f7   Thumb Code    32  llushr.o(.text)
    _ll_ushift_r                             0x080009f7   Thumb Code     0  llushr.o(.text)
    __aeabi_lasr                             0x08000a17   Thumb Code    36  llsshr.o(.text)
    _ll_sshift_r                             0x08000a17   Thumb Code     0  llsshr.o(.text)
    __rt_ctype_table                         0x08000a3d   Thumb Code     4  ctype_o.o(.text)
    isspace                                  0x08000a45   Thumb Code    18  isspace_o.o(.text)
    _scanf_real                              0x08000b59   Thumb Code     0  scanf_fp.o(.text)
    _scanf_really_real                       0x08000b59   Thumb Code   556  scanf_fp.o(.text)
    _sgetc                                   0x08000d91   Thumb Code    30  _sgetc.o(.text)
    _sbackspace                              0x08000daf   Thumb Code    34  _sgetc.o(.text)
    _strtoull                                0x08000dd1   Thumb Code   194  _strtoull.o(.text)
    _chval                                   0x08000e93   Thumb Code    28  _chval.o(.text)
    __aeabi_ul2d                             0x08000eaf   Thumb Code    24  dfltul.o(.text)
    __aeabi_d2f                              0x08000ec7   Thumb Code    56  d2f.o(.text)
    _float_round                             0x08000eff   Thumb Code    18  fepilogue.o(.text)
    _float_epilogue                          0x08000f11   Thumb Code    92  fepilogue.o(.text)
    BusFault_Handler                         0x08000f6d   Thumb Code     4  stm32f4xx_it.o(i.BusFault_Handler)
    DMA1_Stream5_IRQHandler                  0x08000f71   Thumb Code    10  stm32f4xx_it.o(i.DMA1_Stream5_IRQHandler)
    DMA1_Stream6_IRQHandler                  0x08000f81   Thumb Code    10  stm32f4xx_it.o(i.DMA1_Stream6_IRQHandler)
    DMA2_Stream2_IRQHandler                  0x08000f91   Thumb Code    10  stm32f4xx_it.o(i.DMA2_Stream2_IRQHandler)
    DMA2_Stream7_IRQHandler                  0x08000fa1   Thumb Code    10  stm32f4xx_it.o(i.DMA2_Stream7_IRQHandler)
    DebugMon_Handler                         0x080010bb   Thumb Code     2  stm32f4xx_it.o(i.DebugMon_Handler)
    GeneratePackage                          0x080010bd   Thumb Code    40  motor.o(i.GeneratePackage)
    HAL_DMA_Abort_IT                         0x080010e5   Thumb Code    40  stm32f4xx_hal_dma.o(i.HAL_DMA_Abort_IT)
    HAL_DMA_IRQHandler                       0x0800110d   Thumb Code   574  stm32f4xx_hal_dma.o(i.HAL_DMA_IRQHandler)
    HAL_DMA_Init                             0x08001355   Thumb Code   232  stm32f4xx_hal_dma.o(i.HAL_DMA_Init)
    HAL_DMA_Start_IT                         0x08001441   Thumb Code   158  stm32f4xx_hal_dma.o(i.HAL_DMA_Start_IT)
    HAL_GPIO_Init                            0x080014e1   Thumb Code   436  stm32f4xx_hal_gpio.o(i.HAL_GPIO_Init)
    HAL_GPIO_WritePin                        0x080016b5   Thumb Code    12  stm32f4xx_hal_gpio.o(i.HAL_GPIO_WritePin)
    HAL_GetTick                              0x080016c1   Thumb Code     6  stm32f4xx_hal.o(i.HAL_GetTick)
    HAL_IncTick                              0x080016cd   Thumb Code    12  stm32f4xx_hal.o(i.HAL_IncTick)
    HAL_Init                                 0x080016dd   Thumb Code    54  stm32f4xx_hal.o(i.HAL_Init)
    HAL_InitTick                             0x08001719   Thumb Code   122  stm32f4xx_hal_timebase_tim.o(i.HAL_InitTick)
    HAL_MspInit                              0x080017a5   Thumb Code    86  stm32f4xx_hal_msp.o(i.HAL_MspInit)
    HAL_NVIC_EnableIRQ                       0x080017fb   Thumb Code    26  stm32f4xx_hal_cortex.o(i.HAL_NVIC_EnableIRQ)
    HAL_NVIC_SetPriority                     0x08001815   Thumb Code   124  stm32f4xx_hal_cortex.o(i.HAL_NVIC_SetPriority)
    HAL_NVIC_SetPriorityGrouping             0x08001891   Thumb Code    32  stm32f4xx_hal_cortex.o(i.HAL_NVIC_SetPriorityGrouping)
    HAL_RCC_ClockConfig                      0x080018b9   Thumb Code   446  stm32f4xx_hal_rcc.o(i.HAL_RCC_ClockConfig)
    HAL_RCC_GetClockConfig                   0x08001a89   Thumb Code    58  stm32f4xx_hal_rcc.o(i.HAL_RCC_GetClockConfig)
    HAL_RCC_GetHCLKFreq                      0x08001acd   Thumb Code     6  stm32f4xx_hal_rcc.o(i.HAL_RCC_GetHCLKFreq)
    HAL_RCC_GetPCLK1Freq                     0x08001ad9   Thumb Code    36  stm32f4xx_hal_rcc.o(i.HAL_RCC_GetPCLK1Freq)
    HAL_RCC_GetPCLK2Freq                     0x08001b05   Thumb Code    36  stm32f4xx_hal_rcc.o(i.HAL_RCC_GetPCLK2Freq)
    HAL_RCC_GetSysClockFreq                  0x08001b31   Thumb Code   168  stm32f4xx_hal_rcc.o(i.HAL_RCC_GetSysClockFreq)
    HAL_RCC_OscConfig                        0x08001be5   Thumb Code  1090  stm32f4xx_hal_rcc.o(i.HAL_RCC_OscConfig)
    HAL_SYSTICK_CLKSourceConfig              0x08002031   Thumb Code    40  stm32f4xx_hal_cortex.o(i.HAL_SYSTICK_CLKSourceConfig)
    HAL_SYSTICK_Config                       0x08002059   Thumb Code    52  stm32f4xx_hal_cortex.o(i.HAL_SYSTICK_Config)
    HAL_TIMEx_BreakCallback                  0x0800208d   Thumb Code     2  stm32f4xx_hal_tim_ex.o(i.HAL_TIMEx_BreakCallback)
    HAL_TIMEx_CommutationCallback            0x0800208f   Thumb Code     2  stm32f4xx_hal_tim_ex.o(i.HAL_TIMEx_CommutationCallback)
    HAL_TIMEx_MasterConfigSynchronization    0x08002091   Thumb Code    98  stm32f4xx_hal_tim_ex.o(i.HAL_TIMEx_MasterConfigSynchronization)
    HAL_TIM_Base_Init                        0x080020f3   Thumb Code    52  stm32f4xx_hal_tim.o(i.HAL_TIM_Base_Init)
    HAL_TIM_Base_MspInit                     0x08002127   Thumb Code     2  stm32f4xx_hal_tim.o(i.HAL_TIM_Base_MspInit)
    HAL_TIM_Base_Start_IT                    0x08002129   Thumb Code    30  stm32f4xx_hal_tim.o(i.HAL_TIM_Base_Start_IT)
    HAL_TIM_IC_CaptureCallback               0x08002149   Thumb Code   102  main.o(i.HAL_TIM_IC_CaptureCallback)
    HAL_TIM_IC_ConfigChannel                 0x080021b9   Thumb Code   224  stm32f4xx_hal_tim.o(i.HAL_TIM_IC_ConfigChannel)
    HAL_TIM_IC_Init                          0x08002299   Thumb Code    52  stm32f4xx_hal_tim.o(i.HAL_TIM_IC_Init)
    HAL_TIM_IC_MspInit                       0x080022cd   Thumb Code    94  stm32f4xx_hal_msp.o(i.HAL_TIM_IC_MspInit)
    HAL_TIM_IC_Start_IT                      0x08002339   Thumb Code   108  stm32f4xx_hal_tim.o(i.HAL_TIM_IC_Start_IT)
    HAL_TIM_IRQHandler                       0x080023a5   Thumb Code   406  stm32f4xx_hal_tim.o(i.HAL_TIM_IRQHandler)
    HAL_TIM_MspPostInit                      0x0800253d   Thumb Code    46  stm32f4xx_hal_msp.o(i.HAL_TIM_MspPostInit)
    HAL_TIM_OC_DelayElapsedCallback          0x08002571   Thumb Code    64  main.o(i.HAL_TIM_OC_DelayElapsedCallback)
    HAL_TIM_PWM_ConfigChannel                0x080025bd   Thumb Code   264  stm32f4xx_hal_tim.o(i.HAL_TIM_PWM_ConfigChannel)
    HAL_TIM_PWM_Init                         0x080026c5   Thumb Code    52  stm32f4xx_hal_tim.o(i.HAL_TIM_PWM_Init)
    HAL_TIM_PWM_MspInit                      0x080026f9   Thumb Code    62  stm32f4xx_hal_msp.o(i.HAL_TIM_PWM_MspInit)
    HAL_TIM_PWM_PulseFinishedCallback        0x0800273d   Thumb Code     2  stm32f4xx_hal_tim.o(i.HAL_TIM_PWM_PulseFinishedCallback)
    HAL_TIM_PWM_Start_IT                     0x08002741   Thumb Code   136  stm32f4xx_hal_tim.o(i.HAL_TIM_PWM_Start_IT)
    HAL_TIM_PeriodElapsedCallback            0x080027cd   Thumb Code    18  main.o(i.HAL_TIM_PeriodElapsedCallback)
    HAL_TIM_TriggerCallback                  0x080027e5   Thumb Code     2  stm32f4xx_hal_tim.o(i.HAL_TIM_TriggerCallback)
    HAL_UART_ErrorCallback                   0x080027e7   Thumb Code     2  stm32f4xx_hal_uart.o(i.HAL_UART_ErrorCallback)
    HAL_UART_IRQHandler                      0x080027e9   Thumb Code   326  stm32f4xx_hal_uart.o(i.HAL_UART_IRQHandler)
    HAL_UART_Init                            0x08002935   Thumb Code   114  stm32f4xx_hal_uart.o(i.HAL_UART_Init)
    HAL_UART_MspInit                         0x080029a9   Thumb Code   546  stm32f4xx_hal_msp.o(i.HAL_UART_MspInit)
    HAL_UART_Receive_DMA                     0x08002c1d   Thumb Code   182  stm32f4xx_hal_uart.o(i.HAL_UART_Receive_DMA)
    HAL_UART_RxCpltCallback                  0x08002ce1   Thumb Code    16  stm32f4xx_it.o(i.HAL_UART_RxCpltCallback)
    HAL_UART_RxHalfCpltCallback              0x08002cf5   Thumb Code    16  stm32f4xx_it.o(i.HAL_UART_RxHalfCpltCallback)
    HAL_UART_Transmit                        0x08002d09   Thumb Code   214  stm32f4xx_hal_uart.o(i.HAL_UART_Transmit)
    HAL_UART_Transmit_DMA                    0x08002de1   Thumb Code   142  stm32f4xx_hal_uart.o(i.HAL_UART_Transmit_DMA)
    HAL_UART_TxCpltCallback                  0x08002e7d   Thumb Code     2  stm32f4xx_hal_uart.o(i.HAL_UART_TxCpltCallback)
    HAL_UART_TxHalfCpltCallback              0x08002e7f   Thumb Code     2  stm32f4xx_hal_uart.o(i.HAL_UART_TxHalfCpltCallback)
    HardFault_Handler                        0x08002e81   Thumb Code     4  stm32f4xx_it.o(i.HardFault_Handler)
    MemManage_Handler                        0x080031f9   Thumb Code     4  stm32f4xx_it.o(i.MemManage_Handler)
    MoveMotor                                0x080031fd   Thumb Code   138  motor.o(i.MoveMotor)
    NMI_Handler                              0x0800328d   Thumb Code     2  stm32f4xx_it.o(i.NMI_Handler)
    StartDefaultTask                         0x080032c9   Thumb Code    10  main.o(i.StartDefaultTask)
    StartMotorControl                        0x080032d5   Thumb Code    70  main.o(i.StartMotorControl)
    SysTick_Handler                          0x08003321   Thumb Code     8  stm32f4xx_it.o(i.SysTick_Handler)
    SystemClock_Config                       0x08003329   Thumb Code   174  main.o(i.SystemClock_Config)
    SystemInit                               0x080033f1   Thumb Code    82  system_stm32f4xx.o(i.SystemInit)
    TIM1_CC_IRQHandler                       0x08003455   Thumb Code    10  stm32f4xx_it.o(i.TIM1_CC_IRQHandler)
    TIM2_IRQHandler                          0x08003465   Thumb Code    10  stm32f4xx_it.o(i.TIM2_IRQHandler)
    TIM5_IRQHandler                          0x08003475   Thumb Code    10  stm32f4xx_it.o(i.TIM5_IRQHandler)
    TIM_Base_SetConfig                       0x08003485   Thumb Code   148  stm32f4xx_hal_tim.o(i.TIM_Base_SetConfig)
    TIM_CCxChannelCmd                        0x08003535   Thumb Code    28  stm32f4xx_hal_tim.o(i.TIM_CCxChannelCmd)
    TIM_OC2_SetConfig                        0x080035b5   Thumb Code   106  stm32f4xx_hal_tim.o(i.TIM_OC2_SetConfig)
    TIM_TI1_SetConfig                        0x080036e9   Thumb Code   110  stm32f4xx_hal_tim.o(i.TIM_TI1_SetConfig)
    USART1_IRQHandler                        0x08003e4d   Thumb Code    10  stm32f4xx_it.o(i.USART1_IRQHandler)
    USART2_IRQHandler                        0x08003e5d   Thumb Code    10  stm32f4xx_it.o(i.USART2_IRQHandler)
    USART6_IRQHandler                        0x08003e6d   Thumb Code    10  stm32f4xx_it.o(i.USART6_IRQHandler)
    Uart2CpltHandler                         0x08003e7d   Thumb Code    12  uartpccommreceiver.o(i.Uart2CpltHandler)
    Uart2HalfCpltHandler                     0x08003e8d   Thumb Code    12  uartpccommreceiver.o(i.Uart2HalfCpltHandler)
    UartPcCommReceiverFunc                   0x08003e9d   Thumb Code   286  uartpccommreceiver.o(i.UartPcCommReceiverFunc)
    UartPcCommTransmitterFunc                0x08003fe5   Thumb Code   158  uartpccommtransmitter.o(i.UartPcCommTransmitterFunc)
    UltrasonicTaskFunction                   0x080040a1   Thumb Code   258  main.o(i.UltrasonicTaskFunction)
    Ultrasonic_CheckConditions               0x080041c5   Thumb Code   170  ultrasonic.o(i.Ultrasonic_CheckConditions)
    Ultrasonic_DistCalculations              0x08004285   Thumb Code   254  ultrasonic.o(i.Ultrasonic_DistCalculations)
    UsageFault_Handler                       0x080043a5   Thumb Code     4  stm32f4xx_it.o(i.UsageFault_Handler)
    _Error_Handler                           0x080043a9   Thumb Code     4  main.o(i._Error_Handler)
    __0snprintf                              0x080043ad   Thumb Code    44  printfa.o(i.__0snprintf)
    __1snprintf                              0x080043ad   Thumb Code     0  printfa.o(i.__0snprintf)
    __2snprintf                              0x080043ad   Thumb Code     0  printfa.o(i.__0snprintf)
    __c89snprintf                            0x080043ad   Thumb Code     0  printfa.o(i.__0snprintf)
    snprintf                                 0x080043ad   Thumb Code     0  printfa.o(i.__0snprintf)
    __0sprintf                               0x080043dd   Thumb Code    34  printfa.o(i.__0sprintf)
    __1sprintf                               0x080043dd   Thumb Code     0  printfa.o(i.__0sprintf)
    __2sprintf                               0x080043dd   Thumb Code     0  printfa.o(i.__0sprintf)
    __c89sprintf                             0x080043dd   Thumb Code     0  printfa.o(i.__0sprintf)
    sprintf                                  0x080043dd   Thumb Code     0  printfa.o(i.__0sprintf)
    __0vsnprintf                             0x08004405   Thumb Code    40  printfa.o(i.__0vsnprintf)
    __1vsnprintf                             0x08004405   Thumb Code     0  printfa.o(i.__0vsnprintf)
    __2vsnprintf                             0x08004405   Thumb Code     0  printfa.o(i.__0vsnprintf)
    __c89vsnprintf                           0x08004405   Thumb Code     0  printfa.o(i.__0vsnprintf)
    vsnprintf                                0x08004405   Thumb Code     0  printfa.o(i.__0vsnprintf)
    __ARM_common_switch8                     0x08004431   Thumb Code    26  hashtable.o(i.__ARM_common_switch8)
    __ARM_isinf                              0x0800444b   Thumb Code    22  value.o(i.__ARM_isinf)
    __ARM_isnan                              0x08004461   Thumb Code    20  value.o(i.__ARM_isnan)
    __aeabi_errno_addr                       0x08004479   Thumb Code     4  errno.o(i.__aeabi_errno_addr)
    __rt_errno_addr                          0x08004479   Thumb Code     0  errno.o(i.__aeabi_errno_addr)
    free                                     0x08004481   Thumb Code    88  mallocr.o(i.__free$realloc)
    malloc                                   0x080044dd   Thumb Code    64  mallocr.o(i.__malloc$realloc)
    __scatterload_copy                       0x0800452d   Thumb Code    14  handlers.o(i.__scatterload_copy)
    __scatterload_null                       0x0800453b   Thumb Code     2  handlers.o(i.__scatterload_null)
    __scatterload_zeroinit                   0x0800453d   Thumb Code    14  handlers.o(i.__scatterload_zeroinit)
    _is_digit                                0x080046d1   Thumb Code    14  scanf_fp.o(i._is_digit)
    crc16                                    0x08004e77   Thumb Code    66  motor.o(i.crc16)
    hashtable_close                          0x0800518d   Thumb Code    16  hashtable.o(i.hashtable_close)
    hashtable_get                            0x08005271   Thumb Code    58  hashtable.o(i.hashtable_get)
    hashtable_init                           0x080052b1   Thumb Code    72  hashtable.o(i.hashtable_init)
    hashtable_set                            0x080052f9   Thumb Code   168  hashtable.o(i.hashtable_set)
    jsonAddFloatArray                        0x08005421   Thumb Code    76  json.o(i.jsonAddFloatArray)
    jsonAddString                            0x0800554d   Thumb Code    36  json.o(i.jsonAddString)
    jsonEnd                                  0x080055b9   Thumb Code    28  json.o(i.jsonEnd)
    jsonStart                                0x080055f9   Thumb Code    18  json.o(i.jsonStart)
    json_array                               0x08005611   Thumb Code    54  value.o(i.json_array)
    json_array_append_new                    0x08005649   Thumb Code    68  value.o(i.json_array_append_new)
    json_array_get                           0x08005691   Thumb Code    28  value.o(i.json_array_get)
    json_array_size                          0x080056f9   Thumb Code    18  value.o(i.json_array_size)
    json_delete                              0x08005753   Thumb Code    84  value.o(i.json_delete)
    json_false                               0x080057a9   Thumb Code     4  value.o(i.json_false)
    json_integer                             0x080057c1   Thumb Code    28  value.o(i.json_integer)
    json_integer_value                       0x080057dd   Thumb Code    24  value.o(i.json_integer_value)
    json_loadb                               0x080057f5   Thumb Code    86  load.o(i.json_loadb)
    json_null                                0x0800586d   Thumb Code     4  value.o(i.json_null)
    json_object                              0x08005875   Thumb Code    70  value.o(i.json_object)
    json_object_get                          0x080058c1   Thumb Code    28  value.o(i.json_object_get)
    json_object_seed                         0x080058dd   Thumb Code    34  hashtable_seed.o(i.json_object_seed)
    json_object_set_new_nocheck              0x08005905   Thumb Code    58  value.o(i.json_object_set_new_nocheck)
    json_real                                0x08005945   Thumb Code    52  value.o(i.json_real)
    json_string_value                        0x08005979   Thumb Code    18  value.o(i.json_string_value)
    json_true                                0x0800598d   Thumb Code     4  value.o(i.json_true)
    jsonp_error_init                         0x08005995   Thumb Code    34  error.o(i.jsonp_error_init)
    jsonp_error_set                          0x080059b7   Thumb Code    16  error.o(i.jsonp_error_set)
    jsonp_error_set_source                   0x080059c9   Thumb Code    56  error.o(i.jsonp_error_set_source)
    jsonp_error_vset                         0x08005a05   Thumb Code    44  error.o(i.jsonp_error_vset)
    jsonp_free                               0x08005a31   Thumb Code    12  memory.o(i.jsonp_free)
    jsonp_malloc                             0x08005a41   Thumb Code    12  memory.o(i.jsonp_malloc)
    jsonp_stringn_nocheck_own                0x08005a51   Thumb Code    10  value.o(i.jsonp_stringn_nocheck_own)
    jsonp_strndup                            0x08005a5b   Thumb Code    36  memory.o(i.jsonp_strndup)
    jsonp_strtod                             0x08005a81   Thumb Code    90  strconv.o(i.jsonp_strtod)
    main                                     0x080060f5   Thumb Code   276  main.o(i.main)
    osDelay                                  0x0800624f   Thumb Code    24  cmsis_os.o(i.osDelay)
    osKernelStart                            0x08006267   Thumb Code    10  cmsis_os.o(i.osKernelStart)
    osSystickHandler                         0x08006271   Thumb Code    16  cmsis_os.o(i.osSystickHandler)
    osThreadCreate                           0x08006281   Thumb Code    48  cmsis_os.o(i.osThreadCreate)
    pvPortMalloc                             0x08006d41   Thumb Code   296  heap_4.o(i.pvPortMalloc)
    pvTaskIncrementMutexHeldCount            0x08006e7d   Thumb Code    26  tasks.o(i.pvTaskIncrementMutexHeldCount)
    pxPortInitialiseStack                    0x08006e9d   Thumb Code    38  port.o(i.pxPortInitialiseStack)
    realloc                                  0x08006ec9   Thumb Code   102  mallocr.o(i.realloc)
    seed_from_timestamp_and_pid              0x08006f35   Thumb Code     6  jansson_config.o(i.seed_from_timestamp_and_pid)
    strbuffer_append_byte                    0x08006f3b   Thumb Code    12  strbuffer.o(i.strbuffer_append_byte)
    strbuffer_append_bytes                   0x08006f49   Thumb Code   108  strbuffer.o(i.strbuffer_append_bytes)
    strbuffer_clear                          0x08006fb9   Thumb Code    10  strbuffer.o(i.strbuffer_clear)
    strbuffer_close                          0x08006fc3   Thumb Code    24  strbuffer.o(i.strbuffer_close)
    strbuffer_init                           0x08006fdb   Thumb Code    34  strbuffer.o(i.strbuffer_init)
    strbuffer_pop                            0x08006ffd   Thumb Code    24  strbuffer.o(i.strbuffer_pop)
    strbuffer_value                          0x08007015   Thumb Code     4  strbuffer.o(i.strbuffer_value)
    strtod                                   0x080071c1   Thumb Code    34  strtod.o(i.strtod)
    utf8_check_first                         0x080071f1   Thumb Code    60  utf.o(i.utf8_check_first)
    utf8_check_full                          0x0800722d   Thumb Code   126  utf.o(i.utf8_check_full)
    utf8_encode                              0x080072b5   Thumb Code   120  utf.o(i.utf8_encode)
    uxListRemove                             0x08007331   Thumb Code    40  list.o(i.uxListRemove)
    uxQueueMessagesWaiting                   0x08007359   Thumb Code    42  queue.o(i.uxQueueMessagesWaiting)
    vListInitialise                          0x08007383   Thumb Code    26  list.o(i.vListInitialise)
    vListInitialiseItem                      0x0800739d   Thumb Code     6  list.o(i.vListInitialiseItem)
    vListInsert                              0x080073a3   Thumb Code    52  list.o(i.vListInsert)
    vListInsertEnd                           0x080073d7   Thumb Code    24  list.o(i.vListInsertEnd)
    vPortEnterCritical                       0x080073f1   Thumb Code    76  port.o(i.vPortEnterCritical)
    vPortExitCritical                        0x08007445   Thumb Code    56  port.o(i.vPortExitCritical)
    vPortFree                                0x08007481   Thumb Code   140  heap_4.o(i.vPortFree)
    vPortSetupTimerInterrupt                 0x08007515   Thumb Code    26  port.o(i.vPortSetupTimerInterrupt)
    vPortValidateInterruptPriority           0x08007535   Thumb Code   106  port.o(i.vPortValidateInterruptPriority)
    vTaskDelay                               0x080075ad   Thumb Code    82  tasks.o(i.vTaskDelay)
    vTaskMissedYield                         0x08007609   Thumb Code     8  tasks.o(i.vTaskMissedYield)
    vTaskPlaceOnEventList                    0x08007615   Thumb Code    52  tasks.o(i.vTaskPlaceOnEventList)
    vTaskPriorityInherit                     0x0800764d   Thumb Code   164  tasks.o(i.vTaskPriorityInherit)
    vTaskSetTimeOutState                     0x080076fd   Thumb Code    38  tasks.o(i.vTaskSetTimeOutState)
    vTaskStartScheduler                      0x0800772d   Thumb Code   108  tasks.o(i.vTaskStartScheduler)
    vTaskSuspendAll                          0x080077b5   Thumb Code    12  tasks.o(i.vTaskSuspendAll)
    vTaskSwitchContext                       0x080077c5   Thumb Code   118  tasks.o(i.vTaskSwitchContext)
    xPortStartScheduler                      0x08007851   Thumb Code   288  port.o(i.xPortStartScheduler)
    xPortSysTickHandler                      0x0800798d   Thumb Code    46  port.o(i.xPortSysTickHandler)
    xQueueGenericCreate                      0x080079c1   Thumb Code    88  queue.o(i.xQueueGenericCreate)
    xQueueGenericReceive                     0x08007a19   Thumb Code   446  queue.o(i.xQueueGenericReceive)
    xQueueGenericReset                       0x08007bdd   Thumb Code   146  queue.o(i.xQueueGenericReset)
    xQueueGenericSend                        0x08007c75   Thumb Code   420  queue.o(i.xQueueGenericSend)
    xQueueGenericSendFromISR                 0x08007e1d   Thumb Code   248  queue.o(i.xQueueGenericSendFromISR)
    xQueueGiveFromISR                        0x08007f15   Thumb Code   224  queue.o(i.xQueueGiveFromISR)
    xQueueIsQueueEmptyFromISR                0x08007ff5   Thumb Code    38  queue.o(i.xQueueIsQueueEmptyFromISR)
    xQueueReceiveFromISR                     0x0800801b   Thumb Code   202  queue.o(i.xQueueReceiveFromISR)
    xTaskCheckForTimeOut                     0x080080e5   Thumb Code   132  tasks.o(i.xTaskCheckForTimeOut)
    xTaskCreate                              0x08008171   Thumb Code    96  tasks.o(i.xTaskCreate)
    xTaskGetSchedulerState                   0x080081d1   Thumb Code    24  tasks.o(i.xTaskGetSchedulerState)
    xTaskIncrementTick                       0x080081f1   Thumb Code   282  tasks.o(i.xTaskIncrementTick)
    xTaskPriorityDisinherit                  0x08008339   Thumb Code   188  tasks.o(i.xTaskPriorityDisinherit)
    xTaskRemoveFromEventList                 0x08008401   Thumb Code   128  tasks.o(i.xTaskRemoveFromEventList)
    xTaskResumeAll                           0x08008499   Thumb Code   224  tasks.o(i.xTaskResumeAll)
    AHBPrescTable                            0x08008618   Data          16  system_stm32f4xx.o(.constdata)
    APBPrescTable                            0x08008628   Data           8  system_stm32f4xx.o(.constdata)
    __ctype_table                            0x08008630   Data         129  ctype_o.o(.constdata)
    Region$$Table$$Base                      0x0800870c   Number         0  anon$$obj.o(Region$$Table)
    Region$$Table$$Limit                     0x0800872c   Number         0  anon$$obj.o(Region$$Table)
    uwTick                                   0x20000000   Data           4  stm32f4xx_hal.o(.data)
    defaultTaskHandle                        0x20000004   Data           4  main.o(.data)
    motorControlHandle                       0x20000008   Data           4  main.o(.data)
    UltrasonicTaskHandle                     0x2000000c   Data           4  main.o(.data)
    pcCommRxTaskHandle                       0x20000010   Data           4  main.o(.data)
    pcCommTxTaskHandle                       0x20000014   Data           4  main.o(.data)
    Ultrasonic_ISR_BS                        0x20000018   Data           4  main.o(.data)
    motorQueue                               0x2000001c   Data           4  main.o(.data)
    UltrasonicToPC                           0x20000020   Data           4  main.o(.data)
    Ultrasonic_HPTW_Q1                       0x20000024   Data           4  main.o(.data)
    Ultrasonic_HPTW_Q2                       0x20000028   Data           4  main.o(.data)
    Ultrasonic_flags                         0x2000002c   Data           2  main.o(.data)
    Battery_flags                            0x2000002e   Data           1  main.o(.data)
    US_min_dist                              0x20000058   Data           4  ultrasonic.o(.data)
    SystemCoreClock                          0x2000005c   Data           4  system_stm32f4xx.o(.data)
    pxCurrentTCB                             0x20000060   Data           4  tasks.o(.data)
    hashtable_seed                           0x200000e0   Data           4  hashtable_seed.o(.data)
    __microlib_freelist                      0x200000e8   Data           4  mvars.o(.data)
    __microlib_freelist_initialised          0x200000ec   Data           4  mvars.o(.data)
    htim1                                    0x200000f0   Data          60  main.o(.bss)
    htim2                                    0x2000012c   Data          60  main.o(.bss)
    huart1                                   0x20000168   Data          64  main.o(.bss)
    huart2                                   0x200001a8   Data          64  main.o(.bss)
    huart6                                   0x200001e8   Data          64  main.o(.bss)
    hdma_usart1_tx                           0x20000228   Data          96  main.o(.bss)
    hdma_usart1_rx                           0x20000288   Data          96  main.o(.bss)
    hdma_usart2_rx                           0x200002e8   Data          96  main.o(.bss)
    hdma_usart2_tx                           0x20000348   Data          96  main.o(.bss)
    Ultrasonic_Queue                         0x200003a8   Data          16  main.o(.bss)
    htim5                                    0x200003b8   Data          60  stm32f4xx_hal_timebase_tim.o(.bss)
    US_time_acq                              0x200007f4   Data          16  ultrasonic.o(.bss)
    US_distance                              0x20000804   Data          16  ultrasonic.o(.bss)
    __heap_base                              0x20004508   Data           0  startup_stm32f401xe.o(HEAP)
    __heap_limit                             0x20004708   Data           0  startup_stm32f401xe.o(HEAP)
    __initial_sp                             0x20004b08   Data           0  startup_stm32f401xe.o(STACK)



==============================================================================

Memory Map of the image

  Image Entry point : 0x08000195

  Load Region LR_IROM1 (Base: 0x08000000, Size: 0x0000881c, Max: 0x00080000, ABSOLUTE)

    Execution Region ER_IROM1 (Base: 0x08000000, Size: 0x0000872c, Max: 0x00080000, ABSOLUTE)

    Base Addr    Size         Type   Attr      Idx    E Section Name        Object

    0x08000000   0x00000194   Data   RO         3165    RESET               startup_stm32f401xe.o
    0x08000194   0x00000000   Code   RO         5321  * .ARM.Collect$$$$00000000  mc_w.l(entry.o)
    0x08000194   0x00000004   Code   RO         5676    .ARM.Collect$$$$00000001  mc_w.l(entry2.o)
    0x08000198   0x00000004   Code   RO         5679    .ARM.Collect$$$$00000004  mc_w.l(entry5.o)
    0x0800019c   0x00000000   Code   RO         5681    .ARM.Collect$$$$00000008  mc_w.l(entry7b.o)
    0x0800019c   0x00000000   Code   RO         5683    .ARM.Collect$$$$0000000A  mc_w.l(entry8b.o)
    0x0800019c   0x00000008   Code   RO         5684    .ARM.Collect$$$$0000000B  mc_w.l(entry9a.o)
    0x080001a4   0x00000000   Code   RO         5686    .ARM.Collect$$$$0000000D  mc_w.l(entry10a.o)
    0x080001a4   0x00000000   Code   RO         5688    .ARM.Collect$$$$0000000F  mc_w.l(entry11a.o)
    0x080001a4   0x00000004   Code   RO         5677    .ARM.Collect$$$$00002712  mc_w.l(entry2.o)
    0x080001a8   0x000000ba   Code   RO         3678    .emb_text           port.o
    0x08000262   0x00000002   PAD
    0x08000264   0x00000024   Code   RO         3166    .text               startup_stm32f401xe.o
    0x08000288   0x0000002c   Code   RO         5340    .text               mc_w.l(uidiv.o)
    0x080002b4   0x00000040   Code   RO         5346    .text               mc_w.l(memmovea.o)
    0x080002f4   0x00000024   Code   RO         5348    .text               mc_w.l(memseta.o)
    0x08000318   0x00000018   Code   RO         5350    .text               mc_w.l(strcat.o)
    0x08000330   0x0000000e   Code   RO         5354    .text               mc_w.l(strlen.o)
    0x0800033e   0x0000001c   Code   RO         5356    .text               mc_w.l(strcmp.o)
    0x0800035a   0x00000014   Code   RO         5358    .text               mc_w.l(memchr.o)
    0x0800036e   0x00000012   Code   RO         5362    .text               mc_w.l(strcpy.o)
    0x08000380   0x0000001c   Code   RO         5659    .text               mc_w.l(calloc.o)
    0x0800039c   0x00000004   Code   RO         5668    .text               mc_w.l(strtoll.o)
    0x080003a0   0x00000026   Code   RO         5672    .text               mf_w.l(f2d.o)
    0x080003c6   0x00000002   PAD
    0x080003c8   0x00000030   Code   RO         5674    .text               mf_w.l(cdcmple.o)
    0x080003f8   0x00000062   Code   RO         5694    .text               mc_w.l(uldiv.o)
    0x0800045a   0x00000002   PAD
    0x0800045c   0x0000009c   Code   RO         5698    .text               mc_w.l(strtod.o)
    0x080004f8   0x00000090   Code   RO         5700    .text               mc_w.l(__strtoll.o)
    0x08000588   0x00000000   Code   RO         5702    .text               mc_w.l(iusefp.o)
    0x08000588   0x000000ba   Code   RO         5704    .text               mf_w.l(depilogue.o)
    0x08000642   0x0000014e   Code   RO         5706    .text               mf_w.l(dadd.o)
    0x08000790   0x000000e4   Code   RO         5708    .text               mf_w.l(dmul.o)
    0x08000874   0x000000de   Code   RO         5710    .text               mf_w.l(ddiv.o)
    0x08000952   0x00000030   Code   RO         5712    .text               mf_w.l(dfixul.o)
    0x08000982   0x00000002   PAD
    0x08000984   0x00000030   Code   RO         5714    .text               mf_w.l(cdrcmple.o)
    0x080009b4   0x00000024   Code   RO         5716    .text               mc_w.l(init.o)
    0x080009d8   0x0000001e   Code   RO         5718    .text               mc_w.l(llshl.o)
    0x080009f6   0x00000020   Code   RO         5720    .text               mc_w.l(llushr.o)
    0x08000a16   0x00000024   Code   RO         5722    .text               mc_w.l(llsshr.o)
    0x08000a3a   0x00000002   PAD
    0x08000a3c   0x00000008   Code   RO         5726    .text               mc_w.l(ctype_o.o)
    0x08000a44   0x00000012   Code   RO         5748    .text               mc_w.l(isspace_o.o)
    0x08000a56   0x00000002   PAD
    0x08000a58   0x00000338   Code   RO         5754    .text               mc_w.l(scanf_fp.o)
    0x08000d90   0x00000040   Code   RO         5758    .text               mc_w.l(_sgetc.o)
    0x08000dd0   0x000000c2   Code   RO         5760    .text               mc_w.l(_strtoull.o)
    0x08000e92   0x0000001c   Code   RO         5766    .text               mc_w.l(_chval.o)
    0x08000eae   0x00000018   Code   RO         5768    .text               mf_w.l(dfltul.o)
    0x08000ec6   0x00000038   Code   RO         5770    .text               mf_w.l(d2f.o)
    0x08000efe   0x0000006e   Code   RO         5772    .text               mf_w.l(fepilogue.o)
    0x08000f6c   0x00000004   Code   RO         2434    i.BusFault_Handler  stm32f4xx_it.o
    0x08000f70   0x00000010   Code   RO         2435    i.DMA1_Stream5_IRQHandler  stm32f4xx_it.o
    0x08000f80   0x00000010   Code   RO         2436    i.DMA1_Stream6_IRQHandler  stm32f4xx_it.o
    0x08000f90   0x00000010   Code   RO         2437    i.DMA2_Stream2_IRQHandler  stm32f4xx_it.o
    0x08000fa0   0x00000010   Code   RO         2438    i.DMA2_Stream7_IRQHandler  stm32f4xx_it.o
    0x08000fb0   0x00000034   Code   RO         1433    i.DMA_CalcBaseAndBitshift  stm32f4xx_hal_dma.o
    0x08000fe4   0x000000aa   Code   RO         1434    i.DMA_CheckFifoParam  stm32f4xx_hal_dma.o
    0x0800108e   0x0000002c   Code   RO         1435    i.DMA_SetConfig     stm32f4xx_hal_dma.o
    0x080010ba   0x00000002   Code   RO         2439    i.DebugMon_Handler  stm32f4xx_it.o
    0x080010bc   0x00000028   Code   RO         2949    i.GeneratePackage   motor.o
    0x080010e4   0x00000028   Code   RO         1437    i.HAL_DMA_Abort_IT  stm32f4xx_hal_dma.o
    0x0800110c   0x00000248   Code   RO         1441    i.HAL_DMA_IRQHandler  stm32f4xx_hal_dma.o
    0x08001354   0x000000ec   Code   RO         1442    i.HAL_DMA_Init      stm32f4xx_hal_dma.o
    0x08001440   0x0000009e   Code   RO         1446    i.HAL_DMA_Start_IT  stm32f4xx_hal_dma.o
    0x080014de   0x00000002   PAD
    0x080014e0   0x000001d4   Code   RO         1801    i.HAL_GPIO_Init     stm32f4xx_hal_gpio.o
    0x080016b4   0x0000000c   Code   RO         1805    i.HAL_GPIO_WritePin  stm32f4xx_hal_gpio.o
    0x080016c0   0x0000000c   Code   RO          449    i.HAL_GetTick       stm32f4xx_hal.o
    0x080016cc   0x00000010   Code   RO          451    i.HAL_IncTick       stm32f4xx_hal.o
    0x080016dc   0x0000003c   Code   RO          452    i.HAL_Init          stm32f4xx_hal.o
    0x08001718   0x0000008c   Code   RO         2828    i.HAL_InitTick      stm32f4xx_hal_timebase_tim.o
    0x080017a4   0x00000056   Code   RO         2615    i.HAL_MspInit       stm32f4xx_hal_msp.o
    0x080017fa   0x0000001a   Code   RO            9    i.HAL_NVIC_EnableIRQ  stm32f4xx_hal_cortex.o
    0x08001814   0x0000007c   Code   RO           15    i.HAL_NVIC_SetPriority  stm32f4xx_hal_cortex.o
    0x08001890   0x00000028   Code   RO           16    i.HAL_NVIC_SetPriorityGrouping  stm32f4xx_hal_cortex.o
    0x080018b8   0x000001d0   Code   RO         1540    i.HAL_RCC_ClockConfig  stm32f4xx_hal_rcc.o
    0x08001a88   0x00000044   Code   RO         1544    i.HAL_RCC_GetClockConfig  stm32f4xx_hal_rcc.o
    0x08001acc   0x0000000c   Code   RO         1545    i.HAL_RCC_GetHCLKFreq  stm32f4xx_hal_rcc.o
    0x08001ad8   0x0000002c   Code   RO         1547    i.HAL_RCC_GetPCLK1Freq  stm32f4xx_hal_rcc.o
    0x08001b04   0x0000002c   Code   RO         1548    i.HAL_RCC_GetPCLK2Freq  stm32f4xx_hal_rcc.o
    0x08001b30   0x000000b4   Code   RO         1549    i.HAL_RCC_GetSysClockFreq  stm32f4xx_hal_rcc.o
    0x08001be4   0x0000044c   Code   RO         1552    i.HAL_RCC_OscConfig  stm32f4xx_hal_rcc.o
    0x08002030   0x00000028   Code   RO           18    i.HAL_SYSTICK_CLKSourceConfig  stm32f4xx_hal_cortex.o
    0x08002058   0x00000034   Code   RO           20    i.HAL_SYSTICK_Config  stm32f4xx_hal_cortex.o
    0x0800208c   0x00000002   Code   RO         1864    i.HAL_TIMEx_BreakCallback  stm32f4xx_hal_tim_ex.o
    0x0800208e   0x00000002   Code   RO         1865    i.HAL_TIMEx_CommutationCallback  stm32f4xx_hal_tim_ex.o
    0x08002090   0x00000062   Code   RO         1881    i.HAL_TIMEx_MasterConfigSynchronization  stm32f4xx_hal_tim_ex.o
    0x080020f2   0x00000034   Code   RO          752    i.HAL_TIM_Base_Init  stm32f4xx_hal_tim.o
    0x08002126   0x00000002   Code   RO          754    i.HAL_TIM_Base_MspInit  stm32f4xx_hal_tim.o
    0x08002128   0x0000001e   Code   RO          757    i.HAL_TIM_Base_Start_IT  stm32f4xx_hal_tim.o
    0x08002146   0x00000002   PAD
    0x08002148   0x00000070   Code   RO         2682    i.HAL_TIM_IC_CaptureCallback  main.o
    0x080021b8   0x000000e0   Code   RO          782    i.HAL_TIM_IC_ConfigChannel  stm32f4xx_hal_tim.o
    0x08002298   0x00000034   Code   RO          785    i.HAL_TIM_IC_Init   stm32f4xx_hal_tim.o
    0x080022cc   0x0000006c   Code   RO         2617    i.HAL_TIM_IC_MspInit  stm32f4xx_hal_msp.o
    0x08002338   0x0000006c   Code   RO          790    i.HAL_TIM_IC_Start_IT  stm32f4xx_hal_tim.o
    0x080023a4   0x00000196   Code   RO          794    i.HAL_TIM_IRQHandler  stm32f4xx_hal_tim.o
    0x0800253a   0x00000002   PAD
    0x0800253c   0x00000034   Code   RO         2618    i.HAL_TIM_MspPostInit  stm32f4xx_hal_msp.o
    0x08002570   0x0000004c   Code   RO         2683    i.HAL_TIM_OC_DelayElapsedCallback  main.o
    0x080025bc   0x00000108   Code   RO          818    i.HAL_TIM_PWM_ConfigChannel  stm32f4xx_hal_tim.o
    0x080026c4   0x00000034   Code   RO          821    i.HAL_TIM_PWM_Init  stm32f4xx_hal_tim.o
    0x080026f8   0x00000044   Code   RO         2620    i.HAL_TIM_PWM_MspInit  stm32f4xx_hal_msp.o
    0x0800273c   0x00000002   Code   RO          824    i.HAL_TIM_PWM_PulseFinishedCallback  stm32f4xx_hal_tim.o
    0x0800273e   0x00000002   PAD
    0x08002740   0x0000008c   Code   RO          827    i.HAL_TIM_PWM_Start_IT  stm32f4xx_hal_tim.o
    0x080027cc   0x00000018   Code   RO         2684    i.HAL_TIM_PeriodElapsedCallback  main.o
    0x080027e4   0x00000002   Code   RO          835    i.HAL_TIM_TriggerCallback  stm32f4xx_hal_tim.o
    0x080027e6   0x00000002   Code   RO         2124    i.HAL_UART_ErrorCallback  stm32f4xx_hal_uart.o
    0x080027e8   0x0000014c   Code   RO         2127    i.HAL_UART_IRQHandler  stm32f4xx_hal_uart.o
    0x08002934   0x00000072   Code   RO         2128    i.HAL_UART_Init     stm32f4xx_hal_uart.o
    0x080029a6   0x00000002   PAD
    0x080029a8   0x00000274   Code   RO         2622    i.HAL_UART_MspInit  stm32f4xx_hal_msp.o
    0x08002c1c   0x000000c4   Code   RO         2132    i.HAL_UART_Receive_DMA  stm32f4xx_hal_uart.o
    0x08002ce0   0x00000014   Code   RO         2440    i.HAL_UART_RxCpltCallback  stm32f4xx_it.o
    0x08002cf4   0x00000014   Code   RO         2441    i.HAL_UART_RxHalfCpltCallback  stm32f4xx_it.o
    0x08002d08   0x000000d6   Code   RO         2136    i.HAL_UART_Transmit  stm32f4xx_hal_uart.o
    0x08002dde   0x00000002   PAD
    0x08002de0   0x0000009c   Code   RO         2137    i.HAL_UART_Transmit_DMA  stm32f4xx_hal_uart.o
    0x08002e7c   0x00000002   Code   RO         2139    i.HAL_UART_TxCpltCallback  stm32f4xx_hal_uart.o
    0x08002e7e   0x00000002   Code   RO         2140    i.HAL_UART_TxHalfCpltCallback  stm32f4xx_hal_uart.o
    0x08002e80   0x00000004   Code   RO         2442    i.HardFault_Handler  stm32f4xx_it.o
    0x08002e84   0x00000088   Code   RO         2685    i.MX_DMA_Init       main.o
    0x08002f0c   0x0000008c   Code   RO         2686    i.MX_GPIO_Init      main.o
    0x08002f98   0x000000cc   Code   RO         2687    i.MX_TIM1_Init      main.o
    0x08003064   0x000000b0   Code   RO         2688    i.MX_TIM2_Init      main.o
    0x08003114   0x0000004c   Code   RO         2689    i.MX_USART1_UART_Init  main.o
    0x08003160   0x0000004c   Code   RO         2690    i.MX_USART2_UART_Init  main.o
    0x080031ac   0x0000004c   Code   RO         2691    i.MX_USART6_UART_Init  main.o
    0x080031f8   0x00000004   Code   RO         2443    i.MemManage_Handler  stm32f4xx_it.o
    0x080031fc   0x00000090   Code   RO         2950    i.MoveMotor         motor.o
    0x0800328c   0x00000002   Code   RO         2444    i.NMI_Handler       stm32f4xx_it.o
    0x0800328e   0x00000002   PAD
    0x08003290   0x00000010   Code   RO           22    i.NVIC_GetPriorityGrouping  stm32f4xx_hal_cortex.o
    0x080032a0   0x00000028   Code   RO           23    i.NVIC_SetPriority  stm32f4xx_hal_cortex.o
    0x080032c8   0x0000000a   Code   RO         2692    i.StartDefaultTask  main.o
    0x080032d2   0x00000002   PAD
    0x080032d4   0x0000004c   Code   RO         2693    i.StartMotorControl  main.o
    0x08003320   0x00000008   Code   RO         2445    i.SysTick_Handler   stm32f4xx_it.o
    0x08003328   0x000000c8   Code   RO         2694    i.SystemClock_Config  main.o
    0x080033f0   0x00000064   Code   RO         3174    i.SystemInit        system_stm32f4xx.o
    0x08003454   0x00000010   Code   RO         2446    i.TIM1_CC_IRQHandler  stm32f4xx_it.o
    0x08003464   0x00000010   Code   RO         2447    i.TIM2_IRQHandler   stm32f4xx_it.o
    0x08003474   0x00000010   Code   RO         2448    i.TIM5_IRQHandler   stm32f4xx_it.o
    0x08003484   0x000000b0   Code   RO          836    i.TIM_Base_SetConfig  stm32f4xx_hal_tim.o
    0x08003534   0x0000001c   Code   RO          837    i.TIM_CCxChannelCmd  stm32f4xx_hal_tim.o
    0x08003550   0x00000064   Code   RO          845    i.TIM_OC1_SetConfig  stm32f4xx_hal_tim.o
    0x080035b4   0x00000070   Code   RO          846    i.TIM_OC2_SetConfig  stm32f4xx_hal_tim.o
    0x08003624   0x0000006c   Code   RO          847    i.TIM_OC3_SetConfig  stm32f4xx_hal_tim.o
    0x08003690   0x00000058   Code   RO          848    i.TIM_OC4_SetConfig  stm32f4xx_hal_tim.o
    0x080036e8   0x00000084   Code   RO          851    i.TIM_TI1_SetConfig  stm32f4xx_hal_tim.o
    0x0800376c   0x0000003e   Code   RO          853    i.TIM_TI2_SetConfig  stm32f4xx_hal_tim.o
    0x080037aa   0x0000003c   Code   RO          854    i.TIM_TI3_SetConfig  stm32f4xx_hal_tim.o
    0x080037e6   0x00000040   Code   RO          855    i.TIM_TI4_SetConfig  stm32f4xx_hal_tim.o
    0x08003826   0x00000014   Code   RO         2141    i.UART_DMAAbortOnError  stm32f4xx_hal_uart.o
    0x0800383a   0x00000050   Code   RO         2142    i.UART_DMAError     stm32f4xx_hal_uart.o
    0x0800388a   0x00000046   Code   RO         2143    i.UART_DMAReceiveCplt  stm32f4xx_hal_uart.o
    0x080038d0   0x0000000e   Code   RO         2145    i.UART_DMARxHalfCplt  stm32f4xx_hal_uart.o
    0x080038de   0x00000036   Code   RO         2147    i.UART_DMATransmitCplt  stm32f4xx_hal_uart.o
    0x08003914   0x0000000e   Code   RO         2149    i.UART_DMATxHalfCplt  stm32f4xx_hal_uart.o
    0x08003922   0x00000020   Code   RO         2151    i.UART_EndRxTransfer  stm32f4xx_hal_uart.o
    0x08003942   0x00000020   Code   RO         2152    i.UART_EndTransmit_IT  stm32f4xx_hal_uart.o
    0x08003962   0x00000014   Code   RO         2153    i.UART_EndTxTransfer  stm32f4xx_hal_uart.o
    0x08003976   0x0000009a   Code   RO         2154    i.UART_Receive_IT   stm32f4xx_hal_uart.o
    0x08003a10   0x00000368   Code   RO         2155    i.UART_SetConfig    stm32f4xx_hal_uart.o
    0x08003d78   0x00000068   Code   RO         2156    i.UART_Transmit_IT  stm32f4xx_hal_uart.o
    0x08003de0   0x0000006c   Code   RO         2157    i.UART_WaitOnFlagUntilTimeout  stm32f4xx_hal_uart.o
    0x08003e4c   0x00000010   Code   RO         2449    i.USART1_IRQHandler  stm32f4xx_it.o
    0x08003e5c   0x00000010   Code   RO         2450    i.USART2_IRQHandler  stm32f4xx_it.o
    0x08003e6c   0x00000010   Code   RO         2451    i.USART6_IRQHandler  stm32f4xx_it.o
    0x08003e7c   0x00000010   Code   RO         2868    i.Uart2CpltHandler  uartpccommreceiver.o
    0x08003e8c   0x00000010   Code   RO         2869    i.Uart2HalfCpltHandler  uartpccommreceiver.o
    0x08003e9c   0x00000148   Code   RO         2870    i.UartPcCommReceiverFunc  uartpccommreceiver.o
    0x08003fe4   0x000000bc   Code   RO         2994    i.UartPcCommTransmitterFunc  uartpccommtransmitter.o
    0x080040a0   0x00000124   Code   RO         2695    i.UltrasonicTaskFunction  main.o
    0x080041c4   0x000000c0   Code   RO         3131    i.Ultrasonic_CheckConditions  ultrasonic.o
    0x08004284   0x00000120   Code   RO         3132    i.Ultrasonic_DistCalculations  ultrasonic.o
    0x080043a4   0x00000004   Code   RO         2452    i.UsageFault_Handler  stm32f4xx_it.o
    0x080043a8   0x00000004   Code   RO         2696    i._Error_Handler    main.o
    0x080043ac   0x00000030   Code   RO         5604    i.__0snprintf       mc_w.l(printfa.o)
    0x080043dc   0x00000028   Code   RO         5605    i.__0sprintf        mc_w.l(printfa.o)
    0x08004404   0x0000002c   Code   RO         5608    i.__0vsnprintf      mc_w.l(printfa.o)
    0x08004430   0x0000001a   Code   RO         5084    i.__ARM_common_switch8  jansson_CM3LE.lib(hashtable.o)
    0x0800444a   0x00000016   Code   RO         4855    i.__ARM_isinf       jansson_CM3LE.lib(value.o)
    0x08004460   0x00000018   Code   RO         4860    i.__ARM_isnan       jansson_CM3LE.lib(value.o)
    0x08004478   0x00000008   Code   RO         5661    i.__aeabi_errno_addr  mc_w.l(errno.o)
    0x08004480   0x0000005c   Code   RO         5635    i.__free$realloc    mc_w.l(mallocr.o)
    0x080044dc   0x00000050   Code   RO         5636    i.__malloc$realloc  mc_w.l(mallocr.o)
    0x0800452c   0x0000000e   Code   RO         5776    i.__scatterload_copy  mc_w.l(handlers.o)
    0x0800453a   0x00000002   Code   RO         5777    i.__scatterload_null  mc_w.l(handlers.o)
    0x0800453c   0x0000000e   Code   RO         5778    i.__scatterload_zeroinit  mc_w.l(handlers.o)
    0x0800454a   0x00000002   PAD
    0x0800454c   0x00000184   Code   RO         5610    i._fp_digits        mc_w.l(printfa.o)
    0x080046d0   0x0000000e   Code   RO         5756    i._is_digit         mc_w.l(scanf_fp.o)
    0x080046de   0x00000002   PAD
    0x080046e0   0x000006dc   Code   RO         5611    i._printf_core      mc_w.l(printfa.o)
    0x08004dbc   0x00000024   Code   RO         5612    i._printf_post_padding  mc_w.l(printfa.o)
    0x08004de0   0x0000002e   Code   RO         5613    i._printf_pre_padding  mc_w.l(printfa.o)
    0x08004e0e   0x00000016   Code   RO         5614    i._snputc           mc_w.l(printfa.o)
    0x08004e24   0x0000000a   Code   RO         5615    i._sputc            mc_w.l(printfa.o)
    0x08004e2e   0x00000018   Code   RO         4509    i.array_copy        jansson_CM3LE.lib(value.o)
    0x08004e46   0x00000016   Code   RO         4959    i.bucket_is_empty   jansson_CM3LE.lib(hashtable.o)
    0x08004e5c   0x0000001a   Code   RO         4312    i.buffer_get        jansson_CM3LE.lib(load.o)
    0x08004e76   0x00000042   Code   RO         2951    i.crc16             motor.o
    0x08004eb8   0x0000004c   Code   RO         4314    i.decode_unicode_escape  jansson_CM3LE.lib(load.o)
    0x08004f04   0x000000c0   Code   RO         4315    i.error_set         jansson_CM3LE.lib(load.o)
    0x08004fc4   0x00000084   Code   RO         2871    i.handleIncomingByte  uartpccommreceiver.o
    0x08005048   0x00000144   Code   RO         4960    i.hashlittle        jansson_CM3LE.lib(hashtable.o)
    0x0800518c   0x00000010   Code   RO         4962    i.hashtable_close   jansson_CM3LE.lib(hashtable.o)
    0x0800519c   0x00000022   Code   RO         4964    i.hashtable_do_clear  jansson_CM3LE.lib(hashtable.o)
    0x080051be   0x00000076   Code   RO         4966    i.hashtable_do_rehash  jansson_CM3LE.lib(hashtable.o)
    0x08005234   0x0000003c   Code   RO         4967    i.hashtable_find_pair  jansson_CM3LE.lib(hashtable.o)
    0x08005270   0x00000040   Code   RO         4968    i.hashtable_get     jansson_CM3LE.lib(hashtable.o)
    0x080052b0   0x00000048   Code   RO         4969    i.hashtable_init    jansson_CM3LE.lib(hashtable.o)
    0x080052f8   0x000000ac   Code   RO         4977    i.hashtable_set     jansson_CM3LE.lib(hashtable.o)
    0x080053a4   0x0000002a   Code   RO         4978    i.insert_to_bucket  jansson_CM3LE.lib(hashtable.o)
    0x080053ce   0x00000002   PAD
    0x080053d0   0x00000050   Code   RO         5637    i.internal_alloc    mc_w.l(mallocr.o)
    0x08005420   0x0000004c   Code   RO         3024    i.jsonAddFloatArray  json.o
    0x0800546c   0x000000b0   Code   RO         3025    i.jsonAddFloatValue  json.o
    0x0800551c   0x00000030   Code   RO         3029    i.jsonAddKey        json.o
    0x0800554c   0x00000024   Code   RO         3030    i.jsonAddString     json.o
    0x08005570   0x00000030   Code   RO         3032    i.jsonAddStringValue  json.o
    0x080055a0   0x00000018   Code   RO         3033    i.jsonBeginArray    json.o
    0x080055b8   0x00000020   Code   RO         3034    i.jsonEnd           json.o
    0x080055d8   0x00000020   Code   RO         3035    i.jsonEndArray      json.o
    0x080055f8   0x00000018   Code   RO         3036    i.jsonStart         json.o
    0x08005610   0x00000036   Code   RO         4511    i.json_array        jansson_CM3LE.lib(value.o)
    0x08005646   0x00000002   PAD
    0x08005648   0x00000048   Code   RO         4512    i.json_array_append_new  jansson_CM3LE.lib(value.o)
    0x08005690   0x0000001c   Code   RO         4515    i.json_array_get    jansson_CM3LE.lib(value.o)
    0x080056ac   0x0000004c   Code   RO         4516    i.json_array_grow   jansson_CM3LE.lib(value.o)
    0x080056f8   0x00000012   Code   RO         4520    i.json_array_size   jansson_CM3LE.lib(value.o)
    0x0800570a   0x00000018   Code   RO         4316    i.json_decref       jansson_CM3LE.lib(load.o)
    0x08005722   0x00000018   Code   RO         4522    i.json_decref       jansson_CM3LE.lib(value.o)
    0x0800573a   0x00000018   Code   RO         4979    i.json_decref       jansson_CM3LE.lib(hashtable.o)
    0x08005752   0x00000054   Code   RO         4524    i.json_delete       jansson_CM3LE.lib(value.o)
    0x080057a6   0x00000002   PAD
    0x080057a8   0x00000008   Code   RO         4526    i.json_false        jansson_CM3LE.lib(value.o)
    0x080057b0   0x00000010   Code   RO         4317    i.json_incref       jansson_CM3LE.lib(load.o)
    0x080057c0   0x0000001c   Code   RO         4528    i.json_integer      jansson_CM3LE.lib(value.o)
    0x080057dc   0x00000018   Code   RO         4530    i.json_integer_value  jansson_CM3LE.lib(value.o)
    0x080057f4   0x00000078   Code   RO         4320    i.json_loadb        jansson_CM3LE.lib(load.o)
    0x0800586c   0x00000008   Code   RO         4531    i.json_null         jansson_CM3LE.lib(value.o)
    0x08005874   0x0000004c   Code   RO         4533    i.json_object       jansson_CM3LE.lib(value.o)
    0x080058c0   0x0000001c   Code   RO         4538    i.json_object_get   jansson_CM3LE.lib(value.o)
    0x080058dc   0x00000028   Code   RO         5297    i.json_object_seed  jansson_CM3LE.lib(hashtable_seed.o)
    0x08005904   0x00000040   Code   RO         4547    i.json_object_set_new_nocheck  jansson_CM3LE.lib(value.o)
    0x08005944   0x00000034   Code   RO         4553    i.json_real         jansson_CM3LE.lib(value.o)
    0x08005978   0x00000012   Code   RO         4564    i.json_string_value  jansson_CM3LE.lib(value.o)
    0x0800598a   0x00000002   PAD
    0x0800598c   0x00000008   Code   RO         4567    i.json_true         jansson_CM3LE.lib(value.o)
    0x08005994   0x00000022   Code   RO         4904    i.jsonp_error_init  jansson_CM3LE.lib(error.o)
    0x080059b6   0x00000010   Code   RO         4905    i.jsonp_error_set   jansson_CM3LE.lib(error.o)
    0x080059c6   0x00000002   PAD
    0x080059c8   0x0000003c   Code   RO         4906    i.jsonp_error_set_source  jansson_CM3LE.lib(error.o)
    0x08005a04   0x0000002c   Code   RO         4907    i.jsonp_error_vset  jansson_CM3LE.lib(error.o)
    0x08005a30   0x00000010   Code   RO         5119    i.jsonp_free        jansson_CM3LE.lib(memory.o)
    0x08005a40   0x00000010   Code   RO         5120    i.jsonp_malloc      jansson_CM3LE.lib(memory.o)
    0x08005a50   0x0000000a   Code   RO         4568    i.jsonp_stringn_nocheck_own  jansson_CM3LE.lib(value.o)
    0x08005a5a   0x00000024   Code   RO         5122    i.jsonp_strndup     jansson_CM3LE.lib(memory.o)
    0x08005a7e   0x00000002   PAD
    0x08005a80   0x00000064   Code   RO         5225    i.jsonp_strtod      jansson_CM3LE.lib(strconv.o)
    0x08005ae4   0x0000001c   Code   RO         4323    i.lex_close         jansson_CM3LE.lib(load.o)
    0x08005b00   0x00000012   Code   RO         4324    i.lex_free_string   jansson_CM3LE.lib(load.o)
    0x08005b12   0x00000008   Code   RO         4325    i.lex_get           jansson_CM3LE.lib(load.o)
    0x08005b1a   0x0000001e   Code   RO         4326    i.lex_get_save      jansson_CM3LE.lib(load.o)
    0x08005b38   0x00000030   Code   RO         4327    i.lex_init          jansson_CM3LE.lib(load.o)
    0x08005b68   0x0000000c   Code   RO         4328    i.lex_save          jansson_CM3LE.lib(load.o)
    0x08005b74   0x00000138   Code   RO         4329    i.lex_scan          jansson_CM3LE.lib(load.o)
    0x08005cac   0x0000018c   Code   RO         4330    i.lex_scan_number   jansson_CM3LE.lib(load.o)
    0x08005e38   0x00000288   Code   RO         4331    i.lex_scan_string   jansson_CM3LE.lib(load.o)
    0x080060c0   0x00000026   Code   RO         4332    i.lex_unget_unsave  jansson_CM3LE.lib(load.o)
    0x080060e6   0x0000000e   Code   RO         4980    i.list_insert       jansson_CM3LE.lib(hashtable.o)
    0x080060f4   0x0000014c   Code   RO         2697    i.main              main.o
    0x08006240   0x0000000e   Code   RO         3759    i.makeFreeRtosPriority  cmsis_os.o
    0x0800624e   0x00000018   Code   RO         3761    i.osDelay           cmsis_os.o
    0x08006266   0x0000000a   Code   RO         3764    i.osKernelStart     cmsis_os.o
    0x08006270   0x00000010   Code   RO         3797    i.osSystickHandler  cmsis_os.o
    0x08006280   0x00000030   Code   RO         3798    i.osThreadCreate    cmsis_os.o
    0x080062b0   0x00000094   Code   RO         4333    i.parse_array       jansson_CM3LE.lib(load.o)
    0x08006344   0x00000094   Code   RO         4334    i.parse_json        jansson_CM3LE.lib(load.o)
    0x080063d8   0x00000180   Code   RO         4335    i.parse_object      jansson_CM3LE.lib(load.o)
    0x08006558   0x00000140   Code   RO         4336    i.parse_value       jansson_CM3LE.lib(load.o)
    0x08006698   0x00000044   Code   RO         2872    i.processEventAckRequest  uartpccommreceiver.o
    0x080066dc   0x0000008c   Code   RO         2873    i.processMotorsRequest  uartpccommreceiver.o
    0x08006768   0x00000098   Code   RO         3208    i.prvAddCurrentTaskToDelayedList  tasks.o
    0x08006800   0x000000b4   Code   RO         3209    i.prvAddNewTaskToReadyList  tasks.o
    0x080068b4   0x00000064   Code   RO         3210    i.prvCheckTasksWaitingTermination  tasks.o
    0x08006918   0x0000002a   Code   RO         3518    i.prvCopyDataFromQueue  queue.o
    0x08006942   0x0000007c   Code   RO         3519    i.prvCopyDataToQueue  queue.o
    0x080069be   0x00000012   Code   RO         3211    i.prvDeleteTCB      tasks.o
    0x080069d0   0x0000007c   Code   RO         4129    i.prvHeapInit       heap_4.o
    0x08006a4c   0x00000028   Code   RO         3212    i.prvIdleTask       tasks.o
    0x08006a74   0x00000026   Code   RO         3521    i.prvInitialiseNewQueue  queue.o
    0x08006a9a   0x000000aa   Code   RO         3213    i.prvInitialiseNewTask  tasks.o
    0x08006b44   0x00000068   Code   RO         3214    i.prvInitialiseTaskLists  tasks.o
    0x08006bac   0x00000068   Code   RO         4130    i.prvInsertBlockIntoFreeList  heap_4.o
    0x08006c14   0x0000001a   Code   RO         3522    i.prvIsQueueEmpty   queue.o
    0x08006c2e   0x0000001e   Code   RO         3523    i.prvIsQueueFull    queue.o
    0x08006c4c   0x00000034   Code   RO         3215    i.prvResetNextTaskUnblockTime  tasks.o
    0x08006c80   0x00000040   Code   RO         3679    i.prvTaskExitError  port.o
    0x08006cc0   0x0000007e   Code   RO         3524    i.prvUnlockQueue    queue.o
    0x08006d3e   0x00000002   PAD
    0x08006d40   0x0000013c   Code   RO         4131    i.pvPortMalloc      heap_4.o
    0x08006e7c   0x00000020   Code   RO         3217    i.pvTaskIncrementMutexHeldCount  tasks.o
    0x08006e9c   0x0000002c   Code   RO         3680    i.pxPortInitialiseStack  port.o
    0x08006ec8   0x0000006c   Code   RO         5638    i.realloc           mc_w.l(mallocr.o)
    0x08006f34   0x00000006   Code   RO         4300    i.seed_from_timestamp_and_pid  jansson_config.o
    0x08006f3a   0x0000000c   Code   RO         5165    i.strbuffer_append_byte  jansson_CM3LE.lib(strbuffer.o)
    0x08006f46   0x00000002   PAD
    0x08006f48   0x00000070   Code   RO         5166    i.strbuffer_append_bytes  jansson_CM3LE.lib(strbuffer.o)
    0x08006fb8   0x0000000a   Code   RO         5167    i.strbuffer_clear   jansson_CM3LE.lib(strbuffer.o)
    0x08006fc2   0x00000018   Code   RO         5168    i.strbuffer_close   jansson_CM3LE.lib(strbuffer.o)
    0x08006fda   0x00000022   Code   RO         5169    i.strbuffer_init    jansson_CM3LE.lib(strbuffer.o)
    0x08006ffc   0x00000018   Code   RO         5170    i.strbuffer_pop     jansson_CM3LE.lib(strbuffer.o)
    0x08007014   0x00000004   Code   RO         5172    i.strbuffer_value   jansson_CM3LE.lib(strbuffer.o)
    0x08007018   0x000000e4   Code   RO         4337    i.stream_get        jansson_CM3LE.lib(load.o)
    0x080070fc   0x0000004a   Code   RO         4338    i.stream_unget      jansson_CM3LE.lib(load.o)
    0x08007146   0x0000003c   Code   RO         3037    i.stringAppend      json.o
    0x08007182   0x0000003e   Code   RO         4569    i.string_create     jansson_CM3LE.lib(value.o)
    0x080071c0   0x00000030   Code   RO         5317    i.strtod            m_wm.l(strtod.o)
    0x080071f0   0x0000003c   Code   RO         5261    i.utf8_check_first  jansson_CM3LE.lib(utf.o)
    0x0800722c   0x00000088   Code   RO         5262    i.utf8_check_full   jansson_CM3LE.lib(utf.o)
    0x080072b4   0x0000007c   Code   RO         5264    i.utf8_encode       jansson_CM3LE.lib(utf.o)
    0x08007330   0x00000028   Code   RO         4190    i.uxListRemove      list.o
    0x08007358   0x0000002a   Code   RO         3525    i.uxQueueMessagesWaiting  queue.o
    0x08007382   0x0000001a   Code   RO         4191    i.vListInitialise   list.o
    0x0800739c   0x00000006   Code   RO         4192    i.vListInitialiseItem  list.o
    0x080073a2   0x00000034   Code   RO         4193    i.vListInsert       list.o
    0x080073d6   0x00000018   Code   RO         4194    i.vListInsertEnd    list.o
    0x080073ee   0x00000002   PAD
    0x080073f0   0x00000054   Code   RO         3682    i.vPortEnterCritical  port.o
    0x08007444   0x0000003c   Code   RO         3683    i.vPortExitCritical  port.o
    0x08007480   0x00000094   Code   RO         4132    i.vPortFree         heap_4.o
    0x08007514   0x00000020   Code   RO         3684    i.vPortSetupTimerInterrupt  port.o
    0x08007534   0x00000078   Code   RO         3685    i.vPortValidateInterruptPriority  port.o
    0x080075ac   0x0000005c   Code   RO         3223    i.vTaskDelay        tasks.o
    0x08007608   0x0000000c   Code   RO         3226    i.vTaskMissedYield  tasks.o
    0x08007614   0x00000038   Code   RO         3228    i.vTaskPlaceOnEventList  tasks.o
    0x0800764c   0x000000b0   Code   RO         3230    i.vTaskPriorityInherit  tasks.o
    0x080076fc   0x00000030   Code   RO         3233    i.vTaskSetTimeOutState  tasks.o
    0x0800772c   0x00000088   Code   RO         3234    i.vTaskStartScheduler  tasks.o
    0x080077b4   0x00000010   Code   RO         3236    i.vTaskSuspendAll   tasks.o
    0x080077c4   0x0000008c   Code   RO         3237    i.vTaskSwitchContext  tasks.o
    0x08007850   0x0000013c   Code   RO         3686    i.xPortStartScheduler  port.o
    0x0800798c   0x00000034   Code   RO         3687    i.xPortSysTickHandler  port.o
    0x080079c0   0x00000058   Code   RO         3532    i.xQueueGenericCreate  queue.o
    0x08007a18   0x000001c4   Code   RO         3533    i.xQueueGenericReceive  queue.o
    0x08007bdc   0x00000098   Code   RO         3534    i.xQueueGenericReset  queue.o
    0x08007c74   0x000001a8   Code   RO         3535    i.xQueueGenericSend  queue.o
    0x08007e1c   0x000000f8   Code   RO         3536    i.xQueueGenericSendFromISR  queue.o
    0x08007f14   0x000000e0   Code   RO         3537    i.xQueueGiveFromISR  queue.o
    0x08007ff4   0x00000026   Code   RO         3538    i.xQueueIsQueueEmptyFromISR  queue.o
    0x0800801a   0x000000ca   Code   RO         3541    i.xQueueReceiveFromISR  queue.o
    0x080080e4   0x0000008c   Code   RO         3238    i.xTaskCheckForTimeOut  tasks.o
    0x08008170   0x00000060   Code   RO         3239    i.xTaskCreate       tasks.o
    0x080081d0   0x00000020   Code   RO         3243    i.xTaskGetSchedulerState  tasks.o
    0x080081f0   0x00000148   Code   RO         3246    i.xTaskIncrementTick  tasks.o
    0x08008338   0x000000c8   Code   RO         3249    i.xTaskPriorityDisinherit  tasks.o
    0x08008400   0x00000098   Code   RO         3250    i.xTaskRemoveFromEventList  tasks.o
    0x08008498   0x00000104   Code   RO         3252    i.xTaskResumeAll    tasks.o
    0x0800859c   0x00000008   Data   RO         1448    .constdata          stm32f4xx_hal_dma.o
    0x080085a4   0x00000064   Data   RO         2699    .constdata          main.o
    0x08008608   0x00000010   Data   RO         2875    .constdata          uartpccommreceiver.o
    0x08008618   0x00000018   Data   RO         3175    .constdata          system_stm32f4xx.o
    0x08008630   0x00000081   Data   RO         5727    .constdata          mc_w.l(ctype_o.o)
    0x080086b1   0x00000003   PAD
    0x080086b4   0x00000004   Data   RO         5728    .constdata          mc_w.l(ctype_o.o)
    0x080086b8   0x00000041   Data   RO         2700    .conststring        main.o
    0x080086f9   0x00000003   PAD
    0x080086fc   0x0000000e   Data   RO         2876    .conststring        uartpccommreceiver.o
    0x0800870a   0x00000002   PAD
    0x0800870c   0x00000020   Data   RO         5774    Region$$Table       anon$$obj.o


    Execution Region RW_IRAM1 (Base: 0x20000000, Size: 0x00004b08, Max: 0x00018000, ABSOLUTE)

    Base Addr    Size         Type   Attr      Idx    E Section Name        Object

    0x20000000   0x00000004   Data   RW          458    .data               stm32f4xx_hal.o
    0x20000004   0x0000002b   Data   RW         2701    .data               main.o
    0x2000002f   0x00000001   PAD
    0x20000030   0x00000026   Data   RW         2877    .data               uartpccommreceiver.o
    0x20000056   0x00000002   PAD
    0x20000058   0x00000004   Data   RW         3134    .data               ultrasonic.o
    0x2000005c   0x00000004   Data   RW         3176    .data               system_stm32f4xx.o
    0x20000060   0x0000003c   Data   RW         3255    .data               tasks.o
    0x2000009c   0x0000000c   Data   RW         3688    .data               port.o
    0x200000a8   0x00000018   Data   RW         4137    .data               heap_4.o
    0x200000c0   0x00000018   Data   RW         4570    .data               jansson_CM3LE.lib(value.o)
    0x200000d8   0x00000008   Data   RW         5123    .data               jansson_CM3LE.lib(memory.o)
    0x200000e0   0x00000004   Data   RW         5298    .data               jansson_CM3LE.lib(hashtable_seed.o)
    0x200000e4   0x00000004   Data   RW         5664    .data               mc_w.l(errno.o)
    0x200000e8   0x00000004   Data   RW         5696    .data               mc_w.l(mvars.o)
    0x200000ec   0x00000004   Data   RW         5697    .data               mc_w.l(mvars.o)
    0x200000f0   0x000002c8   Zero   RW         2698    .bss                main.o
    0x200003b8   0x0000003c   Zero   RW         2831    .bss                stm32f4xx_hal_timebase_tim.o
    0x200003f4   0x00000400   Zero   RW         2874    .bss                uartpccommreceiver.o
    0x200007f4   0x00000020   Zero   RW         3133    .bss                ultrasonic.o
    0x20000814   0x000000f0   Zero   RW         3254    .bss                tasks.o
    0x20000904   0x00003c00   Zero   RW         4136    .bss                heap_4.o
    0x20004504   0x00000004   PAD
    0x20004508   0x00000200   Zero   RW         3164    HEAP                startup_stm32f401xe.o
    0x20004708   0x00000400   Zero   RW         3163    STACK               startup_stm32f401xe.o


==============================================================================

Image component sizes


      Code (inc. data)   RO Data    RW Data    ZI Data      Debug   Object Name

       112          0          0          0          0      13590   cmsis_os.o
         0          0          0          0          0        524   freertos.o
       692         62          0         24      15360       7767   heap_4.o
         6          0          0          0          0       1026   jansson_config.o
       556         62          0          0          0       7694   json.o
       148          0          0          0          0       3942   list.o
      2010        284        165         43        712      16567   main.o
       250          6          0          0          0       2795   motor.o
       958         92          0         12          0      12729   port.o
      2256         16          0          0          0      18165   queue.o
        36          8        404          0       1536        864   startup_stm32f401xe.o
        88         16          0          4          0       3504   stm32f4xx_hal.o
       338         22          0          0          0     437257   stm32f4xx_hal_cortex.o
      1284         20          8          0          0       6698   stm32f4xx_hal_dma.o
       480         32          0          0          0       2476   stm32f4xx_hal_gpio.o
       942        108          0          0          0       4360   stm32f4xx_hal_msp.o
      1912         90          0          0          0       6609   stm32f4xx_hal_rcc.o
      2264         74          0          0          0      17912   stm32f4xx_hal_tim.o
       102          0          0          0          0       2582   stm32f4xx_hal_tim_ex.o
       140         18          0          0         60       1680   stm32f4xx_hal_timebase_tim.o
      2592         42          0          0          0      16454   stm32f4xx_hal_uart.o
       228         68          0          0          0      28793   stm32f4xx_it.o
       100         18         24          4          0       1335   system_stm32f4xx.o
      2732        358          0         60        240      33887   tasks.o
       700        102         30         38       1024       9003   uartpccommreceiver.o
       188         30          0          0          0        800   uartpccommtransmitter.o
       480         56          0          4         32       2248   ultrasonic.o

    ----------------------------------------------------------------------
     21616       1584        668        192      18968     661261   Object Totals
         0          0         32          0          0          0   (incl. Generated)
        22          0          5          3          4          0   (incl. Padding)

    ----------------------------------------------------------------------

      Code (inc. data)   RO Data    RW Data    ZI Data      Debug   Library Member Name

       154          4          0          0          0       6477   error.o
       988         32          0          0          0      15308   hashtable.o
        40          6          0          4          0       1280   hashtable_seed.o
      3294        680          0          0          0      24785   load.o
        68          8          0          8          0       5614   memory.o
       220          4          0          0          0       4432   strbuffer.o
       100         10          0          0          0       1151   strconv.o
       320         14          0          0          0       2507   utf.o
       812         32          0         24          0      21506   value.o
        48         14          0          0          0        128   strtod.o
       144          0          0          0          0         88   __strtoll.o
        28          0          0          0          0         68   _chval.o
        64          0          0          0          0         84   _sgetc.o
       194          0          0          0          0         96   _strtoull.o
        28          0          0          0          0         76   calloc.o
         8          4        133          0          0         68   ctype_o.o
         0          0          0          0          0          0   entry.o
         0          0          0          0          0          0   entry10a.o
         0          0          0          0          0          0   entry11a.o
         8          4          0          0          0          0   entry2.o
         4          0          0          0          0          0   entry5.o
         0          0          0          0          0          0   entry7b.o
         0          0          0          0          0          0   entry8b.o
         8          4          0          0          0          0   entry9a.o
         8          4          0          4          0         68   errno.o
        30          0          0          0          0          0   handlers.o
        36          8          0          0          0         68   init.o
        18          0          0          0          0         76   isspace_o.o
         0          0          0          0          0          0   iusefp.o
        30          0          0          0          0         68   llshl.o
        36          0          0          0          0         68   llsshr.o
        32          0          0          0          0         68   llushr.o
       360         30          0          0          0        356   mallocr.o
        20          0          0          0          0         68   memchr.o
        64          0          0          0          0         76   memmovea.o
        36          0          0          0          0        108   memseta.o
         0          0          0          8          0          0   mvars.o
      2390         94          0          0          0        752   printfa.o
       838         12          0          0          0        216   scanf_fp.o
        24          0          0          0          0         68   strcat.o
        28          0          0          0          0         76   strcmp.o
        18          0          0          0          0         68   strcpy.o
        14          0          0          0          0         68   strlen.o
       156         12          0          0          0        120   strtod.o
         4          0          0          0          0         68   strtoll.o
        44          0          0          0          0         80   uidiv.o
        98          0          0          0          0         92   uldiv.o
        48          0          0          0          0         68   cdcmple.o
        48          0          0          0          0         68   cdrcmple.o
        56          0          0          0          0         88   d2f.o
       334          0          0          0          0        148   dadd.o
       222          0          0          0          0        100   ddiv.o
       186          0          0          0          0        176   depilogue.o
        48          0          0          0          0         68   dfixul.o
        24          0          0          0          0         76   dfltul.o
       228          0          0          0          0         96   dmul.o
        38          0          0          0          0         68   f2d.o
       110          0          0          0          0        168   fepilogue.o

    ----------------------------------------------------------------------
     12184        976        136         48          0      87424   Library Totals
        28          0          3          0          0          0   (incl. Padding)

    ----------------------------------------------------------------------

      Code (inc. data)   RO Data    RW Data    ZI Data      Debug   Library Name

      5996        790          0         36          0      83060   jansson_CM3LE.lib
        48         14          0          0          0        128   m_wm.l
      4770        172        133         12          0       3112   mc_w.l
      1342          0          0          0          0       1124   mf_w.l

    ----------------------------------------------------------------------
     12184        976        136         48          0      87424   Library Totals

    ----------------------------------------------------------------------

==============================================================================


      Code (inc. data)   RO Data    RW Data    ZI Data      Debug   

     33800       2560        804        240      18968     724225   Grand Totals
     33800       2560        804        240      18968     724225   ELF Image Totals
     33800       2560        804        240          0          0   ROM Totals

==============================================================================

    Total RO  Size (Code + RO Data)                34604 (  33.79kB)
    Total RW  Size (RW Data + ZI Data)             19208 (  18.76kB)
    Total ROM Size (Code + RO Data + RW Data)      34844 (  34.03kB)

==============================================================================

