Component: ARM Compiler 5.06 update 4 (build 422) Tool: armlink [4d35d2]

==============================================================================

Section Cross References

    stm32f4xx_hal_cortex.o(i.HAL_NVIC_SetPriority) refers to stm32f4xx_hal_cortex.o(i.NVIC_SetPriority) for NVIC_SetPriority
    stm32f4xx_hal_cortex.o(i.HAL_SYSTICK_Config) refers to stm32f4xx_hal_cortex.o(i.NVIC_SetPriority) for NVIC_SetPriority
    stm32f4xx_hal_cortex.o(i.HAL_SYSTICK_IRQHandler) refers to stm32f4xx_hal_cortex.o(i.HAL_SYSTICK_Callback) for HAL_SYSTICK_Callback
    stm32f4xx_hal_flash.o(i.FLASH_SetErrorCode) refers to stm32f4xx_hal_flash.o(.bss) for .bss
    stm32f4xx_hal_flash.o(i.FLASH_WaitForLastOperation) refers to stm32f4xx_hal.o(i.HAL_GetTick) for HAL_GetTick
    stm32f4xx_hal_flash.o(i.FLASH_WaitForLastOperation) refers to stm32f4xx_hal_flash.o(i.FLASH_SetErrorCode) for FLASH_SetErrorCode
    stm32f4xx_hal_flash.o(i.FLASH_WaitForLastOperation) refers to stm32f4xx_hal_flash.o(.bss) for .bss
    stm32f4xx_hal_flash.o(i.HAL_FLASH_GetError) refers to stm32f4xx_hal_flash.o(.bss) for .bss
    stm32f4xx_hal_flash.o(i.HAL_FLASH_IRQHandler) refers to stm32f4xx_hal_flash.o(i.FLASH_SetErrorCode) for FLASH_SetErrorCode
    stm32f4xx_hal_flash.o(i.HAL_FLASH_IRQHandler) refers to stm32f4xx_hal_flash.o(i.HAL_FLASH_OperationErrorCallback) for HAL_FLASH_OperationErrorCallback
    stm32f4xx_hal_flash.o(i.HAL_FLASH_IRQHandler) refers to stm32f4xx_hal_flash.o(i.HAL_FLASH_EndOfOperationCallback) for HAL_FLASH_EndOfOperationCallback
    stm32f4xx_hal_flash.o(i.HAL_FLASH_IRQHandler) refers to stm32f4xx_hal_flash_ex.o(i.FLASH_Erase_Sector) for FLASH_Erase_Sector
    stm32f4xx_hal_flash.o(i.HAL_FLASH_IRQHandler) refers to stm32f4xx_hal_flash_ex.o(i.FLASH_FlushCaches) for FLASH_FlushCaches
    stm32f4xx_hal_flash.o(i.HAL_FLASH_IRQHandler) refers to stm32f4xx_hal_flash.o(.bss) for .bss
    stm32f4xx_hal_flash.o(i.HAL_FLASH_OB_Launch) refers to stm32f4xx_hal_flash.o(i.FLASH_WaitForLastOperation) for FLASH_WaitForLastOperation
    stm32f4xx_hal_flash.o(i.HAL_FLASH_Program) refers to stm32f4xx_hal_flash.o(i.FLASH_WaitForLastOperation) for FLASH_WaitForLastOperation
    stm32f4xx_hal_flash.o(i.HAL_FLASH_Program) refers to stm32f4xx_hal_flash.o(i.FLASH_Program_DoubleWord) for FLASH_Program_DoubleWord
    stm32f4xx_hal_flash.o(i.HAL_FLASH_Program) refers to stm32f4xx_hal_flash.o(i.FLASH_Program_Byte) for FLASH_Program_Byte
    stm32f4xx_hal_flash.o(i.HAL_FLASH_Program) refers to stm32f4xx_hal_flash.o(i.FLASH_Program_HalfWord) for FLASH_Program_HalfWord
    stm32f4xx_hal_flash.o(i.HAL_FLASH_Program) refers to stm32f4xx_hal_flash.o(i.FLASH_Program_Word) for FLASH_Program_Word
    stm32f4xx_hal_flash.o(i.HAL_FLASH_Program) refers to stm32f4xx_hal_flash.o(.bss) for .bss
    stm32f4xx_hal_flash.o(i.HAL_FLASH_Program_IT) refers to stm32f4xx_hal_flash.o(i.FLASH_Program_DoubleWord) for FLASH_Program_DoubleWord
    stm32f4xx_hal_flash.o(i.HAL_FLASH_Program_IT) refers to stm32f4xx_hal_flash.o(i.FLASH_Program_Byte) for FLASH_Program_Byte
    stm32f4xx_hal_flash.o(i.HAL_FLASH_Program_IT) refers to stm32f4xx_hal_flash.o(i.FLASH_Program_HalfWord) for FLASH_Program_HalfWord
    stm32f4xx_hal_flash.o(i.HAL_FLASH_Program_IT) refers to stm32f4xx_hal_flash.o(i.FLASH_Program_Word) for FLASH_Program_Word
    stm32f4xx_hal_flash.o(i.HAL_FLASH_Program_IT) refers to stm32f4xx_hal_flash.o(.bss) for .bss
    stm32f4xx_hal_pwr_ex.o(i.HAL_PWREx_ControlVoltageScaling) refers to stm32f4xx_hal.o(i.HAL_GetTick) for HAL_GetTick
    stm32f4xx_hal_pwr_ex.o(i.HAL_PWREx_DisableBkUpReg) refers to stm32f4xx_hal.o(i.HAL_GetTick) for HAL_GetTick
    stm32f4xx_hal_pwr_ex.o(i.HAL_PWREx_EnableBkUpReg) refers to stm32f4xx_hal.o(i.HAL_GetTick) for HAL_GetTick
    stm32f4xx_hal.o(i.HAL_DeInit) refers to stm32f4xx_hal.o(i.HAL_MspDeInit) for HAL_MspDeInit
    stm32f4xx_hal.o(i.HAL_Delay) refers to stm32f4xx_hal.o(i.HAL_GetTick) for HAL_GetTick
    stm32f4xx_hal.o(i.HAL_GetTick) refers to stm32f4xx_hal.o(.data) for .data
    stm32f4xx_hal.o(i.HAL_IncTick) refers to stm32f4xx_hal.o(.data) for .data
    stm32f4xx_hal.o(i.HAL_Init) refers to stm32f4xx_hal_cortex.o(i.HAL_NVIC_SetPriorityGrouping) for HAL_NVIC_SetPriorityGrouping
    stm32f4xx_hal.o(i.HAL_Init) refers to stm32f4xx_hal_timebase_tim.o(i.HAL_InitTick) for HAL_InitTick
    stm32f4xx_hal.o(i.HAL_Init) refers to stm32f4xx_hal_msp.o(i.HAL_MspInit) for HAL_MspInit
    stm32f4xx_hal.o(i.HAL_InitTick) refers to stm32f4xx_hal_cortex.o(i.HAL_SYSTICK_Config) for HAL_SYSTICK_Config
    stm32f4xx_hal.o(i.HAL_InitTick) refers to stm32f4xx_hal_cortex.o(i.HAL_NVIC_SetPriority) for HAL_NVIC_SetPriority
    stm32f4xx_hal.o(i.HAL_InitTick) refers to system_stm32f4xx.o(.data) for SystemCoreClock
    stm32f4xx_hal_dma_ex.o(i.HAL_DMAEx_MultiBufferStart) refers to stm32f4xx_hal_dma_ex.o(i.DMA_MultiBufferSetConfig) for DMA_MultiBufferSetConfig
[...]
    i.strbuffer_value                        0x08005d6c   Section        0  strbuffer.o(i.strbuffer_value)
    i.stream_get                             0x08005d70   Section        0  load.o(i.stream_get)
    stream_get                               0x08005d71   Thumb Code   200  load.o(i.stream_get)
    i.stream_unget                           0x08005e54   Section        0  load.o(i.stream_unget)
    stream_unget                             0x08005e55   Thumb Code    74  load.o(i.stream_unget)
    i.string_create                          0x08005e9e   Section        0  value.o(i.string_create)
    string_create                            0x08005e9f   Thumb Code    62  value.o(i.string_create)
    i.strtod                                 0x08005ee0   Section        0  strtod.o(i.strtod)
    i.utf8_check_first                       0x08005f10   Section        0  utf.o(i.utf8_check_first)
    i.utf8_check_full                        0x08005f4c   Section        0  utf.o(i.utf8_check_full)
    i.utf8_encode                            0x08005fd4   Section        0  utf.o(i.utf8_encode)
    i.uxListRemove                           0x08006050   Section        0  list.o(i.uxListRemove)
    i.vListInitialise                        0x08006074   Section        0  list.o(i.vListInitialise)
    i.vListInitialiseItem                    0x0800608a   Section        0  list.o(i.vListInitialiseItem)
    i.vListInsert                            0x08006090   Section        0  list.o(i.vListInsert)
    i.vListInsertEnd                         0x080060c0   Section        0  list.o(i.vListInsertEnd)
    i.vPortEnterCritical                     0x080060d8   Section        0  port.o(i.vPortEnterCritical)
    i.vPortExitCritical                      0x08006118   Section        0  port.o(i.vPortExitCritical)
    i.vPortFree                              0x08006140   Section        0  heap_4.o(i.vPortFree)
    i.vPortSetupTimerInterrupt               0x0800619c   Section        0  port.o(i.vPortSetupTimerInterrupt)
    i.vPortValidateInterruptPriority         0x080061bc   Section        0  port.o(i.vPortValidateInterruptPriority)
    i.vTaskDelay                             0x08006210   Section        0  tasks.o(i.vTaskDelay)
    i.vTaskMissedYield                       0x0800625c   Section        0  tasks.o(i.vTaskMissedYield)
    i.vTaskPlaceOnEventList                  0x08006268   Section        0  tasks.o(i.vTaskPlaceOnEventList)
    i.vTaskPriorityInherit                   0x08006298   Section        0  tasks.o(i.vTaskPriorityInherit)
    i.vTaskSetTimeOutState                   0x0800631c   Section        0  tasks.o(i.vTaskSetTimeOutState)
    i.vTaskStartScheduler                    0x08006340   Section        0  tasks.o(i.vTaskStartScheduler)
    i.vTaskSuspendAll                        0x080063a8   Section        0  tasks.o(i.vTaskSuspendAll)
    i.vTaskSwitchContext                     0x080063b8   Section        0  tasks.o(i.vTaskSwitchContext)
    i.xPortStartScheduler                    0x08006414   Section        0  port.o(i.xPortStartScheduler)
    i.xPortSysTickHandler                    0x080064f4   Section        0  port.o(i.xPortSysTickHandler)
    i.xQueueGenericCreate                    0x08006520   Section        0  queue.o(i.xQueueGenericCreate)
    i.xQueueGenericReceive                   0x08006568   Section        0  queue.o(i.xQueueGenericReceive)
    i.xQueueGenericReset                     0x080066d4   Section        0  queue.o(i.xQueueGenericReset)
    i.xQueueGenericSend                      0x0800675c   Section        0  queue.o(i.xQueueGenericSend)
    i.xQueueGenericSendFromISR               0x080068bc   Section        0  queue.o(i.xQueueGenericSendFromISR)
    i.xTaskCheckForTimeOut                   0x08006978   Section        0  tasks.o(i.xTaskCheckForTimeOut)
    i.xTaskCreate                            0x080069e4   Section        0  tasks.o(i.xTaskCreate)
    i.xTaskGetSchedulerState                 0x08006a3c   Section        0  tasks.o(i.xTaskGetSchedulerState)
    i.xTaskIncrementTick                     0x08006a58   Section        0  tasks.o(i.xTaskIncrementTick)
    i.xTaskPriorityDisinherit                0x08006b20   Section        0  tasks.o(i.xTaskPriorityDisinherit)
    i.xTaskRemoveFromEventList               0x08006bb8   Section        0  tasks.o(i.xTaskRemoveFromEventList)
    i.xTaskResumeAll                         0x08006c2c   Section        0  tasks.o(i.xTaskResumeAll)
    .constdata                               0x08006cf0   Section        8  stm32f4xx_hal_dma.o(.constdata)
    flagBitshiftOffset                       0x08006cf0   Data           8  stm32f4xx_hal_dma.o(.constdata)
    .constdata                               0x08006cf8   Section       80  main.o(.constdata)
    .constdata                               0x08006d48   Section       16  uartpccommreceiver.o(.constdata)
    .constdata                               0x08006d58   Section       16  system_stm32f4xx.o(.constdata)
    .constdata                               0x08006d68   Section        8  system_stm32f4xx.o(.constdata)
    .constdata                               0x08006d70   Section      129  ctype_o.o(.constdata)
    .constdata                               0x08006df4   Section        4  ctype_o.o(.constdata)
    table                                    0x08006df4   Data           4  ctype_o.o(.constdata)
    .conststring                             0x08006df8   Section       51  main.o(.conststring)
    .conststring                             0x08006e2c   Section       14  uartpccommreceiver.o(.conststring)
    .data                                    0x20000000   Section        4  stm32f4xx_hal.o(.data)
    .data                                    0x20000004   Section       28  main.o(.data)
    .data                                    0x20000020   Section       40  uartpccommreceiver.o(.data)
    jsonCurrentRxBuffer                      0x20000020   Data           1  uartpccommreceiver.o(.data)
    jsonRxBufferState                        0x20000021   Data           1  uartpccommreceiver.o(.data)
    jsonJsonBufferState                      0x20000022   Data           1  uartpccommreceiver.o(.data)
    dmaRxBuffer                              0x20000023   Data           2  uartpccommreceiver.o(.data)
    typeKeyStr                               0x20000028   Data           4  uartpccommreceiver.o(.data)
    valueKeyStr                              0x2000002c   Data           4  uartpccommreceiver.o(.data)
    typeMotorsStr                            0x20000030   Data           4  uartpccommreceiver.o(.data)
    typeEventAckStr                          0x20000034   Data           4  uartpccommreceiver.o(.data)
    jsonRxBufferUsed                         0x20000038   Data           8  uartpccommreceiver.o(.data)
    motorCmd                                 0x20000040   Data           8  uartpccommreceiver.o(.data)
    .data                                    0x20000048   Section        4  system_stm32f4xx.o(.data)
    .data                                    0x2000004c   Section       60  tasks.o(.data)
    uxDeletedTasksWaitingCleanUp             0x20000050   Data           4  tasks.o(.data)
    uxCurrentNumberOfTasks                   0x20000054   Data           4  tasks.o(.data)
    xTickCount                               0x20000058   Data           4  tasks.o(.data)
    uxTopReadyPriority                       0x2000005c   Data           4  tasks.o(.data)
    xSchedulerRunning                        0x20000060   Data           4  tasks.o(.data)
    uxPendedTicks                            0x20000064   Data           4  tasks.o(.data)
    xYieldPending                            0x20000068   Data           4  tasks.o(.data)
    xNumOfOverflows                          0x2000006c   Data           4  tasks.o(.data)
    uxTaskNumber                             0x20000070   Data           4  tasks.o(.data)
    xNextTaskUnblockTime                     0x20000074   Data           4  tasks.o(.data)
    xIdleTaskHandle                          0x20000078   Data           4  tasks.o(.data)
    uxSchedulerSuspended                     0x2000007c   Data           4  tasks.o(.data)
    pxDelayedTaskList                        0x20000080   Data           4  tasks.o(.data)
    pxOverflowDelayedTaskList                0x20000084   Data           4  tasks.o(.data)
    .data                                    0x20000088   Section       12  port.o(.data)
    ucMaxSysCallPriority                     0x20000088   Data           1  port.o(.data)
    uxCriticalNesting                        0x2000008c   Data           4  port.o(.data)
    ulMaxPRIGROUPValue                       0x20000090   Data           4  port.o(.data)
    .data                                    0x20000094   Section       24  heap_4.o(.data)
    pxEnd                                    0x20000094   Data           4  heap_4.o(.data)
    xFreeBytesRemaining                      0x20000098   Data           4  heap_4.o(.data)
    xMinimumEverFreeBytesRemaining           0x2000009c   Data           4  heap_4.o(.data)
    xBlockAllocatedBit                       0x200000a0   Data           4  heap_4.o(.data)
    xStart                                   0x200000a4   Data           8  heap_4.o(.data)
    .data                                    0x200000ac   Section       24  value.o(.data)
    the_true                                 0x200000ac   Data           8  value.o(.data)
    the_false                                0x200000b4   Data           8  value.o(.data)
    the_null                                 0x200000bc   Data           8  value.o(.data)
    .data                                    0x200000c4   Section        8  memory.o(.data)
    do_malloc                                0x200000c4   Data           4  memory.o(.data)
    do_free                                  0x200000c8   Data           4  memory.o(.data)
    .data                                    0x200000cc   Section        4  hashtable_seed.o(.data)
    .data                                    0x200000d0   Section        4  errno.o(.data)
    _errno                                   0x200000d0   Data           4  errno.o(.data)
    .data                                    0x200000d4   Section        4  mvars.o(.data)
    .data                                    0x200000d8   Section        4  mvars.o(.data)
    .bss                                     0x200000dc   Section      328  main.o(.bss)
    .bss                                     0x20000224   Section       96  main.o(.bss)
    .bss                                     0x20000284   Section       96  main.o(.bss)
    .bss                                     0x200002e4   Section       96  main.o(.bss)
    .bss                                     0x20000344   Section       96  main.o(.bss)
    .bss                                     0x200003a4   Section       60  stm32f4xx_hal_timebase_tim.o(.bss)
    .bss                                     0x200003e0   Section     1024  uartpccommreceiver.o(.bss)
    jsonRxBuffer                             0x200003e0   Data        1024  uartpccommreceiver.o(.bss)
    .bss                                     0x200007e0   Section      240  tasks.o(.bss)
    pxReadyTasksLists                        0x200007e0   Data         140  tasks.o(.bss)
    xDelayedTaskList1                        0x2000086c   Data          20  tasks.o(.bss)
    xDelayedTaskList2                        0x20000880   Data          20  tasks.o(.bss)
    xPendingReadyList                        0x20000894   Data          20  tasks.o(.bss)
    xTasksWaitingTermination                 0x200008a8   Data          20  tasks.o(.bss)
    xSuspendedTaskList                       0x200008bc   Data          20  tasks.o(.bss)
    .bss                                     0x200008d0   Section    15360  heap_4.o(.bss)
    ucHeap                                   0x200008d0   Data       15360  heap_4.o(.bss)
    HEAP                                     0x200044d0   Section      512  startup_stm32f401xe.o(HEAP)
    STACK                                    0x200046d0   Section     1024  startup_stm32f401xe.o(STACK)

    Global Symbols

    Symbol Name                              Value     Ov Type        Size  Object(Section)

    BuildAttributes$$THM_ISAv4$E$P$D$K$B$S$7EM$VFPi3$EXTD16$VFPS$VFMA$PE$A:L22UL41UL21$X:L11$S22US41US21$IEEE1$IW$USESV6$~STKCKD$USESV7$~SHL$OTIME$ROPI$IEEEJ$EBA8$MICROLIB$REQ8$PRES8$EABIv2 0x00000000   Number         0  anon$$obj.o ABSOLUTE
    __ARM_use_no_argv                        0x00000000   Number         0  main.o ABSOLUTE
    _printf_a                                0x00000000   Number         0  stubs.o ABSOLUTE
    _printf_c                                0x00000000   Number         0  stubs.o ABSOLUTE
    _printf_charcount                        0x00000000   Number         0  stubs.o ABSOLUTE
    _printf_d                                0x00000000   Number         0  stubs.o ABSOLUTE
    _printf_e                                0x00000000   Number         0  stubs.o ABSOLUTE
    _printf_f                                0x00000000   Number         0  stubs.o ABSOLUTE
    _printf_flags                            0x00000000   Number         0  stubs.o ABSOLUTE
    _printf_fp_dec                           0x00000000   Number         0  stubs.o ABSOLUTE
    _printf_fp_hex                           0x00000000   Number         0  stubs.o ABSOLUTE
    _printf_g                                0x00000000   Number         0  stubs.o ABSOLUTE
    _printf_i                                0x00000000   Number         0  stubs.o ABSOLUTE
    _printf_int_dec                          0x00000000   Number         0  stubs.o ABSOLUTE
    _printf_l                                0x00000000   Number         0  stubs.o ABSOLUTE
    _printf_lc                               0x00000000   Number         0  stubs.o ABSOLUTE
    _printf_ll                               0x00000000   Number         0  stubs.o ABSOLUTE
    _printf_lld                              0x00000000   Number         0  stubs.o ABSOLUTE
    _printf_lli                              0x00000000   Number         0  stubs.o ABSOLUTE
    _printf_llo                              0x00000000   Number         0  stubs.o ABSOLUTE
    _printf_llu                              0x00000000   Number         0  stubs.o ABSOLUTE
    _printf_llx                              0x00000000   Number         0  stubs.o ABSOLUTE
    _printf_longlong_dec                     0x00000000   Number         0  stubs.o ABSOLUTE
    _printf_longlong_hex                     0x00000000   Number         0  stubs.o ABSOLUTE
    _printf_longlong_oct                     0x00000000   Number         0  stubs.o ABSOLUTE
    _printf_ls                               0x00000000   Number         0  stubs.o ABSOLUTE
    _printf_mbtowc                           0x00000000   Number         0  stubs.o ABSOLUTE
    _printf_n                                0x00000000   Number         0  stubs.o ABSOLUTE
    _printf_o                                0x00000000   Number         0  stubs.o ABSOLUTE
    _printf_p                                0x00000000   Number         0  stubs.o ABSOLUTE
    _printf_percent                          0x00000000   Number         0  stubs.o ABSOLUTE
    _printf_pre_padding                      0x00000000   Number         0  stubs.o ABSOLUTE
    _printf_return_value                     0x00000000   Number         0  stubs.o ABSOLUTE
    _printf_s                                0x00000000   Number         0  stubs.o ABSOLUTE
    _printf_sizespec                         0x00000000   Number         0  stubs.o ABSOLUTE
    _printf_str                              0x00000000   Number         0  stubs.o ABSOLUTE
    _printf_truncate_signed                  0x00000000   Number         0  stubs.o ABSOLUTE
    _printf_truncate_unsigned                0x00000000   Number         0  stubs.o ABSOLUTE
    _printf_u                                0x00000000   Number         0  stubs.o ABSOLUTE
    _printf_wc                               0x00000000   Number         0  stubs.o ABSOLUTE
    _printf_wctomb                           0x00000000   Number         0  stubs.o ABSOLUTE
    _printf_widthprec                        0x00000000   Number         0  stubs.o ABSOLUTE
    _printf_x                                0x00000000   Number         0  stubs.o ABSOLUTE
    __cpp_initialize__aeabi_                  - Undefined Weak Reference
    __cxa_finalize                            - Undefined Weak Reference
    __decompress                              - Undefined Weak Reference
    _clock_init                               - Undefined Weak Reference
    _microlib_exit                            - Undefined Weak Reference
    __Vectors_Size                           0x00000194   Number         0  startup_stm32f401xe.o ABSOLUTE
    __Vectors                                0x08000000   Data           4  startup_stm32f401xe.o(RESET)
    __Vectors_End                            0x08000194   Data           0  startup_stm32f401xe.o(RESET)
    __main                                   0x08000195   Thumb Code     0  entry.o(.ARM.Collect$$$$00000000)
    _main_stk                                0x08000195   Thumb Code     0  entry2.o(.ARM.Collect$$$$00000001)
    _main_scatterload                        0x08000199   Thumb Code     0  entry5.o(.ARM.Collect$$$$00000004)
    __main_after_scatterload                 0x0800019d   Thumb Code     0  entry5.o(.ARM.Collect$$$$00000004)
    _main_clock                              0x0800019d   Thumb Code     0  entry7b.o(.ARM.Collect$$$$00000008)
    _main_cpp_init                           0x0800019d   Thumb Code     0  entry8b.o(.ARM.Collect$$$$0000000A)
    _main_init                               0x0800019d   Thumb Code     0  entry9a.o(.ARM.Collect$$$$0000000B)
    __rt_final_cpp                           0x080001a5   Thumb Code     0  entry10a.o(.ARM.Collect$$$$0000000D)
    __rt_final_exit                          0x080001a5   Thumb Code     0  entry11a.o(.ARM.Collect$$$$0000000F)
    SVC_Handler                              0x080001a9   Thumb Code    28  port.o(.emb_text)
    __asm___6_port_c_39a90d8d__prvStartFirstTask 0x080001c9   Thumb Code    28  port.o(.emb_text)
    __asm___6_port_c_39a90d8d__prvEnableVFP  0x080001e9   Thumb Code    16  port.o(.emb_text)
    PendSV_Handler                           0x080001fd   Thumb Code    92  port.o(.emb_text)
    vPortGetIPSR                             0x0800025d   Thumb Code     6  port.o(.emb_text)
    Reset_Handler                            0x08000265   Thumb Code     8  startup_stm32f401xe.o(.text)
    ADC_IRQHandler                           0x0800027f   Thumb Code     0  startup_stm32f401xe.o(.text)
    DMA1_Stream0_IRQHandler                  0x0800027f   Thumb Code     0  startup_stm32f401xe.o(.text)
    DMA1_Stream1_IRQHandler                  0x0800027f   Thumb Code     0  startup_stm32f401xe.o(.text)
    DMA1_Stream2_IRQHandler                  0x0800027f   Thumb Code     0  startup_stm32f401xe.o(.text)
    DMA1_Stream3_IRQHandler                  0x0800027f   Thumb Code     0  startup_stm32f401xe.o(.text)
    DMA1_Stream4_IRQHandler                  0x0800027f   Thumb Code     0  startup_stm32f401xe.o(.text)
    DMA1_Stream7_IRQHandler                  0x0800027f   Thumb Code     0  startup_stm32f401xe.o(.text)
    DMA2_Stream0_IRQHandler                  0x0800027f   Thumb Code     0  startup_stm32f401xe.o(.text)
    DMA2_Stream1_IRQHandler                  0x0800027f   Thumb Code     0  startup_stm32f401xe.o(.text)
    DMA2_Stream3_IRQHandler                  0x0800027f   Thumb Code     0  startup_stm32f401xe.o(.text)
    DMA2_Stream4_IRQHandler                  0x0800027f   Thumb Code     0  startup_stm32f401xe.o(.text)
    DMA2_Stream5_IRQHandler                  0x0800027f   Thumb Code     0  startup_stm32f401xe.o(.text)
    DMA2_Stream6_IRQHandler                  0x0800027f   Thumb Code     0  startup_stm32f401xe.o(.text)
    EXTI0_IRQHandler                         0x0800027f   Thumb Code     0  startup_stm32f401xe.o(.text)
    EXTI15_10_IRQHandler                     0x0800027f   Thumb Code     0  startup_stm32f401xe.o(.text)
    EXTI1_IRQHandler                         0x0800027f   Thumb Code     0  startup_stm32f401xe.o(.text)
    EXTI2_IRQHandler                         0x0800027f   Thumb Code     0  startup_stm32f401xe.o(.text)
    EXTI3_IRQHandler                         0x0800027f   Thumb Code     0  startup_stm32f401xe.o(.text)
    EXTI4_IRQHandler                         0x0800027f   Thumb Code     0  startup_stm32f401xe.o(.text)
    EXTI9_5_IRQHandler                       0x0800027f   Thumb Code     0  startup_stm32f401xe.o(.text)
    FLASH_IRQHandler                         0x0800027f   Thumb Code     0  startup_stm32f401xe.o(.text)
    FPU_IRQHandler                           0x0800027f   Thumb Code     0  startup_stm32f401xe.o(.text)
    I2C1_ER_IRQHandler                       0x0800027f   Thumb Code     0  startup_stm32f401xe.o(.text)
    I2C1_EV_IRQHandler                       0x0800027f   Thumb Code     0  startup_stm32f401xe.o(.text)
    I2C2_ER_IRQHandler                       0x0800027f   Thumb Code     0  startup_stm32f401xe.o(.text)
    I2C2_EV_IRQHandler                       0x0800027f   Thumb Code     0  startup_stm32f401xe.o(.text)
    I2C3_ER_IRQHandler                       0x0800027f   Thumb Code     0  startup_stm32f401xe.o(.text)
    I2C3_EV_IRQHandler                       0x0800027f   Thumb Code     0  startup_stm32f401xe.o(.text)
    OTG_FS_IRQHandler                        0x0800027f   Thumb Code     0  startup_stm32f401xe.o(.text)
    OTG_FS_WKUP_IRQHandler                   0x0800027f   Thumb Code     0  startup_stm32f401xe.o(.text)
    PVD_IRQHandler                           0x0800027f   Thumb Code     0  startup_stm32f401xe.o(.text)
    RCC_IRQHandler                           0x0800027f   Thumb Code     0  startup_stm32f401xe.o(.text)
    RTC_Alarm_IRQHandler                     0x0800027f   Thumb Code     0  startup_stm32f401xe.o(.text)
    RTC_WKUP_IRQHandler                      0x0800027f   Thumb Code     0  startup_stm32f401xe.o(.text)
    SDIO_IRQHandler                          0x0800027f   Thumb Code     0  startup_stm32f401xe.o(.text)
    SPI1_IRQHandler                          0x0800027f   Thumb Code     0  startup_stm32f401xe.o(.text)
    SPI2_IRQHandler                          0x0800027f   Thumb Code     0  startup_stm32f401xe.o(.text)
    SPI3_IRQHandler                          0x0800027f   Thumb Code     0  startup_stm32f401xe.o(.text)
    SPI4_IRQHandler                          0x0800027f   Thumb Code     0  startup_stm32f401xe.o(.text)
    TAMP_STAMP_IRQHandler                    0x0800027f   Thumb Code     0  startup_stm32f401xe.o(.text)
    TIM1_BRK_TIM9_IRQHandler                 0x0800027f   Thumb Code     0  startup_stm32f401xe.o(.text)
    TIM1_CC_IRQHandler                       0x0800027f   Thumb Code     0  startup_stm32f401xe.o(.text)
    TIM1_UP_TIM10_IRQHandler                 0x0800027f   Thumb Code     0  startup_stm32f401xe.o(.text)
    TIM2_IRQHandler                          0x0800027f   Thumb Code     0  startup_stm32f401xe.o(.text)
    TIM3_IRQHandler                          0x0800027f   Thumb Code     0  startup_stm32f401xe.o(.text)
    TIM4_IRQHandler                          0x0800027f   Thumb Code     0  startup_stm32f401xe.o(.text)
    TIM5_IRQHandler                          0x0800027f   Thumb Code     0  startup_stm32f401xe.o(.text)
    WWDG_IRQHandler                          0x0800027f   Thumb Code     0  startup_stm32f401xe.o(.text)
    __aeabi_uidiv                            0x08000289   Thumb Code     0  uidiv.o(.text)
    __aeabi_uidivmod                         0x08000289   Thumb Code    44  uidiv.o(.text)
    ___aeabi_memcpy8$move                    0x080002b5   Thumb Code     0  memmovea.o(.text)
    __aeabi_memcpy                           0x080002b5   Thumb Code    64  memmovea.o(.text)
    __aeabi_memcpy4                          0x080002b5   Thumb Code     0  memmovea.o(.text)
    __aeabi_memmove                          0x080002b5   Thumb Code     0  memmovea.o(.text)
    __aeabi_memmove4                         0x080002b5   Thumb Code     0  memmovea.o(.text)
    __aeabi_memmove8                         0x080002b5   Thumb Code     0  memmovea.o(.text)
    strlen                                   0x080002f5   Thumb Code    14  strlen.o(.text)
    strcmp                                   0x08000303   Thumb Code    28  strcmp.o(.text)
    memchr                                   0x0800031f   Thumb Code    20  memchr.o(.text)
    strcpy                                   0x08000333   Thumb Code    18  strcpy.o(.text)
    strtoll                                  0x08000345   Thumb Code     4  strtoll.o(.text)
    __aeabi_cdcmpeq                          0x08000349   Thumb Code     0  cdcmple.o(.text)
    __aeabi_cdcmple                          0x08000349   Thumb Code    48  cdcmple.o(.text)
    __aeabi_uldivmod                         0x08000379   Thumb Code    98  uldiv.o(.text)
    __strtod_int                             0x08000413   Thumb Code    90  strtod.o(.text)
    __strtoll                                0x08000479   Thumb Code   144  __strtoll.o(.text)
    __I$use$fp                               0x08000509   Thumb Code     0  iusefp.o(.text)
    _double_round                            0x08000509   Thumb Code    30  depilogue.o(.text)
    _double_epilogue                         0x08000527   Thumb Code   156  depilogue.o(.text)
    __aeabi_dadd                             0x080005c3   Thumb Code   322  dadd.o(.text)
    __aeabi_dsub                             0x08000705   Thumb Code     6  dadd.o(.text)
    __aeabi_drsub                            0x0800070b   Thumb Code     6  dadd.o(.text)
    __aeabi_dmul                             0x08000711   Thumb Code   228  dmul.o(.text)
    __aeabi_ddiv                             0x080007f5   Thumb Code   222  ddiv.o(.text)
    __aeabi_d2ulz                            0x080008d3   Thumb Code    48  dfixul.o(.text)
    __aeabi_cdrcmple                         0x08000905   Thumb Code    48  cdrcmple.o(.text)
    __scatterload                            0x08000935   Thumb Code    28  init.o(.text)
    __scatterload_rt2                        0x08000935   Thumb Code     0  init.o(.text)
    __aeabi_llsl                             0x08000959   Thumb Code    30  llshl.o(.text)
    _ll_shift_l                              0x08000959   Thumb Code     0  llshl.o(.text)
    __aeabi_llsr                             0x08000977   Thumb Code    32  llushr.o(.text)
    _ll_ushift_r                             0x08000977   Thumb Code     0  llushr.o(.text)
    __aeabi_lasr                             0x08000997   Thumb Code    36  llsshr.o(.text)
    _ll_sshift_r                             0x08000997   Thumb Code     0  llsshr.o(.text)
    __rt_ctype_table                         0x080009bd   Thumb Code     4  ctype_o.o(.text)
    isspace                                  0x080009c5   Thumb Code    18  isspace_o.o(.text)
    _scanf_real                              0x08000ad9   Thumb Code     0  scanf_fp.o(.text)
    _scanf_really_real                       0x08000ad9   Thumb Code   556  scanf_fp.o(.text)
    _sgetc                                   0x08000d11   Thumb Code    30  _sgetc.o(.text)
    _sbackspace                              0x08000d2f   Thumb Code    34  _sgetc.o(.text)
    _strtoull                                0x08000d51   Thumb Code   194  _strtoull.o(.text)
    _chval                                   0x08000e13   Thumb Code    28  _chval.o(.text)
    __aeabi_ul2d                             0x08000e2f   Thumb Code    24  dfltul.o(.text)
    __aeabi_d2f                              0x08000e47   Thumb Code    56  d2f.o(.text)
    _float_round                             0x08000e7f   Thumb Code    18  fepilogue.o(.text)
    _float_epilogue                          0x08000e91   Thumb Code    92  fepilogue.o(.text)
    BusFault_Handler                         0x08000eed   Thumb Code     2  stm32f4xx_it.o(i.BusFault_Handler)
    DMA1_Stream5_IRQHandler                  0x08000ef1   Thumb Code     6  stm32f4xx_it.o(i.DMA1_Stream5_IRQHandler)
    DMA1_Stream6_IRQHandler                  0x08000efd   Thumb Code     6  stm32f4xx_it.o(i.DMA1_Stream6_IRQHandler)
    DMA2_Stream2_IRQHandler                  0x08000f09   Thumb Code     6  stm32f4xx_it.o(i.DMA2_Stream2_IRQHandler)
    DMA2_Stream7_IRQHandler                  0x08000f15   Thumb Code     6  stm32f4xx_it.o(i.DMA2_Stream7_IRQHandler)
    DebugMon_Handler                         0x08000fc5   Thumb Code     2  stm32f4xx_it.o(i.DebugMon_Handler)
    GeneratePackage                          0x08000fc7   Thumb Code    24  motor.o(i.GeneratePackage)
    HAL_DMA_Abort_IT                         0x08000fdf   Thumb Code    36  stm32f4xx_hal_dma.o(i.HAL_DMA_Abort_IT)
    HAL_DMA_IRQHandler                       0x08001005   Thumb Code   414  stm32f4xx_hal_dma.o(i.HAL_DMA_IRQHandler)
    HAL_DMA_Init                             0x080011ad   Thumb Code   206  stm32f4xx_hal_dma.o(i.HAL_DMA_Init)
    HAL_DMA_Start_IT                         0x08001281   Thumb Code   120  stm32f4xx_hal_dma.o(i.HAL_DMA_Start_IT)
    HAL_GPIO_Init                            0x080012f9   Thumb Code   358  stm32f4xx_hal_gpio.o(i.HAL_GPIO_Init)
    HAL_GPIO_WritePin                        0x08001481   Thumb Code    10  stm32f4xx_hal_gpio.o(i.HAL_GPIO_WritePin)
    HAL_GetTick                              0x0800148d   Thumb Code     6  stm32f4xx_hal.o(i.HAL_GetTick)
    HAL_IncTick                              0x08001499   Thumb Code    10  stm32f4xx_hal.o(i.HAL_IncTick)
    HAL_Init                                 0x080014a9   Thumb Code    48  stm32f4xx_hal.o(i.HAL_Init)
    HAL_InitTick                             0x080014dd   Thumb Code    98  stm32f4xx_hal_timebase_tim.o(i.HAL_InitTick)
    HAL_MspInit                              0x08001551   Thumb Code    88  stm32f4xx_hal_msp.o(i.HAL_MspInit)
    HAL_NVIC_EnableIRQ                       0x080015a9   Thumb Code    22  stm32f4xx_hal_cortex.o(i.HAL_NVIC_EnableIRQ)
    HAL_NVIC_SetPriority                     0x080015c1   Thumb Code    60  stm32f4xx_hal_cortex.o(i.HAL_NVIC_SetPriority)
    HAL_NVIC_SetPriorityGrouping             0x08001601   Thumb Code    26  stm32f4xx_hal_cortex.o(i.HAL_NVIC_SetPriorityGrouping)
    HAL_RCC_ClockConfig                      0x08001625   Thumb Code   364  stm32f4xx_hal_rcc.o(i.HAL_RCC_ClockConfig)
    HAL_RCC_GetClockConfig                   0x080017a1   Thumb Code    54  stm32f4xx_hal_rcc.o(i.HAL_RCC_GetClockConfig)
    HAL_RCC_GetHCLKFreq                      0x080017e1   Thumb Code     6  stm32f4xx_hal_rcc.o(i.HAL_RCC_GetHCLKFreq)
    HAL_RCC_GetPCLK1Freq                     0x080017ed   Thumb Code    34  stm32f4xx_hal_rcc.o(i.HAL_RCC_GetPCLK1Freq)
    HAL_RCC_GetPCLK2Freq                     0x0800181d   Thumb Code    34  stm32f4xx_hal_rcc.o(i.HAL_RCC_GetPCLK2Freq)
    HAL_RCC_GetSysClockFreq                  0x0800184d   Thumb Code   104  stm32f4xx_hal_rcc.o(i.HAL_RCC_GetSysClockFreq)
    HAL_RCC_OscConfig                        0x080018c1   Thumb Code   770  stm32f4xx_hal_rcc.o(i.HAL_RCC_OscConfig)
    HAL_SYSTICK_CLKSourceConfig              0x08001bd5   Thumb Code    24  stm32f4xx_hal_cortex.o(i.HAL_SYSTICK_CLKSourceConfig)
    HAL_SYSTICK_Config                       0x08001bed   Thumb Code    40  stm32f4xx_hal_cortex.o(i.HAL_SYSTICK_Config)
    HAL_TIMEx_BreakCallback                  0x08001c15   Thumb Code     2  stm32f4xx_hal_tim_ex.o(i.HAL_TIMEx_BreakCallback)
    HAL_TIMEx_CommutationCallback            0x08001c17   Thumb Code     2  stm32f4xx_hal_tim_ex.o(i.HAL_TIMEx_CommutationCallback)
    HAL_TIMEx_MasterConfigSynchronization    0x08001c19   Thumb Code    80  stm32f4xx_hal_tim_ex.o(i.HAL_TIMEx_MasterConfigSynchronization)
    HAL_TIM_Base_Init                        0x08001c69   Thumb Code    54  stm32f4xx_hal_tim.o(i.HAL_TIM_Base_Init)
    HAL_TIM_Base_MspInit                     0x08001c9f   Thumb Code     2  stm32f4xx_hal_tim.o(i.HAL_TIM_Base_MspInit)
    HAL_TIM_Base_Start_IT                    0x08001ca1   Thumb Code    24  stm32f4xx_hal_tim.o(i.HAL_TIM_Base_Start_IT)
    HAL_TIM_IC_CaptureCallback               0x08001cb9   Thumb Code    98  main.o(i.HAL_TIM_IC_CaptureCallback)
    HAL_TIM_IC_ConfigChannel                 0x08001d29   Thumb Code   286  stm32f4xx_hal_tim.o(i.HAL_TIM_IC_ConfigChannel)
    HAL_TIM_IC_Init                          0x08001e47   Thumb Code    54  stm32f4xx_hal_tim.o(i.HAL_TIM_IC_Init)
    HAL_TIM_IC_MspInit                       0x08001e7d   Thumb Code    78  stm32f4xx_hal_msp.o(i.HAL_TIM_IC_MspInit)
    HAL_TIM_IC_Start_IT                      0x08001ed9   Thumb Code    76  stm32f4xx_hal_tim.o(i.HAL_TIM_IC_Start_IT)
    HAL_TIM_IC_Stop_IT                       0x08001f25   Thumb Code    94  stm32f4xx_hal_tim.o(i.HAL_TIM_IC_Stop_IT)
    HAL_TIM_IRQHandler                       0x08001f83   Thumb Code   358  stm32f4xx_hal_tim.o(i.HAL_TIM_IRQHandler)
    HAL_TIM_MspPostInit                      0x080020e9   Thumb Code    44  stm32f4xx_hal_msp.o(i.HAL_TIM_MspPostInit)
    HAL_TIM_OC_DelayElapsedCallback          0x08002119   Thumb Code     2  stm32f4xx_hal_tim.o(i.HAL_TIM_OC_DelayElapsedCallback)
    HAL_TIM_PWM_ConfigChannel                0x0800211b   Thumb Code   208  stm32f4xx_hal_tim.o(i.HAL_TIM_PWM_ConfigChannel)
    HAL_TIM_PWM_Init                         0x080021eb   Thumb Code    54  stm32f4xx_hal_tim.o(i.HAL_TIM_PWM_Init)
    HAL_TIM_PWM_MspInit                      0x08002221   Thumb Code    30  stm32f4xx_hal_msp.o(i.HAL_TIM_PWM_MspInit)
    HAL_TIM_PWM_PulseFinishedCallback        0x08002245   Thumb Code     2  stm32f4xx_hal_tim.o(i.HAL_TIM_PWM_PulseFinishedCallback)
    HAL_TIM_PWM_Start_IT                     0x08002249   Thumb Code    92  stm32f4xx_hal_tim.o(i.HAL_TIM_PWM_Start_IT)
    HAL_TIM_PeriodElapsedCallback            0x080022a9   Thumb Code    14  main.o(i.HAL_TIM_PeriodElapsedCallback)
    HAL_TIM_TriggerCallback                  0x080022bd   Thumb Code     2  stm32f4xx_hal_tim.o(i.HAL_TIM_TriggerCallback)
    HAL_UART_ErrorCallback                   0x080022bf   Thumb Code     2  stm32f4xx_hal_uart.o(i.HAL_UART_ErrorCallback)
    HAL_UART_IRQHandler                      0x080022c1   Thumb Code   266  stm32f4xx_hal_uart.o(i.HAL_UART_IRQHandler)
    HAL_UART_Init                            0x080023d1   Thumb Code    98  stm32f4xx_hal_uart.o(i.HAL_UART_Init)
    HAL_UART_MspInit                         0x08002435   Thumb Code   414  stm32f4xx_hal_msp.o(i.HAL_UART_MspInit)
    HAL_UART_Receive_DMA                     0x08002625   Thumb Code   138  stm32f4xx_hal_uart.o(i.HAL_UART_Receive_DMA)
    HAL_UART_RxCpltCallback                  0x080026bd   Thumb Code    12  stm32f4xx_it.o(i.HAL_UART_RxCpltCallback)
    HAL_UART_RxHalfCpltCallback              0x080026cd   Thumb Code    12  stm32f4xx_it.o(i.HAL_UART_RxHalfCpltCallback)
    HAL_UART_Transmit                        0x080026dd   Thumb Code   186  stm32f4xx_hal_uart.o(i.HAL_UART_Transmit)
    HAL_UART_Transmit_DMA                    0x08002799   Thumb Code   114  stm32f4xx_hal_uart.o(i.HAL_UART_Transmit_DMA)
    HAL_UART_TxCpltCallback                  0x08002819   Thumb Code     2  stm32f4xx_hal_uart.o(i.HAL_UART_TxCpltCallback)
    HAL_UART_TxHalfCpltCallback              0x0800281b   Thumb Code     2  stm32f4xx_hal_uart.o(i.HAL_UART_TxHalfCpltCallback)
    HardFault_Handler                        0x0800281d   Thumb Code     2  stm32f4xx_it.o(i.HardFault_Handler)
    MemManage_Handler                        0x080029ed   Thumb Code     2  stm32f4xx_it.o(i.MemManage_Handler)
    MoveMotor                                0x080029f1   Thumb Code    74  motor.o(i.MoveMotor)
    NMI_Handler                              0x08002a41   Thumb Code     2  stm32f4xx_it.o(i.NMI_Handler)
    StartDefaultTask                         0x08002a63   Thumb Code     8  main.o(i.StartDefaultTask)
    StartMotorControl                        0x08002a6d   Thumb Code    86  main.o(i.StartMotorControl)
    SysTick_Handler                          0x08002ac9   Thumb Code     4  stm32f4xx_it.o(i.SysTick_Handler)
    SystemClock_Config                       0x08002acd   Thumb Code   130  main.o(i.SystemClock_Config)
    SystemInit                               0x08002b59   Thumb Code    66  system_stm32f4xx.o(i.SystemInit)
    TIM1_TRG_COM_TIM11_IRQHandler            0x08002bad   Thumb Code    18  stm32f4xx_it.o(i.TIM1_TRG_COM_TIM11_IRQHandler)
    TIM_Base_SetConfig                       0x08002bc9   Thumb Code   114  stm32f4xx_hal_tim.o(i.TIM_Base_SetConfig)
    TIM_CCxChannelCmd                        0x08002c59   Thumb Code    22  stm32f4xx_hal_tim.o(i.TIM_CCxChannelCmd)
    TIM_OC2_SetConfig                        0x08002cc1   Thumb Code    84  stm32f4xx_hal_tim.o(i.TIM_OC2_SetConfig)
    TIM_TI1_SetConfig                        0x08002db5   Thumb Code    92  stm32f4xx_hal_tim.o(i.TIM_TI1_SetConfig)
    USART1_IRQHandler                        0x08003361   Thumb Code     6  stm32f4xx_it.o(i.USART1_IRQHandler)
    USART2_IRQHandler                        0x0800336d   Thumb Code     6  stm32f4xx_it.o(i.USART2_IRQHandler)
    USART6_IRQHandler                        0x08003379   Thumb Code     6  stm32f4xx_it.o(i.USART6_IRQHandler)
    Uart2CpltHandler                         0x08003385   Thumb Code     8  uartpccommreceiver.o(i.Uart2CpltHandler)
    Uart2HalfCpltHandler                     0x08003391   Thumb Code     8  uartpccommreceiver.o(i.Uart2HalfCpltHandler)
    UartPcCommReceiverFunc                   0x0800339d   Thumb Code   250  uartpccommreceiver.o(i.UartPcCommReceiverFunc)
    UltrasonicTaskFunction                   0x080034a5   Thumb Code   430  main.o(i.UltrasonicTaskFunction)
    UsageFault_Handler                       0x0800367d   Thumb Code     2  stm32f4xx_it.o(i.UsageFault_Handler)
    _Error_Handler                           0x0800367f   Thumb Code     2  main.o(i._Error_Handler)
    __0snprintf                              0x08003681   Thumb Code    44  printfa.o(i.__0snprintf)
    __1snprintf                              0x08003681   Thumb Code     0  printfa.o(i.__0snprintf)
    __2snprintf                              0x08003681   Thumb Code     0  printfa.o(i.__0snprintf)
    __c89snprintf                            0x08003681   Thumb Code     0  printfa.o(i.__0snprintf)
    snprintf                                 0x08003681   Thumb Code     0  printfa.o(i.__0snprintf)
    __0vsnprintf                             0x080036b1   Thumb Code    40  printfa.o(i.__0vsnprintf)
    __1vsnprintf                             0x080036b1   Thumb Code     0  printfa.o(i.__0vsnprintf)
    __2vsnprintf                             0x080036b1   Thumb Code     0  printfa.o(i.__0vsnprintf)
    __c89vsnprintf                           0x080036b1   Thumb Code     0  printfa.o(i.__0vsnprintf)
    vsnprintf                                0x080036b1   Thumb Code     0  printfa.o(i.__0vsnprintf)
    __ARM_common_switch8                     0x080036dd   Thumb Code    26  hashtable.o(i.__ARM_common_switch8)
    __ARM_isinf                              0x080036f7   Thumb Code    22  value.o(i.__ARM_isinf)
    __ARM_isnan                              0x0800370d   Thumb Code    20  value.o(i.__ARM_isnan)
    __aeabi_errno_addr                       0x08003725   Thumb Code     4  errno.o(i.__aeabi_errno_addr)
    __rt_errno_addr                          0x08003725   Thumb Code     0  errno.o(i.__aeabi_errno_addr)
    __scatterload_copy                       0x0800372d   Thumb Code    14  handlers.o(i.__scatterload_copy)
    __scatterload_null                       0x0800373b   Thumb Code     2  handlers.o(i.__scatterload_null)
    __scatterload_zeroinit                   0x0800373d   Thumb Code    14  handlers.o(i.__scatterload_zeroinit)
    _is_digit                                0x080038d1   Thumb Code    14  scanf_fp.o(i._is_digit)
    crc16                                    0x0800406d   Thumb Code    60  motor.o(i.crc16)
    free                                     0x080041b5   Thumb Code    76  malloc.o(i.free)
    hashtable_close                          0x080043ad   Thumb Code    16  hashtable.o(i.hashtable_close)
    hashtable_get                            0x08004491   Thumb Code    58  hashtable.o(i.hashtable_get)
    hashtable_init                           0x080044d1   Thumb Code    72  hashtable.o(i.hashtable_init)
    hashtable_set                            0x08004519   Thumb Code   168  hashtable.o(i.hashtable_set)
    json_array                               0x080045ef   Thumb Code    54  value.o(i.json_array)
    json_array_append_new                    0x08004625   Thumb Code    68  value.o(i.json_array_append_new)
    json_array_get                           0x0800466d   Thumb Code    28  value.o(i.json_array_get)
    json_array_size                          0x080046d5   Thumb Code    18  value.o(i.json_array_size)
    json_delete                              0x0800472f   Thumb Code    84  value.o(i.json_delete)
    json_false                               0x08004785   Thumb Code     4  value.o(i.json_false)
    json_integer                             0x0800479d   Thumb Code    28  value.o(i.json_integer)
    json_integer_value                       0x080047b9   Thumb Code    24  value.o(i.json_integer_value)
    json_loadb                               0x080047d1   Thumb Code    86  load.o(i.json_loadb)
    json_null                                0x08004849   Thumb Code     4  value.o(i.json_null)
    json_object                              0x08004851   Thumb Code    70  value.o(i.json_object)
    json_object_get                          0x0800489d   Thumb Code    28  value.o(i.json_object_get)
    json_object_seed                         0x080048b9   Thumb Code    34  hashtable_seed.o(i.json_object_seed)
    json_object_set_new_nocheck              0x080048e1   Thumb Code    58  value.o(i.json_object_set_new_nocheck)
    json_real                                0x08004921   Thumb Code    52  value.o(i.json_real)
    json_string_value                        0x08004955   Thumb Code    18  value.o(i.json_string_value)
    json_true                                0x08004969   Thumb Code     4  value.o(i.json_true)
    jsonp_error_init                         0x08004971   Thumb Code    34  error.o(i.jsonp_error_init)
    jsonp_error_set                          0x08004993   Thumb Code    16  error.o(i.jsonp_error_set)
    jsonp_error_set_source                   0x080049a5   Thumb Code    56  error.o(i.jsonp_error_set_source)
    jsonp_error_vset                         0x080049e1   Thumb Code    44  error.o(i.jsonp_error_vset)
    jsonp_free                               0x08004a0d   Thumb Code    12  memory.o(i.jsonp_free)
    jsonp_malloc                             0x08004a1d   Thumb Code    12  memory.o(i.jsonp_malloc)
    jsonp_stringn_nocheck_own                0x08004a2d   Thumb Code    10  value.o(i.jsonp_stringn_nocheck_own)
    jsonp_strndup                            0x08004a37   Thumb Code    36  memory.o(i.jsonp_strndup)
    jsonp_strtod                             0x08004a5d   Thumb Code    90  strconv.o(i.jsonp_strtod)
    main                                     0x080050d1   Thumb Code   244  main.o(i.main)
    malloc                                   0x080051e9   Thumb Code    92  malloc.o(i.malloc)
    osDelay                                  0x08005255   Thumb Code    14  cmsis_os.o(i.osDelay)
    osKernelStart                            0x08005263   Thumb Code    10  cmsis_os.o(i.osKernelStart)
    osSystickHandler                         0x0800526d   Thumb Code    20  cmsis_os.o(i.osSystickHandler)
    osThreadCreate                           0x08005281   Thumb Code    46  cmsis_os.o(i.osThreadCreate)
    pvPortMalloc                             0x08005b75   Thumb Code   210  heap_4.o(i.pvPortMalloc)
    pvTaskIncrementMutexHeldCount            0x08005c4d   Thumb Code    18  tasks.o(i.pvTaskIncrementMutexHeldCount)
    pxPortInitialiseStack                    0x08005c65   Thumb Code    40  port.o(i.pxPortInitialiseStack)
    seed_from_timestamp_and_pid              0x08005c91   Thumb Code     4  jansson_config.o(i.seed_from_timestamp_and_pid)
    strbuffer_append_byte                    0x08005c95   Thumb Code    12  strbuffer.o(i.strbuffer_append_byte)
    strbuffer_append_bytes                   0x08005ca1   Thumb Code   108  strbuffer.o(i.strbuffer_append_bytes)
    strbuffer_clear                          0x08005d11   Thumb Code    10  strbuffer.o(i.strbuffer_clear)
    strbuffer_close                          0x08005d1b   Thumb Code    24  strbuffer.o(i.strbuffer_close)
    strbuffer_init                           0x08005d33   Thumb Code    34  strbuffer.o(i.strbuffer_init)
    strbuffer_pop                            0x08005d55   Thumb Code    24  strbuffer.o(i.strbuffer_pop)
    strbuffer_value                          0x08005d6d   Thumb Code     4  strbuffer.o(i.strbuffer_value)
    strtod                                   0x08005ee1   Thumb Code    34  strtod.o(i.strtod)
    utf8_check_first                         0x08005f11   Thumb Code    60  utf.o(i.utf8_check_first)
    utf8_check_full                          0x08005f4d   Thumb Code   126  utf.o(i.utf8_check_full)
    utf8_encode                              0x08005fd5   Thumb Code   120  utf.o(i.utf8_encode)
    uxListRemove                             0x08006051   Thumb Code    36  list.o(i.uxListRemove)
    vListInitialise                          0x08006075   Thumb Code    22  list.o(i.vListInitialise)
    vListInitialiseItem                      0x0800608b   Thumb Code     6  list.o(i.vListInitialiseItem)
    vListInsert                              0x08006091   Thumb Code    48  list.o(i.vListInsert)
    vListInsertEnd                           0x080060c1   Thumb Code    24  list.o(i.vListInsertEnd)
    vPortEnterCritical                       0x080060d9   Thumb Code    54  port.o(i.vPortEnterCritical)
    vPortExitCritical                        0x08006119   Thumb Code    34  port.o(i.vPortExitCritical)
    vPortFree                                0x08006141   Thumb Code    88  heap_4.o(i.vPortFree)
    vPortSetupTimerInterrupt                 0x0800619d   Thumb Code    26  port.o(i.vPortSetupTimerInterrupt)
    vPortValidateInterruptPriority           0x080061bd   Thumb Code    74  port.o(i.vPortValidateInterruptPriority)
    vTaskDelay                               0x08006211   Thumb Code    66  tasks.o(i.vTaskDelay)
    vTaskMissedYield                         0x0800625d   Thumb Code     8  tasks.o(i.vTaskMissedYield)
    vTaskPlaceOnEventList                    0x08006269   Thumb Code    44  tasks.o(i.vTaskPlaceOnEventList)
    vTaskPriorityInherit                     0x08006299   Thumb Code   124  tasks.o(i.vTaskPriorityInherit)
    vTaskSetTimeOutState                     0x0800631d   Thumb Code    30  tasks.o(i.vTaskSetTimeOutState)
    vTaskStartScheduler                      0x08006341   Thumb Code    86  tasks.o(i.vTaskStartScheduler)
    vTaskSuspendAll                          0x080063a9   Thumb Code    10  tasks.o(i.vTaskSuspendAll)
    vTaskSwitchContext                       0x080063b9   Thumb Code    82  tasks.o(i.vTaskSwitchContext)
    xPortStartScheduler                      0x08006415   Thumb Code   202  port.o(i.xPortStartScheduler)
    xPortSysTickHandler                      0x080064f5   Thumb Code    38  port.o(i.xPortSysTickHandler)
    xQueueGenericCreate                      0x08006521   Thumb Code    72  queue.o(i.xQueueGenericCreate)
    xQueueGenericReceive                     0x08006569   Thumb Code   360  queue.o(i.xQueueGenericReceive)
    xQueueGenericReset                       0x080066d5   Thumb Code   132  queue.o(i.xQueueGenericReset)
    xQueueGenericSend                        0x0800675d   Thumb Code   346  queue.o(i.xQueueGenericSend)
    xQueueGenericSendFromISR                 0x080068bd   Thumb Code   188  queue.o(i.xQueueGenericSendFromISR)
    xTaskCheckForTimeOut                     0x08006979   Thumb Code   102  tasks.o(i.xTaskCheckForTimeOut)
    xTaskCreate                              0x080069e5   Thumb Code    86  tasks.o(i.xTaskCreate)
    xTaskGetSchedulerState                   0x08006a3d   Thumb Code    22  tasks.o(i.xTaskGetSchedulerState)
    xTaskIncrementTick                       0x08006a59   Thumb Code   192  tasks.o(i.xTaskIncrementTick)
    xTaskPriorityDisinherit                  0x08006b21   Thumb Code   144  tasks.o(i.xTaskPriorityDisinherit)
    xTaskRemoveFromEventList                 0x08006bb9   Thumb Code   108  tasks.o(i.xTaskRemoveFromEventList)
    xTaskResumeAll                           0x08006c2d   Thumb Code   182  tasks.o(i.xTaskResumeAll)
    AHBPrescTable                            0x08006d58   Data          16  system_stm32f4xx.o(.constdata)
    APBPrescTable                            0x08006d68   Data           8  system_stm32f4xx.o(.constdata)
    __ctype_table                            0x08006d70   Data         129  ctype_o.o(.constdata)
    Region$$Table$$Base                      0x08006e3c   Number         0  anon$$obj.o(Region$$Table)
    Region$$Table$$Limit                     0x08006e5c   Number         0  anon$$obj.o(Region$$Table)
    uwTick                                   0x20000000   Data           4  stm32f4xx_hal.o(.data)
    Ultrasonic_flags                         0x20000004   Data           1  main.o(.data)
    defaultTaskHandle                        0x20000008   Data           4  main.o(.data)
    motorControlHandle                       0x2000000c   Data           4  main.o(.data)
    UltrasonicTaskHandle                     0x20000010   Data           4  main.o(.data)
    Ultrasonic_ISR_BS                        0x20000014   Data           4  main.o(.data)
    motorQueue                               0x20000018   Data           4  main.o(.data)
    UltrasonicToPC                           0x2000001c   Data           4  main.o(.data)
    SystemCoreClock                          0x20000048   Data           4  system_stm32f4xx.o(.data)
    pxCurrentTCB                             0x2000004c   Data           4  tasks.o(.data)
    hashtable_seed                           0x200000cc   Data           4  hashtable_seed.o(.data)
    __microlib_freelist                      0x200000d4   Data           4  mvars.o(.data)
    __microlib_freelist_initialised          0x200000d8   Data           4  mvars.o(.data)
    htim1                                    0x200000dc   Data          60  main.o(.bss)
    htim2                                    0x20000118   Data          60  main.o(.bss)
    huart1                                   0x20000154   Data          64  main.o(.bss)
    huart2                                   0x20000194   Data          64  main.o(.bss)
    huart6                                   0x200001d4   Data          64  main.o(.bss)
    Ultrasonic_Queue                         0x20000214   Data          16  main.o(.bss)
    hdma_usart1_tx                           0x20000224   Data          96  main.o(.bss)
    hdma_usart1_rx                           0x20000284   Data          96  main.o(.bss)
    hdma_usart2_rx                           0x200002e4   Data          96  main.o(.bss)
    hdma_usart2_tx                           0x20000344   Data          96  main.o(.bss)
    htim11                                   0x200003a4   Data          60  stm32f4xx_hal_timebase_tim.o(.bss)
    __heap_base                              0x200044d0   Data           0  startup_stm32f401xe.o(HEAP)
    __heap_limit                             0x200046d0   Data           0  startup_stm32f401xe.o(HEAP)
    __initial_sp                             0x20004ad0   Data           0  startup_stm32f401xe.o(STACK)



==============================================================================

Memory Map of the image

  Image Entry point : 0x08000195

  Load Region LR_IROM1 (Base: 0x08000000, Size: 0x00006f38, Max: 0x00080000, ABSOLUTE)

    Execution Region ER_IROM1 (Base: 0x08000000, Size: 0x00006e5c, Max: 0x00080000, ABSOLUTE)

    Base Addr    Size         Type   Attr      Idx    E Section Name        Object

    0x08000000   0x00000194   Data   RO         2889    RESET               startup_stm32f401xe.o
    0x08000194   0x00000000   Code   RO         5028  * .ARM.Collect$$$$00000000  mc_w.l(entry.o)
    0x08000194   0x00000004   Code   RO         5377    .ARM.Collect$$$$00000001  mc_w.l(entry2.o)
    0x08000198   0x00000004   Code   RO         5380    .ARM.Collect$$$$00000004  mc_w.l(entry5.o)
    0x0800019c   0x00000000   Code   RO         5382    .ARM.Collect$$$$00000008  mc_w.l(entry7b.o)
    0x0800019c   0x00000000   Code   RO         5384    .ARM.Collect$$$$0000000A  mc_w.l(entry8b.o)
    0x0800019c   0x00000008   Code   RO         5385    .ARM.Collect$$$$0000000B  mc_w.l(entry9a.o)
    0x080001a4   0x00000000   Code   RO         5387    .ARM.Collect$$$$0000000D  mc_w.l(entry10a.o)
    0x080001a4   0x00000000   Code   RO         5389    .ARM.Collect$$$$0000000F  mc_w.l(entry11a.o)
    0x080001a4   0x00000004   Code   RO         5378    .ARM.Collect$$$$00002712  mc_w.l(entry2.o)
    0x080001a8   0x000000ba   Code   RO         3382    .emb_text           port.o
    0x08000262   0x00000002   PAD
    0x08000264   0x00000024   Code   RO         2890    .text               startup_stm32f401xe.o
    0x08000288   0x0000002c   Code   RO         5047    .text               mc_w.l(uidiv.o)
    0x080002b4   0x00000040   Code   RO         5053    .text               mc_w.l(memmovea.o)
    0x080002f4   0x0000000e   Code   RO         5059    .text               mc_w.l(strlen.o)
    0x08000302   0x0000001c   Code   RO         5061    .text               mc_w.l(strcmp.o)
    0x0800031e   0x00000014   Code   RO         5063    .text               mc_w.l(memchr.o)
    0x08000332   0x00000012   Code   RO         5067    .text               mc_w.l(strcpy.o)
    0x08000344   0x00000004   Code   RO         5371    .text               mc_w.l(strtoll.o)
    0x08000348   0x00000030   Code   RO         5375    .text               mf_w.l(cdcmple.o)
    0x08000378   0x00000062   Code   RO         5395    .text               mc_w.l(uldiv.o)
    0x080003da   0x00000002   PAD
    0x080003dc   0x0000009c   Code   RO         5399    .text               mc_w.l(strtod.o)
    0x08000478   0x00000090   Code   RO         5401    .text               mc_w.l(__strtoll.o)
    0x08000508   0x00000000   Code   RO         5403    .text               mc_w.l(iusefp.o)
    0x08000508   0x000000ba   Code   RO         5405    .text               mf_w.l(depilogue.o)
    0x080005c2   0x0000014e   Code   RO         5407    .text               mf_w.l(dadd.o)
    0x08000710   0x000000e4   Code   RO         5409    .text               mf_w.l(dmul.o)
    0x080007f4   0x000000de   Code   RO         5411    .text               mf_w.l(ddiv.o)
    0x080008d2   0x00000030   Code   RO         5413    .text               mf_w.l(dfixul.o)
    0x08000902   0x00000002   PAD
    0x08000904   0x00000030   Code   RO         5415    .text               mf_w.l(cdrcmple.o)
    0x08000934   0x00000024   Code   RO         5417    .text               mc_w.l(init.o)
    0x08000958   0x0000001e   Code   RO         5419    .text               mc_w.l(llshl.o)
    0x08000976   0x00000020   Code   RO         5421    .text               mc_w.l(llushr.o)
    0x08000996   0x00000024   Code   RO         5423    .text               mc_w.l(llsshr.o)
    0x080009ba   0x00000002   PAD
    0x080009bc   0x00000008   Code   RO         5427    .text               mc_w.l(ctype_o.o)
    0x080009c4   0x00000012   Code   RO         5449    .text               mc_w.l(isspace_o.o)
    0x080009d6   0x00000002   PAD
    0x080009d8   0x00000338   Code   RO         5455    .text               mc_w.l(scanf_fp.o)
    0x08000d10   0x00000040   Code   RO         5459    .text               mc_w.l(_sgetc.o)
    0x08000d50   0x000000c2   Code   RO         5461    .text               mc_w.l(_strtoull.o)
    0x08000e12   0x0000001c   Code   RO         5467    .text               mc_w.l(_chval.o)
    0x08000e2e   0x00000018   Code   RO         5469    .text               mf_w.l(dfltul.o)
    0x08000e46   0x00000038   Code   RO         5471    .text               mf_w.l(d2f.o)
    0x08000e7e   0x0000006e   Code   RO         5473    .text               mf_w.l(fepilogue.o)
    0x08000eec   0x00000002   Code   RO         2359    i.BusFault_Handler  stm32f4xx_it.o
    0x08000eee   0x00000002   PAD
    0x08000ef0   0x0000000c   Code   RO         2360    i.DMA1_Stream5_IRQHandler  stm32f4xx_it.o
    0x08000efc   0x0000000c   Code   RO         2361    i.DMA1_Stream6_IRQHandler  stm32f4xx_it.o
    0x08000f08   0x0000000c   Code   RO         2362    i.DMA2_Stream2_IRQHandler  stm32f4xx_it.o
    0x08000f14   0x0000000c   Code   RO         2363    i.DMA2_Stream7_IRQHandler  stm32f4xx_it.o
    0x08000f20   0x00000028   Code   RO         1418    i.DMA_CalcBaseAndBitshift  stm32f4xx_hal_dma.o
    0x08000f48   0x00000054   Code   RO         1419    i.DMA_CheckFifoParam  stm32f4xx_hal_dma.o
    0x08000f9c   0x00000028   Code   RO         1420    i.DMA_SetConfig     stm32f4xx_hal_dma.o
    0x08000fc4   0x00000002   Code   RO         2364    i.DebugMon_Handler  stm32f4xx_it.o
    0x08000fc6   0x00000018   Code   RO         2840    i.GeneratePackage   motor.o
    0x08000fde   0x00000024   Code   RO         1422    i.HAL_DMA_Abort_IT  stm32f4xx_hal_dma.o
    0x08001002   0x00000002   PAD
    0x08001004   0x000001a8   Code   RO         1426    i.HAL_DMA_IRQHandler  stm32f4xx_hal_dma.o
    0x080011ac   0x000000d4   Code   RO         1427    i.HAL_DMA_Init      stm32f4xx_hal_dma.o
    0x08001280   0x00000078   Code   RO         1431    i.HAL_DMA_Start_IT  stm32f4xx_hal_dma.o
    0x080012f8   0x00000188   Code   RO         1731    i.HAL_GPIO_Init     stm32f4xx_hal_gpio.o
    0x08001480   0x0000000a   Code   RO         1735    i.HAL_GPIO_WritePin  stm32f4xx_hal_gpio.o
    0x0800148a   0x00000002   PAD
    0x0800148c   0x0000000c   Code   RO          444    i.HAL_GetTick       stm32f4xx_hal.o
    0x08001498   0x00000010   Code   RO          446    i.HAL_IncTick       stm32f4xx_hal.o
    0x080014a8   0x00000034   Code   RO          447    i.HAL_Init          stm32f4xx_hal.o
    0x080014dc   0x00000074   Code   RO         2724    i.HAL_InitTick      stm32f4xx_hal_timebase_tim.o
    0x08001550   0x00000058   Code   RO         2528    i.HAL_MspInit       stm32f4xx_hal_msp.o
    0x080015a8   0x00000016   Code   RO            9    i.HAL_NVIC_EnableIRQ  stm32f4xx_hal_cortex.o
    0x080015be   0x00000002   PAD
    0x080015c0   0x00000040   Code   RO           15    i.HAL_NVIC_SetPriority  stm32f4xx_hal_cortex.o
    0x08001600   0x00000024   Code   RO           16    i.HAL_NVIC_SetPriorityGrouping  stm32f4xx_hal_cortex.o
    0x08001624   0x0000017c   Code   RO         1525    i.HAL_RCC_ClockConfig  stm32f4xx_hal_rcc.o
    0x080017a0   0x00000040   Code   RO         1529    i.HAL_RCC_GetClockConfig  stm32f4xx_hal_rcc.o
    0x080017e0   0x0000000c   Code   RO         1530    i.HAL_RCC_GetHCLKFreq  stm32f4xx_hal_rcc.o
    0x080017ec   0x00000030   Code   RO         1532    i.HAL_RCC_GetPCLK1Freq  stm32f4xx_hal_rcc.o
    0x0800181c   0x00000030   Code   RO         1533    i.HAL_RCC_GetPCLK2Freq  stm32f4xx_hal_rcc.o
    0x0800184c   0x00000074   Code   RO         1534    i.HAL_RCC_GetSysClockFreq  stm32f4xx_hal_rcc.o
    0x080018c0   0x00000314   Code   RO         1537    i.HAL_RCC_OscConfig  stm32f4xx_hal_rcc.o
    0x08001bd4   0x00000018   Code   RO           18    i.HAL_SYSTICK_CLKSourceConfig  stm32f4xx_hal_cortex.o
    0x08001bec   0x00000028   Code   RO           20    i.HAL_SYSTICK_Config  stm32f4xx_hal_cortex.o
    0x08001c14   0x00000002   Code   RO         1794    i.HAL_TIMEx_BreakCallback  stm32f4xx_hal_tim_ex.o
    0x08001c16   0x00000002   Code   RO         1795    i.HAL_TIMEx_CommutationCallback  stm32f4xx_hal_tim_ex.o
    0x08001c18   0x00000050   Code   RO         1811    i.HAL_TIMEx_MasterConfigSynchronization  stm32f4xx_hal_tim_ex.o
    0x08001c68   0x00000036   Code   RO          747    i.HAL_TIM_Base_Init  stm32f4xx_hal_tim.o
    0x08001c9e   0x00000002   Code   RO          749    i.HAL_TIM_Base_MspInit  stm32f4xx_hal_tim.o
    0x08001ca0   0x00000018   Code   RO          752    i.HAL_TIM_Base_Start_IT  stm32f4xx_hal_tim.o
    0x08001cb8   0x00000070   Code   RO         2595    i.HAL_TIM_IC_CaptureCallback  main.o
    0x08001d28   0x0000011e   Code   RO          777    i.HAL_TIM_IC_ConfigChannel  stm32f4xx_hal_tim.o
    0x08001e46   0x00000036   Code   RO          780    i.HAL_TIM_IC_Init   stm32f4xx_hal_tim.o
    0x08001e7c   0x0000005c   Code   RO         2530    i.HAL_TIM_IC_MspInit  stm32f4xx_hal_msp.o
    0x08001ed8   0x0000004c   Code   RO          785    i.HAL_TIM_IC_Start_IT  stm32f4xx_hal_tim.o
    0x08001f24   0x0000005e   Code   RO          788    i.HAL_TIM_IC_Stop_IT  stm32f4xx_hal_tim.o
    0x08001f82   0x00000166   Code   RO          789    i.HAL_TIM_IRQHandler  stm32f4xx_hal_tim.o
    0x080020e8   0x00000030   Code   RO         2531    i.HAL_TIM_MspPostInit  stm32f4xx_hal_msp.o
    0x08002118   0x00000002   Code   RO          792    i.HAL_TIM_OC_DelayElapsedCallback  stm32f4xx_hal_tim.o
    0x0800211a   0x000000d0   Code   RO          813    i.HAL_TIM_PWM_ConfigChannel  stm32f4xx_hal_tim.o
    0x080021ea   0x00000036   Code   RO          816    i.HAL_TIM_PWM_Init  stm32f4xx_hal_tim.o
    0x08002220   0x00000024   Code   RO         2533    i.HAL_TIM_PWM_MspInit  stm32f4xx_hal_msp.o
    0x08002244   0x00000002   Code   RO          819    i.HAL_TIM_PWM_PulseFinishedCallback  stm32f4xx_hal_tim.o
    0x08002246   0x00000002   PAD
    0x08002248   0x00000060   Code   RO          822    i.HAL_TIM_PWM_Start_IT  stm32f4xx_hal_tim.o
    0x080022a8   0x00000014   Code   RO         2596    i.HAL_TIM_PeriodElapsedCallback  main.o
    0x080022bc   0x00000002   Code   RO          830    i.HAL_TIM_TriggerCallback  stm32f4xx_hal_tim.o
    0x080022be   0x00000002   Code   RO         2054    i.HAL_UART_ErrorCallback  stm32f4xx_hal_uart.o
    0x080022c0   0x00000110   Code   RO         2057    i.HAL_UART_IRQHandler  stm32f4xx_hal_uart.o
    0x080023d0   0x00000062   Code   RO         2058    i.HAL_UART_Init     stm32f4xx_hal_uart.o
    0x08002432   0x00000002   PAD
    0x08002434   0x000001f0   Code   RO         2535    i.HAL_UART_MspInit  stm32f4xx_hal_msp.o
    0x08002624   0x00000098   Code   RO         2062    i.HAL_UART_Receive_DMA  stm32f4xx_hal_uart.o
    0x080026bc   0x00000010   Code   RO         2365    i.HAL_UART_RxCpltCallback  stm32f4xx_it.o
    0x080026cc   0x00000010   Code   RO         2366    i.HAL_UART_RxHalfCpltCallback  stm32f4xx_it.o
    0x080026dc   0x000000ba   Code   RO         2066    i.HAL_UART_Transmit  stm32f4xx_hal_uart.o
    0x08002796   0x00000002   PAD
    0x08002798   0x00000080   Code   RO         2067    i.HAL_UART_Transmit_DMA  stm32f4xx_hal_uart.o
    0x08002818   0x00000002   Code   RO         2069    i.HAL_UART_TxCpltCallback  stm32f4xx_hal_uart.o
    0x0800281a   0x00000002   Code   RO         2070    i.HAL_UART_TxHalfCpltCallback  stm32f4xx_hal_uart.o
    0x0800281c   0x00000002   Code   RO         2367    i.HardFault_Handler  stm32f4xx_it.o
    0x0800281e   0x00000002   PAD
    0x08002820   0x0000006c   Code   RO         2597    i.MX_DMA_Init       main.o
    0x0800288c   0x00000064   Code   RO         2598    i.MX_GPIO_Init      main.o
    0x080028f0   0x00000088   Code   RO         2599    i.MX_TIM1_Init      main.o
    0x08002978   0x00000074   Code   RO         2600    i.MX_TIM2_Init      main.o
    0x080029ec   0x00000002   Code   RO         2368    i.MemManage_Handler  stm32f4xx_it.o
    0x080029ee   0x00000002   PAD
    0x080029f0   0x00000050   Code   RO         2841    i.MoveMotor         motor.o
    0x08002a40   0x00000002   Code   RO         2369    i.NMI_Handler       stm32f4xx_it.o
    0x08002a42   0x00000020   Code   RO           22    i.NVIC_SetPriority  stm32f4xx_hal_cortex.o
    0x08002a62   0x00000008   Code   RO         2601    i.StartDefaultTask  main.o
    0x08002a6a   0x00000002   PAD
    0x08002a6c   0x0000005c   Code   RO         2602    i.StartMotorControl  main.o
    0x08002ac8   0x00000004   Code   RO         2370    i.SysTick_Handler   stm32f4xx_it.o
    0x08002acc   0x0000008c   Code   RO         2603    i.SystemClock_Config  main.o
    0x08002b58   0x00000054   Code   RO         2898    i.SystemInit        system_stm32f4xx.o
    0x08002bac   0x0000001c   Code   RO         2371    i.TIM1_TRG_COM_TIM11_IRQHandler  stm32f4xx_it.o
    0x08002bc8   0x00000090   Code   RO          831    i.TIM_Base_SetConfig  stm32f4xx_hal_tim.o
    0x08002c58   0x00000016   Code   RO          832    i.TIM_CCxChannelCmd  stm32f4xx_hal_tim.o
    0x08002c6e   0x00000002   PAD
    0x08002c70   0x00000050   Code   RO          840    i.TIM_OC1_SetConfig  stm32f4xx_hal_tim.o
    0x08002cc0   0x00000058   Code   RO          841    i.TIM_OC2_SetConfig  stm32f4xx_hal_tim.o
    0x08002d18   0x00000058   Code   RO          842    i.TIM_OC3_SetConfig  stm32f4xx_hal_tim.o
    0x08002d70   0x00000044   Code   RO          843    i.TIM_OC4_SetConfig  stm32f4xx_hal_tim.o
    0x08002db4   0x00000070   Code   RO          846    i.TIM_TI1_SetConfig  stm32f4xx_hal_tim.o
    0x08002e24   0x00000036   Code   RO          848    i.TIM_TI2_SetConfig  stm32f4xx_hal_tim.o
    0x08002e5a   0x00000010   Code   RO         2071    i.UART_DMAAbortOnError  stm32f4xx_hal_uart.o
    0x08002e6a   0x0000004a   Code   RO         2072    i.UART_DMAError     stm32f4xx_hal_uart.o
    0x08002eb4   0x0000003c   Code   RO         2073    i.UART_DMAReceiveCplt  stm32f4xx_hal_uart.o
    0x08002ef0   0x0000000a   Code   RO         2075    i.UART_DMARxHalfCplt  stm32f4xx_hal_uart.o
    0x08002efa   0x0000002e   Code   RO         2077    i.UART_DMATransmitCplt  stm32f4xx_hal_uart.o
    0x08002f28   0x0000000a   Code   RO         2079    i.UART_DMATxHalfCplt  stm32f4xx_hal_uart.o
    0x08002f32   0x0000001c   Code   RO         2081    i.UART_EndRxTransfer  stm32f4xx_hal_uart.o
    0x08002f4e   0x00000012   Code   RO         2082    i.UART_EndTxTransfer  stm32f4xx_hal_uart.o
    0x08002f60   0x0000008c   Code   RO         2083    i.UART_Receive_IT   stm32f4xx_hal_uart.o
    0x08002fec   0x000002ac   Code   RO         2084    i.UART_SetConfig    stm32f4xx_hal_uart.o
    0x08003298   0x00000062   Code   RO         2085    i.UART_Transmit_IT  stm32f4xx_hal_uart.o
    0x080032fa   0x00000064   Code   RO         2086    i.UART_WaitOnFlagUntilTimeout  stm32f4xx_hal_uart.o
    0x0800335e   0x00000002   PAD
    0x08003360   0x0000000c   Code   RO         2372    i.USART1_IRQHandler  stm32f4xx_it.o
    0x0800336c   0x0000000c   Code   RO         2373    i.USART2_IRQHandler  stm32f4xx_it.o
    0x08003378   0x0000000c   Code   RO         2374    i.USART6_IRQHandler  stm32f4xx_it.o
    0x08003384   0x0000000c   Code   RO         2764    i.Uart2CpltHandler  uartpccommreceiver.o
    0x08003390   0x0000000c   Code   RO         2765    i.Uart2HalfCpltHandler  uartpccommreceiver.o
    0x0800339c   0x00000108   Code   RO         2766    i.UartPcCommReceiverFunc  uartpccommreceiver.o
    0x080034a4   0x000001d8   Code   RO         2604    i.UltrasonicTaskFunction  main.o
    0x0800367c   0x00000002   Code   RO         2375    i.UsageFault_Handler  stm32f4xx_it.o
    0x0800367e   0x00000002   Code   RO         2605    i._Error_Handler    main.o
    0x08003680   0x00000030   Code   RO         5309    i.__0snprintf       mc_w.l(printfa.o)
    0x080036b0   0x0000002c   Code   RO         5313    i.__0vsnprintf      mc_w.l(printfa.o)
    0x080036dc   0x0000001a   Code   RO         4791    i.__ARM_common_switch8  jansson_CM3LE.lib(hashtable.o)
    0x080036f6   0x00000016   Code   RO         4562    i.__ARM_isinf       jansson_CM3LE.lib(value.o)
    0x0800370c   0x00000018   Code   RO         4567    i.__ARM_isnan       jansson_CM3LE.lib(value.o)
    0x08003724   0x00000008   Code   RO         5364    i.__aeabi_errno_addr  mc_w.l(errno.o)
    0x0800372c   0x0000000e   Code   RO         5477    i.__scatterload_copy  mc_w.l(handlers.o)
    0x0800373a   0x00000002   Code   RO         5478    i.__scatterload_null  mc_w.l(handlers.o)
    0x0800373c   0x0000000e   Code   RO         5479    i.__scatterload_zeroinit  mc_w.l(handlers.o)
    0x0800374a   0x00000002   PAD
    0x0800374c   0x00000184   Code   RO         5315    i._fp_digits        mc_w.l(printfa.o)
    0x080038d0   0x0000000e   Code   RO         5457    i._is_digit         mc_w.l(scanf_fp.o)
    0x080038de   0x00000002   PAD
    0x080038e0   0x000006dc   Code   RO         5316    i._printf_core      mc_w.l(printfa.o)
    0x08003fbc   0x00000024   Code   RO         5317    i._printf_post_padding  mc_w.l(printfa.o)
    0x08003fe0   0x0000002e   Code   RO         5318    i._printf_pre_padding  mc_w.l(printfa.o)
    0x0800400e   0x00000016   Code   RO         5319    i._snputc           mc_w.l(printfa.o)
    0x08004024   0x00000018   Code   RO         4216    i.array_copy        jansson_CM3LE.lib(value.o)
    0x0800403c   0x00000016   Code   RO         4666    i.bucket_is_empty   jansson_CM3LE.lib(hashtable.o)
    0x08004052   0x0000001a   Code   RO         4019    i.buffer_get        jansson_CM3LE.lib(load.o)
    0x0800406c   0x0000003c   Code   RO         2842    i.crc16             motor.o
    0x080040a8   0x0000004c   Code   RO         4021    i.decode_unicode_escape  jansson_CM3LE.lib(load.o)
    0x080040f4   0x000000c0   Code   RO         4022    i.error_set         jansson_CM3LE.lib(load.o)
    0x080041b4   0x00000050   Code   RO         5336    i.free              mc_w.l(malloc.o)
    0x08004204   0x00000064   Code   RO         2767    i.handleIncomingByte  uartpccommreceiver.o
    0x08004268   0x00000144   Code   RO         4667    i.hashlittle        jansson_CM3LE.lib(hashtable.o)
    0x080043ac   0x00000010   Code   RO         4669    i.hashtable_close   jansson_CM3LE.lib(hashtable.o)
    0x080043bc   0x00000022   Code   RO         4671    i.hashtable_do_clear  jansson_CM3LE.lib(hashtable.o)
    0x080043de   0x00000076   Code   RO         4673    i.hashtable_do_rehash  jansson_CM3LE.lib(hashtable.o)
    0x08004454   0x0000003c   Code   RO         4674    i.hashtable_find_pair  jansson_CM3LE.lib(hashtable.o)
    0x08004490   0x00000040   Code   RO         4675    i.hashtable_get     jansson_CM3LE.lib(hashtable.o)
    0x080044d0   0x00000048   Code   RO         4676    i.hashtable_init    jansson_CM3LE.lib(hashtable.o)
    0x08004518   0x000000ac   Code   RO         4684    i.hashtable_set     jansson_CM3LE.lib(hashtable.o)
    0x080045c4   0x0000002a   Code   RO         4685    i.insert_to_bucket  jansson_CM3LE.lib(hashtable.o)
    0x080045ee   0x00000036   Code   RO         4218    i.json_array        jansson_CM3LE.lib(value.o)
    0x08004624   0x00000048   Code   RO         4219    i.json_array_append_new  jansson_CM3LE.lib(value.o)
    0x0800466c   0x0000001c   Code   RO         4222    i.json_array_get    jansson_CM3LE.lib(value.o)
    0x08004688   0x0000004c   Code   RO         4223    i.json_array_grow   jansson_CM3LE.lib(value.o)
    0x080046d4   0x00000012   Code   RO         4227    i.json_array_size   jansson_CM3LE.lib(value.o)
    0x080046e6   0x00000018   Code   RO         4023    i.json_decref       jansson_CM3LE.lib(load.o)
    0x080046fe   0x00000018   Code   RO         4229    i.json_decref       jansson_CM3LE.lib(value.o)
    0x08004716   0x00000018   Code   RO         4686    i.json_decref       jansson_CM3LE.lib(hashtable.o)
    0x0800472e   0x00000054   Code   RO         4231    i.json_delete       jansson_CM3LE.lib(value.o)
    0x08004782   0x00000002   PAD
    0x08004784   0x00000008   Code   RO         4233    i.json_false        jansson_CM3LE.lib(value.o)
    0x0800478c   0x00000010   Code   RO         4024    i.json_incref       jansson_CM3LE.lib(load.o)
    0x0800479c   0x0000001c   Code   RO         4235    i.json_integer      jansson_CM3LE.lib(value.o)
    0x080047b8   0x00000018   Code   RO         4237    i.json_integer_value  jansson_CM3LE.lib(value.o)
    0x080047d0   0x00000078   Code   RO         4027    i.json_loadb        jansson_CM3LE.lib(load.o)
    0x08004848   0x00000008   Code   RO         4238    i.json_null         jansson_CM3LE.lib(value.o)
    0x08004850   0x0000004c   Code   RO         4240    i.json_object       jansson_CM3LE.lib(value.o)
    0x0800489c   0x0000001c   Code   RO         4245    i.json_object_get   jansson_CM3LE.lib(value.o)
    0x080048b8   0x00000028   Code   RO         5004    i.json_object_seed  jansson_CM3LE.lib(hashtable_seed.o)
    0x080048e0   0x00000040   Code   RO         4254    i.json_object_set_new_nocheck  jansson_CM3LE.lib(value.o)
    0x08004920   0x00000034   Code   RO         4260    i.json_real         jansson_CM3LE.lib(value.o)
    0x08004954   0x00000012   Code   RO         4271    i.json_string_value  jansson_CM3LE.lib(value.o)
    0x08004966   0x00000002   PAD
    0x08004968   0x00000008   Code   RO         4274    i.json_true         jansson_CM3LE.lib(value.o)
    0x08004970   0x00000022   Code   RO         4611    i.jsonp_error_init  jansson_CM3LE.lib(error.o)
    0x08004992   0x00000010   Code   RO         4612    i.jsonp_error_set   jansson_CM3LE.lib(error.o)
    0x080049a2   0x00000002   PAD
    0x080049a4   0x0000003c   Code   RO         4613    i.jsonp_error_set_source  jansson_CM3LE.lib(error.o)
    0x080049e0   0x0000002c   Code   RO         4614    i.jsonp_error_vset  jansson_CM3LE.lib(error.o)
    0x08004a0c   0x00000010   Code   RO         4826    i.jsonp_free        jansson_CM3LE.lib(memory.o)
    0x08004a1c   0x00000010   Code   RO         4827    i.jsonp_malloc      jansson_CM3LE.lib(memory.o)
    0x08004a2c   0x0000000a   Code   RO         4275    i.jsonp_stringn_nocheck_own  jansson_CM3LE.lib(value.o)
    0x08004a36   0x00000024   Code   RO         4829    i.jsonp_strndup     jansson_CM3LE.lib(memory.o)
    0x08004a5a   0x00000002   PAD
    0x08004a5c   0x00000064   Code   RO         4932    i.jsonp_strtod      jansson_CM3LE.lib(strconv.o)
    0x08004ac0   0x0000001c   Code   RO         4030    i.lex_close         jansson_CM3LE.lib(load.o)
    0x08004adc   0x00000012   Code   RO         4031    i.lex_free_string   jansson_CM3LE.lib(load.o)
    0x08004aee   0x00000008   Code   RO         4032    i.lex_get           jansson_CM3LE.lib(load.o)
    0x08004af6   0x0000001e   Code   RO         4033    i.lex_get_save      jansson_CM3LE.lib(load.o)
    0x08004b14   0x00000030   Code   RO         4034    i.lex_init          jansson_CM3LE.lib(load.o)
    0x08004b44   0x0000000c   Code   RO         4035    i.lex_save          jansson_CM3LE.lib(load.o)
    0x08004b50   0x00000138   Code   RO         4036    i.lex_scan          jansson_CM3LE.lib(load.o)
    0x08004c88   0x0000018c   Code   RO         4037    i.lex_scan_number   jansson_CM3LE.lib(load.o)
    0x08004e14   0x00000288   Code   RO         4038    i.lex_scan_string   jansson_CM3LE.lib(load.o)
    0x0800509c   0x00000026   Code   RO         4039    i.lex_unget_unsave  jansson_CM3LE.lib(load.o)
    0x080050c2   0x0000000e   Code   RO         4687    i.list_insert       jansson_CM3LE.lib(hashtable.o)
    0x080050d0   0x0000010c   Code   RO         2606    i.main              main.o
    0x080051dc   0x0000000c   Code   RO         3463    i.makeFreeRtosPriority  cmsis_os.o
    0x080051e8   0x0000006c   Code   RO         5337    i.malloc            mc_w.l(malloc.o)
    0x08005254   0x0000000e   Code   RO         3465    i.osDelay           cmsis_os.o
    0x08005262   0x0000000a   Code   RO         3468    i.osKernelStart     cmsis_os.o
    0x0800526c   0x00000014   Code   RO         3501    i.osSystickHandler  cmsis_os.o
    0x08005280   0x0000002e   Code   RO         3502    i.osThreadCreate    cmsis_os.o
    0x080052ae   0x00000002   PAD
    0x080052b0   0x00000094   Code   RO         4040    i.parse_array       jansson_CM3LE.lib(load.o)
    0x08005344   0x00000094   Code   RO         4041    i.parse_json        jansson_CM3LE.lib(load.o)
    0x080053d8   0x00000180   Code   RO         4042    i.parse_object      jansson_CM3LE.lib(load.o)
    0x08005558   0x00000140   Code   RO         4043    i.parse_value       jansson_CM3LE.lib(load.o)
    0x08005698   0x00000084   Code   RO         2768    i.processMotorsRequest  uartpccommreceiver.o
    0x0800571c   0x00000070   Code   RO         2933    i.prvAddCurrentTaskToDelayedList  tasks.o
    0x0800578c   0x000000d0   Code   RO         2934    i.prvAddNewTaskToReadyList  tasks.o
    0x0800585c   0x00000050   Code   RO         2935    i.prvCheckTasksWaitingTermination  tasks.o
    0x080058ac   0x00000026   Code   RO         3237    i.prvCopyDataFromQueue  queue.o
    0x080058d2   0x0000006c   Code   RO         3238    i.prvCopyDataToQueue  queue.o
    0x0800593e   0x00000014   Code   RO         2936    i.prvDeleteTCB      tasks.o
    0x08005952   0x00000002   PAD
    0x08005954   0x0000004c   Code   RO         3836    i.prvHeapInit       heap_4.o
    0x080059a0   0x00000028   Code   RO         2937    i.prvIdleTask       tasks.o
    0x080059c8   0x0000008e   Code   RO         2938    i.prvInitialiseNewTask  tasks.o
    0x08005a56   0x00000002   PAD
    0x08005a58   0x0000004c   Code   RO         3837    i.prvInsertBlockIntoFreeList  heap_4.o
    0x08005aa4   0x0000001c   Code   RO         3239    i.prvIsQueueEmpty   queue.o
    0x08005ac0   0x00000020   Code   RO         2939    i.prvResetNextTaskUnblockTime  tasks.o
    0x08005ae0   0x00000028   Code   RO         3383    i.prvTaskExitError  port.o
    0x08005b08   0x0000006a   Code   RO         3240    i.prvUnlockQueue    queue.o
    0x08005b72   0x00000002   PAD
    0x08005b74   0x000000d8   Code   RO         3838    i.pvPortMalloc      heap_4.o
    0x08005c4c   0x00000018   Code   RO         2941    i.pvTaskIncrementMutexHeldCount  tasks.o
    0x08005c64   0x0000002c   Code   RO         3384    i.pxPortInitialiseStack  port.o
    0x08005c90   0x00000004   Code   RO         4007    i.seed_from_timestamp_and_pid  jansson_config.o
    0x08005c94   0x0000000c   Code   RO         4872    i.strbuffer_append_byte  jansson_CM3LE.lib(strbuffer.o)
    0x08005ca0   0x00000070   Code   RO         4873    i.strbuffer_append_bytes  jansson_CM3LE.lib(strbuffer.o)
    0x08005d10   0x0000000a   Code   RO         4874    i.strbuffer_clear   jansson_CM3LE.lib(strbuffer.o)
    0x08005d1a   0x00000018   Code   RO         4875    i.strbuffer_close   jansson_CM3LE.lib(strbuffer.o)
    0x08005d32   0x00000022   Code   RO         4876    i.strbuffer_init    jansson_CM3LE.lib(strbuffer.o)
    0x08005d54   0x00000018   Code   RO         4877    i.strbuffer_pop     jansson_CM3LE.lib(strbuffer.o)
    0x08005d6c   0x00000004   Code   RO         4879    i.strbuffer_value   jansson_CM3LE.lib(strbuffer.o)
    0x08005d70   0x000000e4   Code   RO         4044    i.stream_get        jansson_CM3LE.lib(load.o)
    0x08005e54   0x0000004a   Code   RO         4045    i.stream_unget      jansson_CM3LE.lib(load.o)
    0x08005e9e   0x0000003e   Code   RO         4276    i.string_create     jansson_CM3LE.lib(value.o)
    0x08005edc   0x00000004   PAD
    0x08005ee0   0x00000030   Code   RO         5024    i.strtod            m_wm.l(strtod.o)
    0x08005f10   0x0000003c   Code   RO         4968    i.utf8_check_first  jansson_CM3LE.lib(utf.o)
    0x08005f4c   0x00000088   Code   RO         4969    i.utf8_check_full   jansson_CM3LE.lib(utf.o)
    0x08005fd4   0x0000007c   Code   RO         4971    i.utf8_encode       jansson_CM3LE.lib(utf.o)
    0x08006050   0x00000024   Code   RO         3897    i.uxListRemove      list.o
    0x08006074   0x00000016   Code   RO         3898    i.vListInitialise   list.o
    0x0800608a   0x00000006   Code   RO         3899    i.vListInitialiseItem  list.o
    0x08006090   0x00000030   Code   RO         3900    i.vListInsert       list.o
    0x080060c0   0x00000018   Code   RO         3901    i.vListInsertEnd    list.o
    0x080060d8   0x00000040   Code   RO         3386    i.vPortEnterCritical  port.o
    0x08006118   0x00000028   Code   RO         3387    i.vPortExitCritical  port.o
    0x08006140   0x0000005c   Code   RO         3839    i.vPortFree         heap_4.o
    0x0800619c   0x00000020   Code   RO         3388    i.vPortSetupTimerInterrupt  port.o
    0x080061bc   0x00000054   Code   RO         3389    i.vPortValidateInterruptPriority  port.o
    0x08006210   0x0000004c   Code   RO         2947    i.vTaskDelay        tasks.o
    0x0800625c   0x0000000c   Code   RO         2950    i.vTaskMissedYield  tasks.o
    0x08006268   0x00000030   Code   RO         2952    i.vTaskPlaceOnEventList  tasks.o
    0x08006298   0x00000084   Code   RO         2954    i.vTaskPriorityInherit  tasks.o
    0x0800631c   0x00000024   Code   RO         2957    i.vTaskSetTimeOutState  tasks.o
    0x08006340   0x00000068   Code   RO         2958    i.vTaskStartScheduler  tasks.o
    0x080063a8   0x00000010   Code   RO         2960    i.vTaskSuspendAll   tasks.o
    0x080063b8   0x0000005c   Code   RO         2961    i.vTaskSwitchContext  tasks.o
    0x08006414   0x000000e0   Code   RO         3390    i.xPortStartScheduler  port.o
    0x080064f4   0x0000002c   Code   RO         3391    i.xPortSysTickHandler  port.o
    0x08006520   0x00000048   Code   RO         3248    i.xQueueGenericCreate  queue.o
    0x08006568   0x0000016c   Code   RO         3249    i.xQueueGenericReceive  queue.o
    0x080066d4   0x00000088   Code   RO         3250    i.xQueueGenericReset  queue.o
    0x0800675c   0x00000160   Code   RO         3251    i.xQueueGenericSend  queue.o
    0x080068bc   0x000000bc   Code   RO         3252    i.xQueueGenericSendFromISR  queue.o
    0x08006978   0x0000006c   Code   RO         2962    i.xTaskCheckForTimeOut  tasks.o
    0x080069e4   0x00000056   Code   RO         2963    i.xTaskCreate       tasks.o
    0x08006a3a   0x00000002   PAD
    0x08006a3c   0x0000001c   Code   RO         2967    i.xTaskGetSchedulerState  tasks.o
    0x08006a58   0x000000c8   Code   RO         2970    i.xTaskIncrementTick  tasks.o
    0x08006b20   0x00000098   Code   RO         2973    i.xTaskPriorityDisinherit  tasks.o
    0x08006bb8   0x00000074   Code   RO         2974    i.xTaskRemoveFromEventList  tasks.o
    0x08006c2c   0x000000c4   Code   RO         2976    i.xTaskResumeAll    tasks.o
    0x08006cf0   0x00000008   Data   RO         1433    .constdata          stm32f4xx_hal_dma.o
    0x08006cf8   0x00000050   Data   RO         2612    .constdata          main.o
    0x08006d48   0x00000010   Data   RO         2770    .constdata          uartpccommreceiver.o
    0x08006d58   0x00000010   Data   RO         2899    .constdata          system_stm32f4xx.o
    0x08006d68   0x00000008   Data   RO         2900    .constdata          system_stm32f4xx.o
    0x08006d70   0x00000081   Data   RO         5428    .constdata          mc_w.l(ctype_o.o)
    0x08006df1   0x00000003   PAD
    0x08006df4   0x00000004   Data   RO         5429    .constdata          mc_w.l(ctype_o.o)
    0x08006df8   0x00000033   Data   RO         2613    .conststring        main.o
    0x08006e2b   0x00000001   PAD
    0x08006e2c   0x0000000e   Data   RO         2771    .conststring        uartpccommreceiver.o
    0x08006e3a   0x00000002   PAD
    0x08006e3c   0x00000020   Data   RO         5475    Region$$Table       anon$$obj.o


    Execution Region RW_IRAM1 (Base: 0x20000000, Size: 0x00004ad0, Max: 0x00018000, ABSOLUTE)

    Base Addr    Size         Type   Attr      Idx    E Section Name        Object

    0x20000000   0x00000004   Data   RW          453    .data               stm32f4xx_hal.o
    0x20000004   0x0000001c   Data   RW         2616    .data               main.o
    0x20000020   0x00000028   Data   RW         2772    .data               uartpccommreceiver.o
    0x20000048   0x00000004   Data   RW         2901    .data               system_stm32f4xx.o
    0x2000004c   0x0000003c   Data   RW         2979    .data               tasks.o
    0x20000088   0x0000000c   Data   RW         3392    .data               port.o
    0x20000094   0x00000018   Data   RW         3844    .data               heap_4.o
    0x200000ac   0x00000018   Data   RW         4277    .data               jansson_CM3LE.lib(value.o)
    0x200000c4   0x00000008   Data   RW         4830    .data               jansson_CM3LE.lib(memory.o)
    0x200000cc   0x00000004   Data   RW         5005    .data               jansson_CM3LE.lib(hashtable_seed.o)
    0x200000d0   0x00000004   Data   RW         5367    .data               mc_w.l(errno.o)
    0x200000d4   0x00000004   Data   RW         5397    .data               mc_w.l(mvars.o)
    0x200000d8   0x00000004   Data   RW         5398    .data               mc_w.l(mvars.o)
    0x200000dc   0x00000148   Zero   RW         2607    .bss                main.o
    0x20000224   0x00000060   Zero   RW         2608    .bss                main.o
    0x20000284   0x00000060   Zero   RW         2609    .bss                main.o
    0x200002e4   0x00000060   Zero   RW         2610    .bss                main.o
    0x20000344   0x00000060   Zero   RW         2611    .bss                main.o
    0x200003a4   0x0000003c   Zero   RW         2727    .bss                stm32f4xx_hal_timebase_tim.o
    0x200003e0   0x00000400   Zero   RW         2769    .bss                uartpccommreceiver.o
    0x200007e0   0x000000f0   Zero   RW         2978    .bss                tasks.o
    0x200008d0   0x00003c00   Zero   RW         3843    .bss                heap_4.o
    0x200044d0   0x00000200   Zero   RW         2888    HEAP                startup_stm32f401xe.o
    0x200046d0   0x00000400   Zero   RW         2887    STACK               startup_stm32f401xe.o


==============================================================================

Image component sizes


      Code (inc. data)   RO Data    RW Data    ZI Data      Debug   Object Name

       102          0          0          0          0      13408   cmsis_os.o
         0          0          0          0          0        532   freertos.o
       460         24          0         24      15360       7407   heap_4.o
         4          0          0          0          0        890   jansson_config.o
       136          0          0          0          0       3606   list.o
      1574        128        131         28        712      14216   main.o
       164          6          0          0          0       2561   motor.o
       758         84          0         12          0      12009   port.o
      1392         14          0          0          0      12445   queue.o
        36          8        404          0       1536        808   startup_stm32f401xe.o
        80         16          0          4          0       3248   stm32f4xx_hal.o
       218         14          0          0          0     435689   stm32f4xx_hal_cortex.o
       956         22          8          0          0       6562   stm32f4xx_hal_dma.o
       402         34          0          0          0       2432   stm32f4xx_hal_gpio.o
       760        106          0          0          0       4024   stm32f4xx_hal_msp.o
      1456         90          0          0          0       6401   stm32f4xx_hal_rcc.o
      1968         74          0          0          0      17503   stm32f4xx_hal_tim.o
        84          0          0          0          0       2454   stm32f4xx_hal_tim_ex.o
       116         18          0          0         60       1473   stm32f4xx_hal_timebase_tim.o
      2126         42          0          0          0      15034   stm32f4xx_hal_uart.o
       160         60          0          0          0      26127   stm32f4xx_it.o
        84         18         24          4          0       1183   system_stm32f4xx.o
      2060        172          0         60        240      32197   tasks.o
       520         44         30         40       1024       8279   uartpccommreceiver.o

    ----------------------------------------------------------------------
     15652        974        632        172      18932     630488   Object Totals
         0          0         32          0          0          0   (incl. Generated)
        36          0          3          0          0          0   (incl. Padding)

    ----------------------------------------------------------------------

      Code (inc. data)   RO Data    RW Data    ZI Data      Debug   Library Member Name

       154          4          0          0          0       6477   error.o
       988         32          0          0          0      15308   hashtable.o
        40          6          0          4          0       1280   hashtable_seed.o
      3294        680          0          0          0      24785   load.o
        68          8          0          8          0       5614   memory.o
       220          4          0          0          0       4432   strbuffer.o
       100         10          0          0          0       1151   strconv.o
       320         14          0          0          0       2507   utf.o
       812         32          0         24          0      21506   value.o
        48         14          0          0          0        128   strtod.o
       144          0          0          0          0         88   __strtoll.o
        28          0          0          0          0         68   _chval.o
        64          0          0          0          0         84   _sgetc.o
       194          0          0          0          0         96   _strtoull.o
         8          4        133          0          0         68   ctype_o.o
         0          0          0          0          0          0   entry.o
         0          0          0          0          0          0   entry10a.o
         0          0          0          0          0          0   entry11a.o
         8          4          0          0          0          0   entry2.o
         4          0          0          0          0          0   entry5.o
         0          0          0          0          0          0   entry7b.o
         0          0          0          0          0          0   entry8b.o
         8          4          0          0          0          0   entry9a.o
         8          4          0          4          0         68   errno.o
        30          0          0          0          0          0   handlers.o
        36          8          0          0          0         68   init.o
        18          0          0          0          0         76   isspace_o.o
         0          0          0          0          0          0   iusefp.o
        30          0          0          0          0         68   llshl.o
        36          0          0          0          0         68   llsshr.o
        32          0          0          0          0         68   llushr.o
       188         20          0          0          0        160   malloc.o
        20          0          0          0          0         68   memchr.o
        64          0          0          0          0         76   memmovea.o
         0          0          0          8          0          0   mvars.o
      2340         88          0          0          0        600   printfa.o
       838         12          0          0          0        216   scanf_fp.o
        28          0          0          0          0         76   strcmp.o
        18          0          0          0          0         68   strcpy.o
        14          0          0          0          0         68   strlen.o
       156         12          0          0          0        120   strtod.o
         4          0          0          0          0         68   strtoll.o
        44          0          0          0          0         80   uidiv.o
        98          0          0          0          0         92   uldiv.o
        48          0          0          0          0         68   cdcmple.o
        48          0          0          0          0         68   cdrcmple.o
        56          0          0          0          0         88   d2f.o
       334          0          0          0          0        148   dadd.o
       222          0          0          0          0        100   ddiv.o
       186          0          0          0          0        176   depilogue.o
        48          0          0          0          0         68   dfixul.o
        24          0          0          0          0         76   dfltul.o
       228          0          0          0          0         96   dmul.o
       110          0          0          0          0        168   fepilogue.o

    ----------------------------------------------------------------------
     11832        960        136         48          0      86756   Library Totals
        24          0          3          0          0          0   (incl. Padding)

    ----------------------------------------------------------------------

      Code (inc. data)   RO Data    RW Data    ZI Data      Debug   Library Name

      5996        790          0         36          0      83060   jansson_CM3LE.lib
        48         14          0          0          0        128   m_wm.l
      4460        156        133         12          0       2512   mc_w.l
      1304          0          0          0          0       1056   mf_w.l

    ----------------------------------------------------------------------
     11832        960        136         48          0      86756   Library Totals

    ----------------------------------------------------------------------

==============================================================================


      Code (inc. data)   RO Data    RW Data    ZI Data      Debug   

     27484       1934        768        220      18932     696100   Grand Totals
     27484       1934        768        220      18932     696100   ELF Image Totals
     27484       1934        768        220          0          0   ROM Totals

==============================================================================

    Total RO  Size (Code + RO Data)                28252 (  27.59kB)
    Total RW  Size (RW Data + ZI Data)             19152 (  18.70kB)
    Total ROM Size (Code + RO Data + RW Data)      28472 (  27.80kB)

==============================================================================

